#
# There is insufficient memory for the Java Runtime Environment to continue.
# Native memory allocation (mmap) failed to map 437256192 bytes. Error detail: G1 virtual space
# Possible reasons:
#   The system is out of physical RAM or swap space
#   This process is running with CompressedOops enabled, and the Java Heap may be blocking the growth of the native heap
# Possible solutions:
#   Reduce memory load on the system
#   Increase physical memory or swap space
#   Check if swap backing store is full
#   Decrease Java heap size (-Xmx/-Xms)
#   Decrease number of Java threads
#   Decrease Java thread stack sizes (-Xss)
#   Set larger code cache with -XX:ReservedCodeCacheSize=
#   JVM is running with Unscaled Compressed Oops mode in which the Java heap is
#     placed in the first 4GB address space. The Java Heap base address is the
#     maximum limit for the native heap growth. Please use -XX:HeapBaseMinAddress
#     to set the Java Heap base and to place the Java Heap above 4GB virtual address.
# This output file may be truncated or incomplete.
#
#  Out of Memory Error (os_windows.cpp:3690), pid=16260, tid=13072
#
# JRE version: OpenJDK Runtime Environment Microsoft-13877129 (17.0.19+10) (build 17.0.19+10-LTS)
# Java VM: OpenJDK 64-Bit Server VM Microsoft-13877129 (17.0.19+10-LTS, mixed mode, sharing, tiered, compressed oops, compressed class ptrs, g1 gc, windows-amd64)
# No core dump will be written. Minidumps are not enabled by default on client versions of Windows
#

---------------  S U M M A R Y ------------

Command Line: --add-opens=java.base/java.lang=ALL-UNNAMED --add-opens=java.base/java.lang.invoke=ALL-UNNAMED --add-opens=java.base/java.util=ALL-UNNAMED --add-opens=java.prefs/java.util.prefs=ALL-UNNAMED --add-exports=jdk.compiler/com.sun.tools.javac.api=ALL-UNNAMED --add-exports=jdk.compiler/com.sun.tools.javac.util=ALL-UNNAMED --add-opens=java.base/java.util=ALL-UNNAMED --add-opens=java.prefs/java.util.prefs=ALL-UNNAMED --add-opens=java.base/java.nio.charset=ALL-UNNAMED --add-opens=java.base/java.net=ALL-UNNAMED --add-opens=java.base/java.util.concurrent=ALL-UNNAMED --add-opens=java.base/java.util.concurrent.atomic=ALL-UNNAMED --add-opens=java.xml/javax.xml.namespace=ALL-UNNAMED --add-opens=java.base/java.time=ALL-UNNAMED -XX:MaxMetaspaceSize=512m -Xmx2048m -Dfile.encoding=UTF-8 -Duser.country=US -Duser.language=en -Duser.variant -javaagent:C:\Users\hp\.gradle\wrapper\dists\gradle-9.4.1-bin\arn2x92ynaizyzdaamcbpbhtj\gradle-9.4.1\lib\agents\gradle-instrumentation-agent-9.4.1.jar org.gradle.launcher.daemon.bootstrap.GradleDaemon 9.4.1

Host: Intel(R) Core(TM) i5-8265U CPU @ 1.60GHz, 8 cores, 3G,  Windows 10 , 64 bit Build 19041 (10.0.19041.5915)
Time: Sat Aug  1 02:30:12 2026 Arabic Standard Time elapsed time: 88.002555 seconds (0d 0h 1m 28s)

---------------  T H R E A D  ---------------

Current thread (0x0000024f3ef6a580):  VMThread "VM Thread" [stack: 0x0000008dec900000,0x0000008deca00000] [id=13072]

Stack: [0x0000008dec900000,0x0000008deca00000]
Native frames: (J=compiled Java code, j=interpreted, Vv=VM code, C=native code)
V  [jvm.dll+0x68cc89]  (no source info available)
V  [jvm.dll+0x845d89]  (no source info available)
V  [jvm.dll+0x847af8]  (no source info available)
V  [jvm.dll+0x848183]  (no source info available)
V  [jvm.dll+0x24d0bf]  (no source info available)
V  [jvm.dll+0x68c089]  (no source info available)
V  [jvm.dll+0x68064a]  (no source info available)
V  [jvm.dll+0x3102f0]  (no source info available)
V  [jvm.dll+0x310192]  (no source info available)
V  [jvm.dll+0x317709]  (no source info available)
V  [jvm.dll+0x369b09]  (no source info available)
V  [jvm.dll+0x369d3d]  (no source info available)
V  [jvm.dll+0x2e6afa]  (no source info available)
V  [jvm.dll+0x2e4ef1]  (no source info available)
V  [jvm.dll+0x2e468c]  (no source info available)
V  [jvm.dll+0x32903b]  (no source info available)
V  [jvm.dll+0x84ca0d]  (no source info available)
V  [jvm.dll+0x84d723]  (no source info available)
V  [jvm.dll+0x84dc54]  (no source info available)
V  [jvm.dll+0x84e038]  (no source info available)
V  [jvm.dll+0x84e12e]  (no source info available)
V  [jvm.dll+0x7f62cc]  (no source info available)
V  [jvm.dll+0x68e227]  (no source info available)
C  [ucrtbase.dll+0x21bb2]  (no source info available)
C  [KERNEL32.DLL+0x17374]  (no source info available)
C  [ntdll.dll+0x4cc91]  (no source info available)

VM_Operation (0x0000008ded1fe090): G1CollectForAllocation, mode: safepoint, requested by thread 0x0000024f3ef8fc40


---------------  P R O C E S S  ---------------

Threads class SMR info:
_java_thread_list=0x0000024f637cec80, length=53, elements={
0x0000024f20abe860, 0x0000024f3ef6db30, 0x0000024f3ef708d0, 0x0000024f3ef87870,
0x0000024f3ef8a410, 0x0000024f3ef8bcf0, 0x0000024f3ef8c5c0, 0x0000024f3ef8f280,
0x0000024f3ef8fc40, 0x0000024f3ef99a80, 0x0000024f3f0b9f40, 0x0000024f3f21b380,
0x0000024f5ff7df30, 0x0000024f5f244410, 0x0000024f5ffce1e0, 0x0000024f3f44fb20,
0x0000024f5f3c3730, 0x0000024f3f1c6c10, 0x0000024f605a5aa0, 0x0000024f605a5fb0,
0x0000024f605a64c0, 0x0000024f605a73f0, 0x0000024f605a7e10, 0x0000024f605a7900,
0x0000024f605a69d0, 0x0000024f605a8320, 0x0000024f605a8830, 0x0000024f605a5080,
0x0000024f605a5590, 0x0000024f605a6ee0, 0x0000024f61a34b60, 0x0000024f61a3b5b0,
0x0000024f61a3a170, 0x0000024f61a39750, 0x0000024f61a35fa0, 0x0000024f61a3ab90,
0x0000024f61a3b0a0, 0x0000024f61a3bfd0, 0x0000024f61a39c60, 0x0000024f61a3c4e0,
0x0000024f61a378f0, 0x0000024f61a3a680, 0x0000024f61a39240, 0x0000024f61a36ed0,
0x0000024f61a35070, 0x0000024f61a35580, 0x0000024f61a35a90, 0x0000024f61a364b0,
0x0000024f61a373e0, 0x0000024f61a37e00, 0x0000024f62ace5b0, 0x0000024f62ad4af0,
0x0000024f62ad2780
}

Java Threads: ( => current thread )
  0x0000024f20abe860 JavaThread "main" [_thread_blocked, id=12792, stack(0x0000008dec300000,0x0000008dec400000)]
  0x0000024f3ef6db30 JavaThread "Reference Handler" daemon [_thread_blocked, id=16968, stack(0x0000008deca00000,0x0000008decb00000)]
  0x0000024f3ef708d0 JavaThread "Finalizer" daemon [_thread_blocked, id=12256, stack(0x0000008decb00000,0x0000008decc00000)]
  0x0000024f3ef87870 JavaThread "Signal Dispatcher" daemon [_thread_blocked, id=15680, stack(0x0000008decc00000,0x0000008decd00000)]
  0x0000024f3ef8a410 JavaThread "Attach Listener" daemon [_thread_blocked, id=17884, stack(0x0000008decd00000,0x0000008dece00000)]
  0x0000024f3ef8bcf0 JavaThread "Service Thread" daemon [_thread_blocked, id=12940, stack(0x0000008dece00000,0x0000008decf00000)]
  0x0000024f3ef8c5c0 JavaThread "Monitor Deflation Thread" daemon [_thread_blocked, id=2144, stack(0x0000008decf00000,0x0000008ded000000)]
  0x0000024f3ef8f280 JavaThread "C2 CompilerThread0" daemon [_thread_blocked, id=13308, stack(0x0000008ded000000,0x0000008ded100000)]
  0x0000024f3ef8fc40 JavaThread "C1 CompilerThread0" daemon [_thread_blocked, id=7704, stack(0x0000008ded100000,0x0000008ded200000)]
  0x0000024f3ef99a80 JavaThread "Sweeper thread" daemon [_thread_blocked, id=15424, stack(0x0000008ded200000,0x0000008ded300000)]
  0x0000024f3f0b9f40 JavaThread "Common-Cleaner" daemon [_thread_blocked, id=6256, stack(0x0000008ded300000,0x0000008ded400000)]
  0x0000024f3f21b380 JavaThread "Notification Thread" daemon [_thread_blocked, id=17856, stack(0x0000008ded400000,0x0000008ded500000)]
  0x0000024f5ff7df30 JavaThread "Daemon health stats" [_thread_blocked, id=14660, stack(0x0000008deda00000,0x0000008dedb00000)]
  0x0000024f5f244410 JavaThread "Incoming local TCP Connector on port 53059" [_thread_in_native, id=10116, stack(0x0000008dedb00000,0x0000008dedc00000)]
  0x0000024f5ffce1e0 JavaThread "Daemon periodic checks" [_thread_blocked, id=18296, stack(0x0000008dedc00000,0x0000008dedd00000)]
  0x0000024f3f44fb20 JavaThread "Daemon" [_thread_blocked, id=4576, stack(0x0000008dee000000,0x0000008dee100000)]
  0x0000024f5f3c3730 JavaThread "Handler for socket connection from /127.0.0.1:53059 to /127.0.0.1:53060" [_thread_in_native, id=5112, stack(0x0000008dee100000,0x0000008dee200000)]
  0x0000024f3f1c6c10 JavaThread "Cancel handler" [_thread_blocked, id=17132, stack(0x0000008dee200000,0x0000008dee300000)]
  0x0000024f605a5aa0 JavaThread "Daemon worker" [_thread_blocked, id=17708, stack(0x0000008dee300000,0x0000008dee400000)]
  0x0000024f605a5fb0 JavaThread "Asynchronous log dispatcher for DefaultDaemonConnection: socket connection from /127.0.0.1:53059 to /127.0.0.1:53060" [_thread_blocked, id=18216, stack(0x0000008dee400000,0x0000008dee500000)]
  0x0000024f605a64c0 JavaThread "Stdin handler" [_thread_blocked, id=16280, stack(0x0000008dee500000,0x0000008dee600000)]
  0x0000024f605a73f0 JavaThread "Daemon client event forwarder" [_thread_blocked, id=10392, stack(0x0000008dee600000,0x0000008dee700000)]
  0x0000024f605a7e10 JavaThread "Cache worker for journal cache (C:\Users\hp\.gradle\caches\journal-1)" [_thread_blocked, id=14816, stack(0x0000008dee700000,0x0000008dee800000)]
  0x0000024f605a7900 JavaThread "File lock request listener" [_thread_in_native, id=10564, stack(0x0000008dee800000,0x0000008dee900000)]
  0x0000024f605a69d0 JavaThread "Cache worker for file hash cache (C:\Users\hp\.gradle\caches\9.4.1\fileHashes)" [_thread_blocked, id=3736, stack(0x0000008dee900000,0x0000008deea00000)]
  0x0000024f605a8320 JavaThread "File lock release action executor" [_thread_blocked, id=2792, stack(0x0000008deea00000,0x0000008deeb00000)]
  0x0000024f605a8830 JavaThread "Cache worker for file hash cache (C:\Users\hp\Documents\GitHub\souqbaghdad\artifacts\souq-baghdad\android\.gradle\9.4.1\fileHashes)" [_thread_blocked, id=14036, stack(0x0000008deec00000,0x0000008deed00000)]
  0x0000024f605a5080 JavaThread "Cache worker for Build Output Cleanup Cache (C:\Users\hp\Documents\GitHub\souqbaghdad\artifacts\souq-baghdad\android\.gradle\buildOutputCleanup)" [_thread_blocked, id=17308, stack(0x0000008deed00000,0x0000008deee00000)]
  0x0000024f605a5590 JavaThread "File watcher server" daemon [_thread_in_native, id=1780, stack(0x0000008deee00000,0x0000008deef00000)]
  0x0000024f605a6ee0 JavaThread "File watcher consumer" daemon [_thread_blocked, id=15632, stack(0x0000008deef00000,0x0000008def000000)]
  0x0000024f61a34b60 JavaThread "jar transforms" [_thread_blocked, id=13548, stack(0x0000008def000000,0x0000008def100000)]
  0x0000024f61a3b5b0 JavaThread "jar transforms Thread 2" [_thread_blocked, id=12932, stack(0x0000008def100000,0x0000008def200000)]
  0x0000024f61a3a170 JavaThread "jar transforms Thread 3" [_thread_blocked, id=18332, stack(0x0000008def200000,0x0000008def300000)]
  0x0000024f61a39750 JavaThread "Cache worker for file content cache (C:\Users\hp\.gradle\caches\9.4.1\fileContent)" [_thread_blocked, id=16788, stack(0x0000008def300000,0x0000008def400000)]
  0x0000024f61a35fa0 JavaThread "Cache worker for checksums cache (C:\Users\hp\Documents\GitHub\souqbaghdad\artifacts\souq-baghdad\android\.gradle\9.4.1\checksums)" [_thread_blocked, id=17420, stack(0x0000008def400000,0x0000008def500000)]
  0x0000024f61a3ab90 JavaThread "Cache worker for cache directory md-supplier (C:\Users\hp\.gradle\caches\9.4.1\md-supplier)" [_thread_blocked, id=18156, stack(0x0000008def500000,0x0000008def600000)]
  0x0000024f61a3b0a0 JavaThread "Cache worker for cache directory md-rule (C:\Users\hp\.gradle\caches\9.4.1\md-rule)" [_thread_blocked, id=18096, stack(0x0000008def600000,0x0000008def700000)]
  0x0000024f61a3bfd0 JavaThread "jar transforms Thread 4" [_thread_blocked, id=4360, stack(0x0000008def700000,0x0000008def800000)]
  0x0000024f61a39c60 JavaThread "jar transforms Thread 5" [_thread_blocked, id=8016, stack(0x0000008def800000,0x0000008def900000)]
  0x0000024f61a3c4e0 JavaThread "jar transforms Thread 6" [_thread_blocked, id=15432, stack(0x0000008def900000,0x0000008defa00000)]
  0x0000024f61a378f0 JavaThread "jar transforms Thread 7" [_thread_blocked, id=1212, stack(0x0000008defa00000,0x0000008defb00000)]
  0x0000024f61a3a680 JavaThread "jar transforms Thread 8" [_thread_blocked, id=18124, stack(0x0000008defb00000,0x0000008defc00000)]
  0x0000024f61a39240 JavaThread "Build operations" [_thread_blocked, id=9564, stack(0x0000008defc00000,0x0000008defd00000)]
  0x0000024f61a36ed0 JavaThread "Build operations Thread 2" [_thread_blocked, id=5544, stack(0x0000008defd00000,0x0000008defe00000)]
  0x0000024f61a35070 JavaThread "Build operations Thread 3" [_thread_blocked, id=9964, stack(0x0000008defe00000,0x0000008deff00000)]
  0x0000024f61a35580 JavaThread "Build operations Thread 4" [_thread_blocked, id=9304, stack(0x0000008deff00000,0x0000008df0000000)]
  0x0000024f61a35a90 JavaThread "Build operations Thread 5" [_thread_blocked, id=10804, stack(0x0000008df0000000,0x0000008df0100000)]
  0x0000024f61a364b0 JavaThread "Build operations Thread 6" [_thread_blocked, id=16524, stack(0x0000008df0100000,0x0000008df0200000)]
  0x0000024f61a373e0 JavaThread "Build operations Thread 7" [_thread_blocked, id=3192, stack(0x0000008df0200000,0x0000008df0300000)]
  0x0000024f61a37e00 JavaThread "Build operations Thread 8" [_thread_blocked, id=14836, stack(0x0000008df0300000,0x0000008df0400000)]
  0x0000024f62ace5b0 JavaThread "Memory manager" [_thread_blocked, id=9048, stack(0x0000008df0400000,0x0000008df0500000)]
  0x0000024f62ad4af0 JavaThread "Problems report writer" [_thread_blocked, id=5808, stack(0x0000008df0700000,0x0000008df0800000)]
  0x0000024f62ad2780 JavaThread "build event listener" [_thread_blocked, id=16288, stack(0x0000008dec000000,0x0000008dec100000)]

Other Threads:
=>0x0000024f3ef6a580 VMThread "VM Thread" [stack: 0x0000008dec900000,0x0000008deca00000] [id=13072]
  0x0000024f20abf730 WatcherThread [stack: 0x0000008ded500000,0x0000008ded600000] [id=12936]
  0x0000024f20b1ba80 GCTaskThread "GC Thread#0" [stack: 0x0000008dec400000,0x0000008dec500000] [id=13076]
  0x0000024f5f157f90 GCTaskThread "GC Thread#1" [stack: 0x0000008ded600000,0x0000008ded700000] [id=9036]
  0x0000024f3f337500 GCTaskThread "GC Thread#2" [stack: 0x0000008ded700000,0x0000008ded800000] [id=6732]
  0x0000024f5f3e9c90 GCTaskThread "GC Thread#3" [stack: 0x0000008ded800000,0x0000008ded900000] [id=3252]
  0x0000024f3f652670 GCTaskThread "GC Thread#4" [stack: 0x0000008ded900000,0x0000008deda00000] [id=2980]
  0x0000024f3f650a50 GCTaskThread "GC Thread#5" [stack: 0x0000008dedd00000,0x0000008dede00000] [id=13348]
  0x0000024f3f650d20 GCTaskThread "GC Thread#6" [stack: 0x0000008dede00000,0x0000008dedf00000] [id=14504]
  0x0000024f3f650ff0 GCTaskThread "GC Thread#7" [stack: 0x0000008dedf00000,0x0000008dee000000] [id=16256]
  0x0000024f20b2c8f0 ConcurrentGCThread "G1 Main Marker" [stack: 0x0000008dec500000,0x0000008dec600000] [id=16452]
  0x0000024f20b2d230 ConcurrentGCThread "G1 Conc#0" [stack: 0x0000008dec600000,0x0000008dec700000] [id=13272]
  0x0000024f3f651b30 ConcurrentGCThread "G1 Conc#1" [stack: 0x0000008deeb00000,0x0000008deec00000] [id=12436]
  0x0000024f20b7e130 ConcurrentGCThread "G1 Refine#0" [stack: 0x0000008dec700000,0x0000008dec800000] [id=13540]
  0x0000024f20b7ea80 ConcurrentGCThread "G1 Service" [stack: 0x0000008dec800000,0x0000008dec900000] [id=3456]

Threads with active compile tasks:
C2 CompilerThread0  88214 15109       4       java.util.ComparableTimSort::sort (219 bytes)
C1 CompilerThread0  88214 15114       3       com.google.protobuf.Descriptors$Descriptor::validateNoDuplicateFieldNumbers (115 bytes)

VM state: at safepoint (normal execution)

VM Mutex/Monitor currently owned by a thread:  ([mutex/lock_event])
[0x0000024f20aba300] Threads_lock - owner thread: 0x0000024f3ef6a580
[0x0000024f20ab97c0] Heap_lock - owner thread: 0x0000024f3ef8fc40

Heap address: 0x0000000080000000, size: 2048 MB, Compressed Oops mode: 32-bit

CDS archive(s) mapped at: [0x0000024f40000000-0x0000024f40bb0000-0x0000024f40bb0000), size 12255232, SharedBaseAddress: 0x0000024f40000000, ArchiveRelocationMode: 1.
Compressed class space mapped at: 0x0000024f41000000-0x0000024f5b000000, reserved size: 436207616
Narrow klass base: 0x0000024f40000000, Narrow klass shift: 0, Narrow klass range: 0x100000000

GC Precious Log:
 CPUs: 8 total, 8 available
 Memory: 3974M
 Large Page Support: Disabled
 NUMA Support: Disabled
 Compressed Oops: Enabled (32-bit)
 Heap Region Size: 1M
 Heap Min Capacity: 8M
 Heap Initial Capacity: 64M
 Heap Max Capacity: 2G
 Pre-touch: Disabled
 Parallel Workers: 8
 Concurrent Workers: 2
 Concurrent Refinement Workers: 8
 Periodic GC: Disabled

Heap:
 garbage-first heap   total 249856K, used 151173K [0x0000000080000000, 0x0000000100000000)
  region size 1024K, 9 young (9216K), 9 survivors (9216K)
 Metaspace       used 91429K, committed 92800K, reserved 557056K
  class space    used 12618K, committed 13248K, reserved 425984K

Heap Regions: E=young(eden), S=young(survivor), O=old, HS=humongous(starts), HC=humongous(continues), CS=collection set, F=free, OA=open archive, CA=closed archive, TAMS=top-at-mark-start (previous, next)
|   0|0x0000000080000000, 0x0000000080100000, 0x0000000080100000|100%|HS|  |TAMS 0x0000000080100000, 0x0000000080000000| Complete 
|   1|0x0000000080100000, 0x0000000080200000, 0x0000000080200000|100%|HC|  |TAMS 0x0000000080200000, 0x0000000080100000| Complete 
|   2|0x0000000080200000, 0x0000000080300000, 0x0000000080300000|100%|HC|  |TAMS 0x0000000080300000, 0x0000000080200000| Complete 
|   3|0x0000000080300000, 0x0000000080400000, 0x0000000080400000|100%|HC|  |TAMS 0x0000000080400000, 0x0000000080300000| Complete 
|   4|0x0000000080400000, 0x0000000080500000, 0x0000000080500000|100%| O|  |TAMS 0x0000000080500000, 0x0000000080400000| Untracked 
|   5|0x0000000080500000, 0x0000000080600000, 0x0000000080600000|100%| O|  |TAMS 0x0000000080600000, 0x0000000080500000| Untracked 
|   6|0x0000000080600000, 0x0000000080700000, 0x0000000080700000|100%| O|  |TAMS 0x0000000080700000, 0x0000000080600000| Untracked 
|   7|0x0000000080700000, 0x0000000080800000, 0x0000000080800000|100%| O|  |TAMS 0x0000000080800000, 0x0000000080700000| Untracked 
|   8|0x0000000080800000, 0x0000000080900000, 0x0000000080900000|100%| O|  |TAMS 0x0000000080900000, 0x0000000080800000| Untracked 
|   9|0x0000000080900000, 0x0000000080a00000, 0x0000000080a00000|100%| O|  |TAMS 0x0000000080a00000, 0x0000000080900000| Untracked 
|  10|0x0000000080a00000, 0x0000000080b00000, 0x0000000080b00000|100%| O|  |TAMS 0x0000000080b00000, 0x0000000080a00000| Untracked 
|  11|0x0000000080b00000, 0x0000000080c00000, 0x0000000080c00000|100%|HS|  |TAMS 0x0000000080c00000, 0x0000000080b00000| Complete 
|  12|0x0000000080c00000, 0x0000000080d00000, 0x0000000080d00000|100%| O|  |TAMS 0x0000000080d00000, 0x0000000080c00000| Untracked 
|  13|0x0000000080d00000, 0x0000000080e00000, 0x0000000080e00000|100%| O|  |TAMS 0x0000000080e00000, 0x0000000080d00000| Untracked 
|  14|0x0000000080e00000, 0x0000000080f00000, 0x0000000080f00000|100%| O|  |TAMS 0x0000000080f00000, 0x0000000080e00000| Untracked 
|  15|0x0000000080f00000, 0x0000000081000000, 0x0000000081000000|100%| O|  |TAMS 0x0000000081000000, 0x0000000080f00000| Untracked 
|  16|0x0000000081000000, 0x0000000081100000, 0x0000000081100000|100%| O|  |TAMS 0x0000000081100000, 0x0000000081000000| Untracked 
|  17|0x0000000081100000, 0x0000000081200000, 0x0000000081200000|100%| O|  |TAMS 0x0000000081200000, 0x0000000081100000| Untracked 
|  18|0x0000000081200000, 0x0000000081300000, 0x0000000081300000|100%| O|  |TAMS 0x0000000081300000, 0x0000000081200000| Untracked 
|  19|0x0000000081300000, 0x0000000081400000, 0x0000000081400000|100%| O|  |TAMS 0x0000000081400000, 0x0000000081300000| Untracked 
|  20|0x0000000081400000, 0x0000000081500000, 0x0000000081500000|100%| O|  |TAMS 0x0000000081500000, 0x0000000081400000| Untracked 
|  21|0x0000000081500000, 0x0000000081600000, 0x0000000081600000|100%| O|  |TAMS 0x0000000081600000, 0x0000000081500000| Untracked 
|  22|0x0000000081600000, 0x0000000081700000, 0x0000000081700000|100%| O|  |TAMS 0x0000000081700000, 0x0000000081600000| Untracked 
|  23|0x0000000081700000, 0x0000000081800000, 0x0000000081800000|100%| O|  |TAMS 0x0000000081800000, 0x0000000081700000| Untracked 
|  24|0x0000000081800000, 0x0000000081900000, 0x0000000081900000|100%| O|  |TAMS 0x0000000081900000, 0x0000000081800000| Untracked 
|  25|0x0000000081900000, 0x0000000081a00000, 0x0000000081a00000|100%| O|  |TAMS 0x0000000081a00000, 0x0000000081900000| Untracked 
|  26|0x0000000081a00000, 0x0000000081b00000, 0x0000000081b00000|100%| O|  |TAMS 0x0000000081b00000, 0x0000000081a00000| Untracked 
|  27|0x0000000081b00000, 0x0000000081c00000, 0x0000000081c00000|100%| O|  |TAMS 0x0000000081c00000, 0x0000000081b00000| Untracked 
|  28|0x0000000081c00000, 0x0000000081d00000, 0x0000000081d00000|100%| O|  |TAMS 0x0000000081d00000, 0x0000000081c00000| Untracked 
|  29|0x0000000081d00000, 0x0000000081e00000, 0x0000000081e00000|100%| O|  |TAMS 0x0000000081e00000, 0x0000000081d00000| Untracked 
|  30|0x0000000081e00000, 0x0000000081f00000, 0x0000000081f00000|100%| O|  |TAMS 0x0000000081f00000, 0x0000000081e00000| Untracked 
|  31|0x0000000081f00000, 0x0000000082000000, 0x0000000082000000|100%| O|  |TAMS 0x0000000082000000, 0x0000000081f00000| Untracked 
|  32|0x0000000082000000, 0x0000000082100000, 0x0000000082100000|100%|HS|  |TAMS 0x0000000082100000, 0x0000000082000000| Complete 
|  33|0x0000000082100000, 0x0000000082200000, 0x0000000082200000|100%| O|  |TAMS 0x0000000082200000, 0x0000000082100000| Untracked 
|  34|0x0000000082200000, 0x0000000082300000, 0x0000000082300000|100%| O|  |TAMS 0x0000000082300000, 0x0000000082200000| Untracked 
|  35|0x0000000082300000, 0x0000000082400000, 0x0000000082400000|100%| O|  |TAMS 0x0000000082400000, 0x0000000082300000| Untracked 
|  36|0x0000000082400000, 0x0000000082500000, 0x0000000082500000|100%|HS|  |TAMS 0x0000000082500000, 0x0000000082400000| Complete 
|  37|0x0000000082500000, 0x0000000082600000, 0x0000000082600000|100%| O|  |TAMS 0x0000000082600000, 0x0000000082500000| Untracked 
|  38|0x0000000082600000, 0x0000000082700000, 0x0000000082700000|100%| O|  |TAMS 0x0000000082700000, 0x0000000082600000| Untracked 
|  39|0x0000000082700000, 0x0000000082800000, 0x0000000082800000|100%| O|  |TAMS 0x0000000082800000, 0x0000000082700000| Untracked 
|  40|0x0000000082800000, 0x0000000082900000, 0x0000000082900000|100%| O|  |TAMS 0x0000000082900000, 0x0000000082800000| Untracked 
|  41|0x0000000082900000, 0x0000000082a00000, 0x0000000082a00000|100%| O|  |TAMS 0x0000000082a00000, 0x0000000082900000| Untracked 
|  42|0x0000000082a00000, 0x0000000082b00000, 0x0000000082b00000|100%| O|  |TAMS 0x0000000082b00000, 0x0000000082a00000| Untracked 
|  43|0x0000000082b00000, 0x0000000082b00000, 0x0000000082c00000|  0%| F|  |TAMS 0x0000000082b00000, 0x0000000082b00000| Untracked 
|  44|0x0000000082c00000, 0x0000000082d00000, 0x0000000082d00000|100%| O|  |TAMS 0x0000000082d00000, 0x0000000082c00000| Untracked 
|  45|0x0000000082d00000, 0x0000000082e00000, 0x0000000082e00000|100%| O|  |TAMS 0x0000000082e00000, 0x0000000082d00000| Untracked 
|  46|0x0000000082e00000, 0x0000000082f00000, 0x0000000082f00000|100%| O|  |TAMS 0x0000000082f00000, 0x0000000082e00000| Untracked 
|  47|0x0000000082f00000, 0x0000000083000000, 0x0000000083000000|100%| O|  |TAMS 0x0000000082f00000, 0x0000000082f00000| Untracked 
|  48|0x0000000083000000, 0x0000000083100000, 0x0000000083100000|100%| O|  |TAMS 0x0000000083100000, 0x0000000083000000| Untracked 
|  49|0x0000000083100000, 0x0000000083200000, 0x0000000083200000|100%| O|  |TAMS 0x0000000083200000, 0x0000000083100000| Untracked 
|  50|0x0000000083200000, 0x0000000083300000, 0x0000000083300000|100%|HS|  |TAMS 0x0000000083300000, 0x0000000083200000| Complete 
|  51|0x0000000083300000, 0x0000000083400000, 0x0000000083400000|100%|HS|  |TAMS 0x0000000083400000, 0x0000000083300000| Complete 
|  52|0x0000000083400000, 0x0000000083500000, 0x0000000083500000|100%| O|  |TAMS 0x0000000083500000, 0x0000000083400000| Untracked 
|  53|0x0000000083500000, 0x0000000083600000, 0x0000000083600000|100%| O|  |TAMS 0x0000000083600000, 0x0000000083500000| Untracked 
|  54|0x0000000083600000, 0x0000000083600000, 0x0000000083700000|  0%| F|  |TAMS 0x0000000083600000, 0x0000000083600000| Untracked 
|  55|0x0000000083700000, 0x0000000083800000, 0x0000000083800000|100%|HS|  |TAMS 0x0000000083800000, 0x0000000083700000| Complete 
|  56|0x0000000083800000, 0x0000000083900000, 0x0000000083900000|100%|HC|  |TAMS 0x0000000083900000, 0x0000000083800000| Complete 
|  57|0x0000000083900000, 0x0000000083a00000, 0x0000000083a00000|100%|HS|  |TAMS 0x0000000083a00000, 0x0000000083900000| Complete 
|  58|0x0000000083a00000, 0x0000000083b00000, 0x0000000083b00000|100%|HS|  |TAMS 0x0000000083b00000, 0x0000000083a00000| Complete 
|  59|0x0000000083b00000, 0x0000000083c00000, 0x0000000083c00000|100%|HS|  |TAMS 0x0000000083c00000, 0x0000000083b00000| Complete 
|  60|0x0000000083c00000, 0x0000000083d00000, 0x0000000083d00000|100%| O|  |TAMS 0x0000000083d00000, 0x0000000083c00000| Untracked 
|  61|0x0000000083d00000, 0x0000000083e00000, 0x0000000083e00000|100%|HS|  |TAMS 0x0000000083e00000, 0x0000000083d00000| Complete 
|  62|0x0000000083e00000, 0x0000000083f00000, 0x0000000083f00000|100%|HS|  |TAMS 0x0000000083f00000, 0x0000000083e00000| Complete 
|  63|0x0000000083f00000, 0x0000000084000000, 0x0000000084000000|100%| O|  |TAMS 0x0000000084000000, 0x0000000083f00000| Untracked 
|  64|0x0000000084000000, 0x0000000084100000, 0x0000000084100000|100%| O|  |TAMS 0x0000000084100000, 0x0000000084000000| Untracked 
|  65|0x0000000084100000, 0x0000000084200000, 0x0000000084200000|100%| O|  |TAMS 0x0000000084200000, 0x0000000084100000| Untracked 
|  66|0x0000000084200000, 0x0000000084300000, 0x0000000084300000|100%| O|  |TAMS 0x0000000084300000, 0x0000000084200000| Untracked 
|  67|0x0000000084300000, 0x0000000084400000, 0x0000000084400000|100%| O|  |TAMS 0x0000000084400000, 0x0000000084300000| Untracked 
|  68|0x0000000084400000, 0x0000000084500000, 0x0000000084500000|100%| O|  |TAMS 0x0000000084500000, 0x0000000084400000| Untracked 
|  69|0x0000000084500000, 0x0000000084600000, 0x0000000084600000|100%| O|  |TAMS 0x0000000084600000, 0x0000000084500000| Untracked 
|  70|0x0000000084600000, 0x0000000084700000, 0x0000000084700000|100%| O|  |TAMS 0x0000000084700000, 0x0000000084600000| Untracked 
|  71|0x0000000084700000, 0x0000000084800000, 0x0000000084800000|100%| O|  |TAMS 0x0000000084800000, 0x0000000084700000| Untracked 
|  72|0x0000000084800000, 0x0000000084900000, 0x0000000084900000|100%| O|  |TAMS 0x0000000084900000, 0x0000000084800000| Untracked 
|  73|0x0000000084900000, 0x0000000084a00000, 0x0000000084a00000|100%| O|  |TAMS 0x0000000084a00000, 0x0000000084900000| Untracked 
|  74|0x0000000084a00000, 0x0000000084b00000, 0x0000000084b00000|100%| O|  |TAMS 0x0000000084b00000, 0x0000000084a00000| Untracked 
|  75|0x0000000084b00000, 0x0000000084c00000, 0x0000000084c00000|100%| O|  |TAMS 0x0000000084c00000, 0x0000000084b00000| Untracked 
|  76|0x0000000084c00000, 0x0000000084d00000, 0x0000000084d00000|100%| O|  |TAMS 0x0000000084d00000, 0x0000000084c00000| Untracked 
|  77|0x0000000084d00000, 0x0000000084e00000, 0x0000000084e00000|100%| O|  |TAMS 0x0000000084e00000, 0x0000000084d00000| Untracked 
|  78|0x0000000084e00000, 0x0000000084f00000, 0x0000000084f00000|100%| O|  |TAMS 0x0000000084f00000, 0x0000000084e00000| Untracked 
|  79|0x0000000084f00000, 0x0000000085000000, 0x0000000085000000|100%| O|  |TAMS 0x0000000085000000, 0x0000000084f00000| Untracked 
|  80|0x0000000085000000, 0x0000000085100000, 0x0000000085100000|100%|HS|  |TAMS 0x0000000085100000, 0x0000000085000000| Complete 
|  81|0x0000000085100000, 0x0000000085200000, 0x0000000085200000|100%| O|  |TAMS 0x0000000085200000, 0x0000000085100000| Untracked 
|  82|0x0000000085200000, 0x0000000085300000, 0x0000000085300000|100%| O|  |TAMS 0x0000000085300000, 0x0000000085200000| Untracked 
|  83|0x0000000085300000, 0x0000000085400000, 0x0000000085400000|100%| O|  |TAMS 0x0000000085300000, 0x0000000085300000| Untracked 
|  84|0x0000000085400000, 0x0000000085500000, 0x0000000085500000|100%| O|  |TAMS 0x0000000085500000, 0x0000000085400000| Untracked 
|  85|0x0000000085500000, 0x0000000085600000, 0x0000000085600000|100%|HS|  |TAMS 0x0000000085600000, 0x0000000085500000| Complete 
|  86|0x0000000085600000, 0x0000000085700000, 0x0000000085700000|100%|HC|  |TAMS 0x0000000085700000, 0x0000000085600000| Complete 
|  87|0x0000000085700000, 0x0000000085800000, 0x0000000085800000|100%| O|  |TAMS 0x0000000085800000, 0x0000000085700000| Untracked 
|  88|0x0000000085800000, 0x0000000085900000, 0x0000000085900000|100%| O|  |TAMS 0x0000000085900000, 0x0000000085800000| Untracked 
|  89|0x0000000085900000, 0x0000000085a00000, 0x0000000085a00000|100%| O|  |TAMS 0x0000000085a00000, 0x0000000085900000| Untracked 
|  90|0x0000000085a00000, 0x0000000085b00000, 0x0000000085b00000|100%| O|  |TAMS 0x0000000085b00000, 0x0000000085a00000| Untracked 
|  91|0x0000000085b00000, 0x0000000085c00000, 0x0000000085c00000|100%| O|  |TAMS 0x0000000085c00000, 0x0000000085b00000| Untracked 
|  92|0x0000000085c00000, 0x0000000085d00000, 0x0000000085d00000|100%| O|  |TAMS 0x0000000085d00000, 0x0000000085c00000| Untracked 
|  93|0x0000000085d00000, 0x0000000085e00000, 0x0000000085e00000|100%| O|  |TAMS 0x0000000085e00000, 0x0000000085d00000| Untracked 
|  94|0x0000000085e00000, 0x0000000085f00000, 0x0000000085f00000|100%| O|  |TAMS 0x0000000085f00000, 0x0000000085e00000| Untracked 
|  95|0x0000000085f00000, 0x0000000086000000, 0x0000000086000000|100%| O|  |TAMS 0x0000000086000000, 0x0000000085f00000| Untracked 
|  96|0x0000000086000000, 0x0000000086100000, 0x0000000086100000|100%| O|  |TAMS 0x0000000086100000, 0x0000000086000000| Untracked 
|  97|0x0000000086100000, 0x0000000086200000, 0x0000000086200000|100%| O|  |TAMS 0x0000000086200000, 0x0000000086100000| Untracked 
|  98|0x0000000086200000, 0x0000000086300000, 0x0000000086300000|100%| O|  |TAMS 0x0000000086300000, 0x0000000086200000| Untracked 
|  99|0x0000000086300000, 0x0000000086400000, 0x0000000086400000|100%| O|  |TAMS 0x0000000086400000, 0x0000000086300000| Untracked 
| 100|0x0000000086400000, 0x0000000086500000, 0x0000000086500000|100%| O|  |TAMS 0x0000000086500000, 0x0000000086400000| Untracked 
| 101|0x0000000086500000, 0x0000000086600000, 0x0000000086600000|100%| O|  |TAMS 0x0000000086600000, 0x0000000086500000| Untracked 
| 102|0x0000000086600000, 0x0000000086700000, 0x0000000086700000|100%| O|  |TAMS 0x0000000086700000, 0x0000000086600000| Untracked 
| 103|0x0000000086700000, 0x0000000086800000, 0x0000000086800000|100%| O|  |TAMS 0x0000000086800000, 0x0000000086700000| Untracked 
| 104|0x0000000086800000, 0x0000000086900000, 0x0000000086900000|100%| O|  |TAMS 0x0000000086800000, 0x0000000086800000| Untracked 
| 105|0x0000000086900000, 0x0000000086a00000, 0x0000000086a00000|100%| O|  |TAMS 0x0000000086a00000, 0x0000000086900000| Untracked 
| 106|0x0000000086a00000, 0x0000000086b00000, 0x0000000086b00000|100%| O|  |TAMS 0x0000000086b00000, 0x0000000086a00000| Untracked 
| 107|0x0000000086b00000, 0x0000000086c00000, 0x0000000086c00000|100%|HS|  |TAMS 0x0000000086c00000, 0x0000000086b00000| Complete 
| 108|0x0000000086c00000, 0x0000000086d00000, 0x0000000086d00000|100%|HS|  |TAMS 0x0000000086d00000, 0x0000000086c00000| Complete 
| 109|0x0000000086d00000, 0x0000000086e00000, 0x0000000086e00000|100%| O|  |TAMS 0x0000000086e00000, 0x0000000086d00000| Untracked 
| 110|0x0000000086e00000, 0x0000000086f00000, 0x0000000086f00000|100%| O|  |TAMS 0x0000000086f00000, 0x0000000086e00000| Untracked 
| 111|0x0000000086f00000, 0x0000000086f00000, 0x0000000087000000|  0%| F|  |TAMS 0x0000000086f00000, 0x0000000086f00000| Untracked 
| 112|0x0000000087000000, 0x0000000087100000, 0x0000000087100000|100%| O|  |TAMS 0x0000000087100000, 0x0000000087000000| Untracked 
| 113|0x0000000087100000, 0x0000000087200000, 0x0000000087200000|100%| O|  |TAMS 0x0000000087200000, 0x0000000087100000| Untracked 
| 114|0x0000000087200000, 0x0000000087300000, 0x0000000087300000|100%| O|  |TAMS 0x0000000087300000, 0x0000000087200000| Untracked 
| 115|0x0000000087300000, 0x0000000087400000, 0x0000000087400000|100%| O|  |TAMS 0x0000000087400000, 0x0000000087300000| Untracked 
| 116|0x0000000087400000, 0x0000000087400000, 0x0000000087500000|  0%| F|  |TAMS 0x0000000087400000, 0x0000000087400000| Untracked 
| 117|0x0000000087500000, 0x0000000087600000, 0x0000000087600000|100%| O|  |TAMS 0x0000000087600000, 0x0000000087500000| Untracked 
| 118|0x0000000087600000, 0x0000000087700000, 0x0000000087700000|100%| O|  |TAMS 0x0000000087700000, 0x0000000087600000| Untracked 
| 119|0x0000000087700000, 0x0000000087800000, 0x0000000087800000|100%| O|  |TAMS 0x0000000087800000, 0x0000000087700000| Untracked 
| 120|0x0000000087800000, 0x0000000087900000, 0x0000000087900000|100%| O|  |TAMS 0x0000000087900000, 0x0000000087800000| Untracked 
| 121|0x0000000087900000, 0x0000000087a00000, 0x0000000087a00000|100%| O|  |TAMS 0x0000000087a00000, 0x0000000087900000| Untracked 
| 122|0x0000000087a00000, 0x0000000087b00000, 0x0000000087b00000|100%| O|  |TAMS 0x0000000087b00000, 0x0000000087a00000| Untracked 
| 123|0x0000000087b00000, 0x0000000087c00000, 0x0000000087c00000|100%| O|  |TAMS 0x0000000087c00000, 0x0000000087b00000| Untracked 
| 124|0x0000000087c00000, 0x0000000087d00000, 0x0000000087d00000|100%| O|  |TAMS 0x0000000087d00000, 0x0000000087c00000| Untracked 
| 125|0x0000000087d00000, 0x0000000087e00000, 0x0000000087e00000|100%| O|  |TAMS 0x0000000087e00000, 0x0000000087d00000| Untracked 
| 126|0x0000000087e00000, 0x0000000087f00000, 0x0000000087f00000|100%| O|  |TAMS 0x0000000087f00000, 0x0000000087e00000| Untracked 
| 127|0x0000000087f00000, 0x0000000088000000, 0x0000000088000000|100%| O|  |TAMS 0x0000000088000000, 0x0000000087f00000| Untracked 
| 128|0x0000000088000000, 0x0000000088100000, 0x0000000088100000|100%| O|  |TAMS 0x000000008807dc00, 0x0000000088000000| Untracked 
| 129|0x0000000088100000, 0x0000000088200000, 0x0000000088200000|100%|HS|  |TAMS 0x0000000088200000, 0x0000000088100000| Complete 
| 130|0x0000000088200000, 0x0000000088300000, 0x0000000088300000|100%|HC|  |TAMS 0x0000000088300000, 0x0000000088200000| Complete 
| 131|0x0000000088300000, 0x0000000088400000, 0x0000000088400000|100%| O|  |TAMS 0x0000000088300000, 0x0000000088300000| Untracked 
| 132|0x0000000088400000, 0x0000000088500000, 0x0000000088500000|100%| O|  |TAMS 0x0000000088400000, 0x0000000088400000| Untracked 
| 133|0x0000000088500000, 0x0000000088600000, 0x0000000088600000|100%| O|  |TAMS 0x0000000088500000, 0x0000000088500000| Untracked 
| 134|0x0000000088600000, 0x0000000088700000, 0x0000000088700000|100%| O|  |TAMS 0x0000000088600000, 0x0000000088600000| Untracked 
| 135|0x0000000088700000, 0x0000000088800000, 0x0000000088800000|100%| O|  |TAMS 0x0000000088700000, 0x0000000088700000| Untracked 
| 136|0x0000000088800000, 0x0000000088900000, 0x0000000088900000|100%| O|  |TAMS 0x0000000088800000, 0x0000000088800000| Untracked 
| 137|0x0000000088900000, 0x0000000088a00000, 0x0000000088a00000|100%| O|  |TAMS 0x0000000088900000, 0x0000000088900000| Untracked 
| 138|0x0000000088a00000, 0x0000000088b00000, 0x0000000088b00000|100%| O|  |TAMS 0x0000000088a00000, 0x0000000088a00000| Untracked 
| 139|0x0000000088b00000, 0x0000000088c00000, 0x0000000088c00000|100%| O|  |TAMS 0x0000000088b00000, 0x0000000088b00000| Untracked 
| 140|0x0000000088c00000, 0x0000000088d00000, 0x0000000088d00000|100%| O|  |TAMS 0x0000000088c00000, 0x0000000088c00000| Untracked 
| 141|0x0000000088d00000, 0x0000000088d00000, 0x0000000088e00000|  0%| F|  |TAMS 0x0000000088d00000, 0x0000000088d00000| Untracked 
| 142|0x0000000088e00000, 0x0000000088f00000, 0x0000000088f00000|100%| O|  |TAMS 0x0000000088e00000, 0x0000000088e00000| Untracked 
| 143|0x0000000088f00000, 0x0000000088fa1400, 0x0000000089000000| 62%| O|  |TAMS 0x0000000088f00000, 0x0000000088f00000| Untracked 
| 144|0x0000000089000000, 0x0000000089000000, 0x0000000089100000|  0%| F|  |TAMS 0x0000000089000000, 0x0000000089000000| Untracked 
| 145|0x0000000089100000, 0x0000000089100000, 0x0000000089200000|  0%| F|  |TAMS 0x0000000089100000, 0x0000000089100000| Untracked 
| 146|0x0000000089200000, 0x0000000089200000, 0x0000000089300000|  0%| F|  |TAMS 0x0000000089200000, 0x0000000089200000| Untracked 
| 147|0x0000000089300000, 0x0000000089300000, 0x0000000089400000|  0%| F|  |TAMS 0x0000000089300000, 0x0000000089300000| Untracked 
| 148|0x0000000089400000, 0x0000000089400000, 0x0000000089500000|  0%| F|  |TAMS 0x0000000089400000, 0x0000000089400000| Untracked 
| 149|0x0000000089500000, 0x0000000089500000, 0x0000000089600000|  0%| F|  |TAMS 0x0000000089500000, 0x0000000089500000| Untracked 
| 150|0x0000000089600000, 0x0000000089600000, 0x0000000089700000|  0%| F|  |TAMS 0x0000000089600000, 0x0000000089600000| Untracked 
| 151|0x0000000089700000, 0x0000000089700000, 0x0000000089800000|  0%| F|  |TAMS 0x0000000089700000, 0x0000000089700000| Untracked 
| 152|0x0000000089800000, 0x0000000089800000, 0x0000000089900000|  0%| F|  |TAMS 0x0000000089800000, 0x0000000089800000| Untracked 
| 153|0x0000000089900000, 0x0000000089900000, 0x0000000089a00000|  0%| F|  |TAMS 0x0000000089900000, 0x0000000089900000| Untracked 
| 154|0x0000000089a00000, 0x0000000089a00000, 0x0000000089b00000|  0%| F|  |TAMS 0x0000000089a00000, 0x0000000089a00000| Untracked 
| 155|0x0000000089b00000, 0x0000000089b00000, 0x0000000089c00000|  0%| F|  |TAMS 0x0000000089b00000, 0x0000000089b00000| Untracked 
| 156|0x0000000089c00000, 0x0000000089c00000, 0x0000000089d00000|  0%| F|  |TAMS 0x0000000089c00000, 0x0000000089c00000| Untracked 
| 157|0x0000000089d00000, 0x0000000089d00000, 0x0000000089e00000|  0%| F|  |TAMS 0x0000000089d00000, 0x0000000089d00000| Untracked 
| 158|0x0000000089e00000, 0x0000000089e00000, 0x0000000089f00000|  0%| F|  |TAMS 0x0000000089e00000, 0x0000000089e00000| Untracked 
| 159|0x0000000089f00000, 0x0000000089f00000, 0x000000008a000000|  0%| F|  |TAMS 0x0000000089f00000, 0x0000000089f00000| Untracked 
| 160|0x000000008a000000, 0x000000008a000000, 0x000000008a100000|  0%| F|  |TAMS 0x000000008a000000, 0x000000008a000000| Untracked 
| 161|0x000000008a100000, 0x000000008a100000, 0x000000008a200000|  0%| F|  |TAMS 0x000000008a100000, 0x000000008a100000| Untracked 
| 162|0x000000008a200000, 0x000000008a200000, 0x000000008a300000|  0%| F|  |TAMS 0x000000008a200000, 0x000000008a200000| Untracked 
| 163|0x000000008a300000, 0x000000008a300000, 0x000000008a400000|  0%| F|  |TAMS 0x000000008a300000, 0x000000008a300000| Untracked 
| 164|0x000000008a400000, 0x000000008a400000, 0x000000008a500000|  0%| F|  |TAMS 0x000000008a400000, 0x000000008a400000| Untracked 
| 165|0x000000008a500000, 0x000000008a500000, 0x000000008a600000|  0%| F|  |TAMS 0x000000008a500000, 0x000000008a500000| Untracked 
| 166|0x000000008a600000, 0x000000008a600000, 0x000000008a700000|  0%| F|  |TAMS 0x000000008a600000, 0x000000008a600000| Untracked 
| 167|0x000000008a700000, 0x000000008a700000, 0x000000008a800000|  0%| F|  |TAMS 0x000000008a700000, 0x000000008a700000| Untracked 
| 168|0x000000008a800000, 0x000000008a800000, 0x000000008a900000|  0%| F|  |TAMS 0x000000008a800000, 0x000000008a800000| Untracked 
| 169|0x000000008a900000, 0x000000008a900000, 0x000000008aa00000|  0%| F|  |TAMS 0x000000008a900000, 0x000000008a900000| Untracked 
| 170|0x000000008aa00000, 0x000000008ab00000, 0x000000008ab00000|100%| S|CS|TAMS 0x000000008aa00000, 0x000000008aa00000| Complete 
| 171|0x000000008ab00000, 0x000000008ac00000, 0x000000008ac00000|100%| S|CS|TAMS 0x000000008ab00000, 0x000000008ab00000| Complete 
| 172|0x000000008ac00000, 0x000000008ad00000, 0x000000008ad00000|100%| S|CS|TAMS 0x000000008ac00000, 0x000000008ac00000| Complete 
| 173|0x000000008ad00000, 0x000000008ae00000, 0x000000008ae00000|100%| S|CS|TAMS 0x000000008ad00000, 0x000000008ad00000| Complete 
| 174|0x000000008ae00000, 0x000000008af00000, 0x000000008af00000|100%| S|CS|TAMS 0x000000008ae00000, 0x000000008ae00000| Complete 
| 175|0x000000008af00000, 0x000000008b000000, 0x000000008b000000|100%| S|CS|TAMS 0x000000008af00000, 0x000000008af00000| Complete 
| 176|0x000000008b000000, 0x000000008b100000, 0x000000008b100000|100%| S|CS|TAMS 0x000000008b000000, 0x000000008b000000| Complete 
| 177|0x000000008b100000, 0x000000008b200000, 0x000000008b200000|100%| S|CS|TAMS 0x000000008b100000, 0x000000008b100000| Complete 
| 178|0x000000008b200000, 0x000000008b300000, 0x000000008b300000|100%| S|CS|TAMS 0x000000008b200000, 0x000000008b200000| Complete 
| 179|0x000000008b300000, 0x000000008b300000, 0x000000008b400000|  0%| F|  |TAMS 0x000000008b300000, 0x000000008b300000| Untracked 
| 180|0x000000008b400000, 0x000000008b400000, 0x000000008b500000|  0%| F|  |TAMS 0x000000008b400000, 0x000000008b400000| Untracked 
| 181|0x000000008b500000, 0x000000008b500000, 0x000000008b600000|  0%| F|  |TAMS 0x000000008b500000, 0x000000008b500000| Untracked 
| 182|0x000000008b600000, 0x000000008b600000, 0x000000008b700000|  0%| F|  |TAMS 0x000000008b600000, 0x000000008b600000| Untracked 
| 183|0x000000008b700000, 0x000000008b700000, 0x000000008b800000|  0%| F|  |TAMS 0x000000008b700000, 0x000000008b700000| Untracked 
| 184|0x000000008b800000, 0x000000008b800000, 0x000000008b900000|  0%| F|  |TAMS 0x000000008b800000, 0x000000008b800000| Untracked 
| 185|0x000000008b900000, 0x000000008b900000, 0x000000008ba00000|  0%| F|  |TAMS 0x000000008b900000, 0x000000008b900000| Untracked 
| 186|0x000000008ba00000, 0x000000008ba00000, 0x000000008bb00000|  0%| F|  |TAMS 0x000000008ba00000, 0x000000008ba00000| Untracked 
| 187|0x000000008bb00000, 0x000000008bb00000, 0x000000008bc00000|  0%| F|  |TAMS 0x000000008bb00000, 0x000000008bb00000| Untracked 
| 188|0x000000008bc00000, 0x000000008bc00000, 0x000000008bd00000|  0%| F|  |TAMS 0x000000008bc00000, 0x000000008bc00000| Untracked 
| 189|0x000000008bd00000, 0x000000008bd00000, 0x000000008be00000|  0%| F|  |TAMS 0x000000008bd00000, 0x000000008bd00000| Untracked 
| 190|0x000000008be00000, 0x000000008be00000, 0x000000008bf00000|  0%| F|  |TAMS 0x000000008be00000, 0x000000008be00000| Untracked 
| 191|0x000000008bf00000, 0x000000008bf00000, 0x000000008c000000|  0%| F|  |TAMS 0x000000008bf00000, 0x000000008bf00000| Untracked 
| 192|0x000000008c000000, 0x000000008c000000, 0x000000008c100000|  0%| F|  |TAMS 0x000000008c000000, 0x000000008c000000| Untracked 
| 193|0x000000008c100000, 0x000000008c100000, 0x000000008c200000|  0%| F|  |TAMS 0x000000008c100000, 0x000000008c100000| Untracked 
| 194|0x000000008c200000, 0x000000008c200000, 0x000000008c300000|  0%| F|  |TAMS 0x000000008c200000, 0x000000008c200000| Untracked 
| 195|0x000000008c300000, 0x000000008c300000, 0x000000008c400000|  0%| F|  |TAMS 0x000000008c300000, 0x000000008c300000| Untracked 
| 196|0x000000008c400000, 0x000000008c400000, 0x000000008c500000|  0%| F|  |TAMS 0x000000008c400000, 0x000000008c400000| Untracked 
| 197|0x000000008c500000, 0x000000008c500000, 0x000000008c600000|  0%| F|  |TAMS 0x000000008c500000, 0x000000008c500000| Untracked 
| 198|0x000000008c600000, 0x000000008c600000, 0x000000008c700000|  0%| F|  |TAMS 0x000000008c600000, 0x000000008c600000| Untracked 
| 199|0x000000008c700000, 0x000000008c700000, 0x000000008c800000|  0%| F|  |TAMS 0x000000008c700000, 0x000000008c700000| Untracked 
| 200|0x000000008c800000, 0x000000008c800000, 0x000000008c900000|  0%| F|  |TAMS 0x000000008c800000, 0x000000008c800000| Untracked 
| 201|0x000000008c900000, 0x000000008c900000, 0x000000008ca00000|  0%| F|  |TAMS 0x000000008c900000, 0x000000008c900000| Untracked 
| 202|0x000000008ca00000, 0x000000008ca00000, 0x000000008cb00000|  0%| F|  |TAMS 0x000000008ca00000, 0x000000008ca00000| Untracked 
| 203|0x000000008cb00000, 0x000000008cb00000, 0x000000008cc00000|  0%| F|  |TAMS 0x000000008cb00000, 0x000000008cb00000| Untracked 
| 204|0x000000008cc00000, 0x000000008cc00000, 0x000000008cd00000|  0%| F|  |TAMS 0x000000008cc00000, 0x000000008cc00000| Untracked 
| 205|0x000000008cd00000, 0x000000008cd00000, 0x000000008ce00000|  0%| F|  |TAMS 0x000000008cd00000, 0x000000008cd00000| Untracked 
| 206|0x000000008ce00000, 0x000000008ce00000, 0x000000008cf00000|  0%| F|  |TAMS 0x000000008ce00000, 0x000000008ce00000| Untracked 
| 207|0x000000008cf00000, 0x000000008cf00000, 0x000000008d000000|  0%| F|  |TAMS 0x000000008cf00000, 0x000000008cf00000| Untracked 
| 208|0x000000008d000000, 0x000000008d000000, 0x000000008d100000|  0%| F|  |TAMS 0x000000008d000000, 0x000000008d000000| Untracked 
| 209|0x000000008d100000, 0x000000008d100000, 0x000000008d200000|  0%| F|  |TAMS 0x000000008d100000, 0x000000008d100000| Untracked 
| 210|0x000000008d200000, 0x000000008d200000, 0x000000008d300000|  0%| F|  |TAMS 0x000000008d200000, 0x000000008d200000| Untracked 
| 211|0x000000008d300000, 0x000000008d300000, 0x000000008d400000|  0%| F|  |TAMS 0x000000008d300000, 0x000000008d300000| Untracked 
| 212|0x000000008d400000, 0x000000008d400000, 0x000000008d500000|  0%| F|  |TAMS 0x000000008d400000, 0x000000008d400000| Untracked 
| 213|0x000000008d500000, 0x000000008d500000, 0x000000008d600000|  0%| F|  |TAMS 0x000000008d500000, 0x000000008d500000| Untracked 
| 214|0x000000008d600000, 0x000000008d600000, 0x000000008d700000|  0%| F|  |TAMS 0x000000008d600000, 0x000000008d600000| Untracked 
| 215|0x000000008d700000, 0x000000008d700000, 0x000000008d800000|  0%| F|  |TAMS 0x000000008d700000, 0x000000008d700000| Untracked 
| 216|0x000000008d800000, 0x000000008d800000, 0x000000008d900000|  0%| F|  |TAMS 0x000000008d800000, 0x000000008d800000| Untracked 
| 217|0x000000008d900000, 0x000000008d900000, 0x000000008da00000|  0%| F|  |TAMS 0x000000008d900000, 0x000000008d900000| Untracked 
| 218|0x000000008da00000, 0x000000008da00000, 0x000000008db00000|  0%| F|  |TAMS 0x000000008da00000, 0x000000008da00000| Untracked 
| 219|0x000000008db00000, 0x000000008db00000, 0x000000008dc00000|  0%| F|  |TAMS 0x000000008db00000, 0x000000008db00000| Untracked 
| 220|0x000000008dc00000, 0x000000008dc00000, 0x000000008dd00000|  0%| F|  |TAMS 0x000000008dc00000, 0x000000008dc00000| Untracked 
| 221|0x000000008dd00000, 0x000000008dd00000, 0x000000008de00000|  0%| F|  |TAMS 0x000000008dd00000, 0x000000008dd00000| Untracked 
| 222|0x000000008de00000, 0x000000008de00000, 0x000000008df00000|  0%| F|  |TAMS 0x000000008de00000, 0x000000008de00000| Untracked 
| 223|0x000000008df00000, 0x000000008df00000, 0x000000008e000000|  0%| F|  |TAMS 0x000000008df00000, 0x000000008df00000| Untracked 
| 224|0x000000008e000000, 0x000000008e000000, 0x000000008e100000|  0%| F|  |TAMS 0x000000008e000000, 0x000000008e000000| Untracked 
| 225|0x000000008e100000, 0x000000008e100000, 0x000000008e200000|  0%| F|  |TAMS 0x000000008e100000, 0x000000008e100000| Untracked 
| 226|0x000000008e200000, 0x000000008e200000, 0x000000008e300000|  0%| F|  |TAMS 0x000000008e200000, 0x000000008e200000| Untracked 
| 227|0x000000008e300000, 0x000000008e300000, 0x000000008e400000|  0%| F|  |TAMS 0x000000008e300000, 0x000000008e300000| Untracked 
| 228|0x000000008e400000, 0x000000008e400000, 0x000000008e500000|  0%| F|  |TAMS 0x000000008e400000, 0x000000008e400000| Untracked 
| 229|0x000000008e500000, 0x000000008e500000, 0x000000008e600000|  0%| F|  |TAMS 0x000000008e500000, 0x000000008e500000| Untracked 
| 230|0x000000008e600000, 0x000000008e600000, 0x000000008e700000|  0%| F|  |TAMS 0x000000008e600000, 0x000000008e600000| Untracked 
| 231|0x000000008e700000, 0x000000008e700000, 0x000000008e800000|  0%| F|  |TAMS 0x000000008e700000, 0x000000008e700000| Untracked 
| 232|0x000000008e800000, 0x000000008e800000, 0x000000008e900000|  0%| F|  |TAMS 0x000000008e800000, 0x000000008e800000| Untracked 
| 233|0x000000008e900000, 0x000000008e900000, 0x000000008ea00000|  0%| F|  |TAMS 0x000000008e900000, 0x000000008e900000| Untracked 
| 234|0x000000008ea00000, 0x000000008ea00000, 0x000000008eb00000|  0%| F|  |TAMS 0x000000008ea00000, 0x000000008ea00000| Untracked 
| 235|0x000000008eb00000, 0x000000008eb00000, 0x000000008ec00000|  0%| F|  |TAMS 0x000000008eb00000, 0x000000008eb00000| Untracked 
| 236|0x000000008ec00000, 0x000000008ec00000, 0x000000008ed00000|  0%| F|  |TAMS 0x000000008ec00000, 0x000000008ec00000| Untracked 
| 237|0x000000008ed00000, 0x000000008ed00000, 0x000000008ee00000|  0%| F|  |TAMS 0x000000008ed00000, 0x000000008ed00000| Untracked 
| 238|0x000000008ee00000, 0x000000008ee00000, 0x000000008ef00000|  0%| F|  |TAMS 0x000000008ee00000, 0x000000008ee00000| Untracked 
| 239|0x000000008ef00000, 0x000000008ef00000, 0x000000008f000000|  0%| F|  |TAMS 0x000000008ef00000, 0x000000008ef00000| Untracked 
| 240|0x000000008f000000, 0x000000008f000000, 0x000000008f100000|  0%| F|  |TAMS 0x000000008f000000, 0x000000008f000000| Untracked 
| 241|0x000000008f100000, 0x000000008f100000, 0x000000008f200000|  0%| F|  |TAMS 0x000000008f100000, 0x000000008f100000| Untracked 
| 242|0x000000008f200000, 0x000000008f200000, 0x000000008f300000|  0%| F|  |TAMS 0x000000008f200000, 0x000000008f200000| Untracked 
| 243|0x000000008f300000, 0x000000008f300000, 0x000000008f400000|  0%| F|  |TAMS 0x000000008f300000, 0x000000008f300000| Untracked 

Card table byte_map: [0x0000024f37d90000,0x0000024f38190000] _byte_map_base: 0x0000024f37990000

Marking Bits (Prev, Next): (CMBitMap*) 0x0000024f20b1bfc0, (CMBitMap*) 0x0000024f20b1c000
 Prev Bits: [0x0000024f38590000, 0x0000024f3a590000)
 Next Bits: [0x0000024f3a590000, 0x0000024f3c590000)

Polling page: 0x0000024f1e940000

Metaspace:

Usage:
  Non-class:     76.96 MB used.
      Class:     12.32 MB used.
       Both:     89.29 MB used.

Virtual space:
  Non-class space:      128.00 MB reserved,      77.69 MB ( 61%) committed,  2 nodes.
      Class space:      416.00 MB reserved,      12.94 MB (  3%) committed,  1 nodes.
             Both:      544.00 MB reserved,      90.62 MB ( 17%) committed. 

Chunk freelists:
   Non-Class:  1.41 MB
       Class:  3.06 MB
        Both:  4.47 MB

MaxMetaspaceSize: 512.00 MB
CompressedClassSpaceSize: 416.00 MB
Initial GC threshold: 21.00 MB
Current GC threshold: 148.12 MB
CDS: on
MetaspaceReclaimPolicy: balanced
 - commit_granule_bytes: 65536.
 - commit_granule_words: 8192.
 - virtual_space_node_default_size: 8388608.
 - enlarge_chunks_in_place: 1.
 - new_chunks_are_fully_committed: 0.
 - uncommit_free_chunks: 1.
 - use_allocation_guard: 0.
 - handle_deallocations: 1.


Internal statistics:

num_allocs_failed_limit: 24.
num_arena_births: 1902.
num_arena_deaths: 0.
num_vsnodes_births: 3.
num_vsnodes_deaths: 0.
num_space_committed: 1449.
num_space_uncommitted: 0.
num_chunks_returned_to_freelist: 24.
num_chunks_taken_from_freelist: 6117.
num_chunk_merges: 15.
num_chunk_splits: 3954.
num_chunks_enlarged: 2478.
num_inconsistent_stats: 0.

CodeHeap 'non-profiled nmethods': size=120000Kb used=7889Kb max_used=7889Kb free=112110Kb
 bounds [0x0000024f30130000, 0x0000024f308f0000, 0x0000024f37660000]
CodeHeap 'profiled nmethods': size=120000Kb used=21710Kb max_used=23312Kb free=98289Kb
 bounds [0x0000024f28660000, 0x0000024f29d40000, 0x0000024f2fb90000]
CodeHeap 'non-nmethods': size=5760Kb used=1740Kb max_used=1811Kb free=4019Kb
 bounds [0x0000024f2fb90000, 0x0000024f2fe00000, 0x0000024f30130000]
 total_blobs=12910 nmethods=12076 adapters=743
 compilation: enabled
              stopped_count=0, restarted_count=0
 full_count=0

Compilation events (20 events):
Event: 87.850 Thread 0x0000024f3ef8fc40 nmethod 15099 0x0000024f2954f710 code [0x0000024f2954f8c0, 0x0000024f2954fa78]
Event: 87.850 Thread 0x0000024f3ef8fc40 15104       3       com.google.protobuf.Descriptors$FieldDescriptor::isRepeated (19 bytes)
Event: 87.850 Thread 0x0000024f3ef8fc40 nmethod 15104 0x0000024f28c8cf90 code [0x0000024f28c8d140, 0x0000024f28c8d388]
Event: 87.851 Thread 0x0000024f3ef8fc40 15105       3       com.google.protobuf.DescriptorProtos$FieldDescriptorProto::getLabel (20 bytes)
Event: 87.851 Thread 0x0000024f3ef8fc40 nmethod 15105 0x0000024f29594b90 code [0x0000024f29594d40, 0x0000024f29594ec8]
Event: 87.851 Thread 0x0000024f3ef8fc40 15106       3       com.google.protobuf.Descriptors$Descriptor::getOptions (8 bytes)
Event: 87.851 Thread 0x0000024f3ef8fc40 nmethod 15106 0x0000024f28cc4c10 code [0x0000024f28cc4dc0, 0x0000024f28cc4fd8]
Event: 87.851 Thread 0x0000024f3ef8fc40 15101       3       com.google.protobuf.Descriptors$FieldDescriptor::access$1400 (5 bytes)
Event: 87.851 Thread 0x0000024f3ef8fc40 nmethod 15101 0x0000024f2950ab90 code [0x0000024f2950ad40, 0x0000024f2950ae68]
Event: 87.851 Thread 0x0000024f3ef8fc40 15103       3       com.google.protobuf.DescriptorProtos$FieldDescriptorProto::hasTypeName (16 bytes)
Event: 87.852 Thread 0x0000024f3ef8fc40 nmethod 15103 0x0000024f2969f690 code [0x0000024f2969f820, 0x0000024f2969f998]
Event: 87.852 Thread 0x0000024f3ef8fc40 15094       1       com.google.protobuf.DescriptorProtos$FieldOptions::getPacked (5 bytes)
Event: 87.852 Thread 0x0000024f3ef8fc40 nmethod 15094 0x0000024f308e3910 code [0x0000024f308e3aa0, 0x0000024f308e3b78]
Event: 87.852 Thread 0x0000024f3ef8fc40 15102   !   3       com.google.protobuf.Descriptors$FieldDescriptor::crossLink (1302 bytes)
Event: 87.865 Thread 0x0000024f3ef8f280 nmethod 15087 0x0000024f308e3c10 code [0x0000024f308e3da0, 0x0000024f308e4338]
Event: 87.866 Thread 0x0000024f3ef8f280 15109       4       java.util.ComparableTimSort::sort (219 bytes)
Event: 87.875 Thread 0x0000024f3ef8fc40 nmethod 15102 0x0000024f29d25010 code [0x0000024f29d26080, 0x0000024f29d2f558]
Event: 87.875 Thread 0x0000024f3ef8fc40 15113       3       com.google.protobuf.Descriptors$Descriptor::crossLink (105 bytes)
Event: 87.876 Thread 0x0000024f3ef8fc40 nmethod 15113 0x0000024f28dc2310 code [0x0000024f28dc2520, 0x0000024f28dc2a88]
Event: 87.876 Thread 0x0000024f3ef8fc40 15114       3       com.google.protobuf.Descriptors$Descriptor::validateNoDuplicateFieldNumbers (115 bytes)

GC Heap History (20 events):
Event: 61.096 GC heap after
{Heap after GC invocations=53 (full 0):
 garbage-first heap   total 169984K, used 125317K [0x0000000080000000, 0x0000000100000000)
  region size 1024K, 3 young (3072K), 3 survivors (3072K)
 Metaspace       used 78611K, committed 79808K, reserved 557056K
  class space    used 10884K, committed 11456K, reserved 425984K
}
Event: 61.929 GC heap before
{Heap before GC invocations=53 (full 0):
 garbage-first heap   total 169984K, used 144773K [0x0000000080000000, 0x0000000100000000)
  region size 1024K, 22 young (22528K), 3 survivors (3072K)
 Metaspace       used 78851K, committed 80064K, reserved 557056K
  class space    used 10910K, committed 11456K, reserved 425984K
}
Event: 61.952 GC heap after
{Heap after GC invocations=54 (full 0):
 garbage-first heap   total 226304K, used 128454K [0x0000000080000000, 0x0000000100000000)
  region size 1024K, 3 young (3072K), 3 survivors (3072K)
 Metaspace       used 78851K, committed 80064K, reserved 557056K
  class space    used 10910K, committed 11456K, reserved 425984K
}
Event: 63.215 GC heap before
{Heap before GC invocations=54 (full 0):
 garbage-first heap   total 226304K, used 180678K [0x0000000080000000, 0x0000000100000000)
  region size 1024K, 55 young (56320K), 3 survivors (3072K)
 Metaspace       used 78863K, committed 80064K, reserved 557056K
  class space    used 10910K, committed 11456K, reserved 425984K
}
Event: 63.279 GC heap after
{Heap after GC invocations=55 (full 0):
 garbage-first heap   total 226304K, used 130301K [0x0000000080000000, 0x0000000100000000)
  region size 1024K, 5 young (5120K), 5 survivors (5120K)
 Metaspace       used 78863K, committed 80064K, reserved 557056K
  class space    used 10910K, committed 11456K, reserved 425984K
}
Event: 66.889 GC heap before
{Heap before GC invocations=55 (full 0):
 garbage-first heap   total 226304K, used 183549K [0x0000000080000000, 0x0000000100000000)
  region size 1024K, 58 young (59392K), 5 survivors (5120K)
 Metaspace       used 82263K, committed 83456K, reserved 557056K
  class space    used 11356K, committed 11904K, reserved 425984K
}
Event: 66.943 GC heap after
{Heap after GC invocations=56 (full 0):
 garbage-first heap   total 226304K, used 132068K [0x0000000080000000, 0x0000000100000000)
  region size 1024K, 4 young (4096K), 4 survivors (4096K)
 Metaspace       used 82263K, committed 83456K, reserved 557056K
  class space    used 11356K, committed 11904K, reserved 425984K
}
Event: 67.720 GC heap before
{Heap before GC invocations=56 (full 0):
 garbage-first heap   total 226304K, used 140260K [0x0000000080000000, 0x0000000100000000)
  region size 1024K, 13 young (13312K), 4 survivors (4096K)
 Metaspace       used 82985K, committed 84160K, reserved 557056K
  class space    used 11465K, committed 12032K, reserved 425984K
}
Event: 67.766 GC heap after
{Heap after GC invocations=57 (full 0):
 garbage-first heap   total 226304K, used 132354K [0x0000000080000000, 0x0000000100000000)
  region size 1024K, 5 young (5120K), 5 survivors (5120K)
 Metaspace       used 82985K, committed 84160K, reserved 557056K
  class space    used 11465K, committed 12032K, reserved 425984K
}
Event: 72.508 GC heap before
{Heap before GC invocations=58 (full 0):
 garbage-first heap   total 239616K, used 184578K [0x0000000080000000, 0x0000000100000000)
  region size 1024K, 59 young (60416K), 5 survivors (5120K)
 Metaspace       used 86822K, committed 88128K, reserved 557056K
  class space    used 12054K, committed 12672K, reserved 425984K
}
Event: 72.541 GC heap after
{Heap after GC invocations=59 (full 0):
 garbage-first heap   total 239616K, used 131339K [0x0000000080000000, 0x0000000100000000)
  region size 1024K, 7 young (7168K), 7 survivors (7168K)
 Metaspace       used 86822K, committed 88128K, reserved 557056K
  class space    used 12054K, committed 12672K, reserved 425984K
}
Event: 72.939 GC heap before
{Heap before GC invocations=59 (full 0):
 garbage-first heap   total 239616K, used 135435K [0x0000000080000000, 0x0000000100000000)
  region size 1024K, 11 young (11264K), 7 survivors (7168K)
 Metaspace       used 87142K, committed 88384K, reserved 557056K
  class space    used 12106K, committed 12672K, reserved 425984K
}
Event: 73.164 GC heap after
{Heap after GC invocations=60 (full 0):
 garbage-first heap   total 239616K, used 129664K [0x0000000080000000, 0x0000000100000000)
  region size 1024K, 2 young (2048K), 2 survivors (2048K)
 Metaspace       used 87142K, committed 88384K, reserved 557056K
  class space    used 12106K, committed 12672K, reserved 425984K
}
Event: 79.546 GC heap before
{Heap before GC invocations=60 (full 0):
 garbage-first heap   total 239616K, used 201344K [0x0000000080000000, 0x0000000100000000)
  region size 1024K, 69 young (70656K), 2 survivors (2048K)
 Metaspace       used 89510K, committed 90752K, reserved 557056K
  class space    used 12440K, committed 13056K, reserved 425984K
}
Event: 79.607 GC heap after
{Heap after GC invocations=61 (full 0):
 garbage-first heap   total 239616K, used 135015K [0x0000000080000000, 0x0000000100000000)
  region size 1024K, 5 young (5120K), 5 survivors (5120K)
 Metaspace       used 89510K, committed 90752K, reserved 557056K
  class space    used 12440K, committed 13056K, reserved 425984K
}
Event: 85.409 GC heap before
{Heap before GC invocations=62 (full 0):
 garbage-first heap   total 249856K, used 199527K [0x0000000080000000, 0x0000000100000000)
  region size 1024K, 68 young (69632K), 5 survivors (5120K)
 Metaspace       used 90085K, committed 91392K, reserved 557056K
  class space    used 12509K, committed 13120K, reserved 425984K
}
Event: 85.462 GC heap after
{Heap after GC invocations=63 (full 0):
 garbage-first heap   total 249856K, used 141798K [0x0000000080000000, 0x0000000100000000)
  region size 1024K, 9 young (9216K), 9 survivors (9216K)
 Metaspace       used 90085K, committed 91392K, reserved 557056K
  class space    used 12509K, committed 13120K, reserved 425984K
}
Event: 85.504 GC heap before
{Heap before GC invocations=63 (full 0):
 garbage-first heap   total 249856K, used 144870K [0x0000000080000000, 0x0000000100000000)
  region size 1024K, 12 young (12288K), 9 survivors (9216K)
 Metaspace       used 90091K, committed 91392K, reserved 557056K
  class space    used 12509K, committed 13120K, reserved 425984K
}
Event: 85.554 GC heap after
{Heap after GC invocations=64 (full 0):
 garbage-first heap   total 249856K, used 141811K [0x0000000080000000, 0x0000000100000000)
  region size 1024K, 2 young (2048K), 2 survivors (2048K)
 Metaspace       used 90091K, committed 91392K, reserved 557056K
  class space    used 12509K, committed 13120K, reserved 425984K
}
Event: 87.891 GC heap before
{Heap before GC invocations=64 (full 0):
 garbage-first heap   total 249856K, used 210419K [0x0000000080000000, 0x0000000100000000)
  region size 1024K, 65 young (66560K), 2 survivors (2048K)
 Metaspace       used 91429K, committed 92800K, reserved 557056K
  class space    used 12618K, committed 13248K, reserved 425984K
}

Dll operation events (15 events):
Event: 0.046 Loaded shared library C:\Program Files\Microsoft\jdk-17.0.19.10-hotspot\bin\java.dll
Event: 0.066 Loaded shared library C:\Program Files\Microsoft\jdk-17.0.19.10-hotspot\bin\jsvml.dll
Event: 0.155 Loaded shared library C:\Program Files\Microsoft\jdk-17.0.19.10-hotspot\bin\zip.dll
Event: 0.179 Loaded shared library C:\Program Files\Microsoft\jdk-17.0.19.10-hotspot\bin\instrument.dll
Event: 0.198 Loaded shared library C:\Program Files\Microsoft\jdk-17.0.19.10-hotspot\bin\net.dll
Event: 0.210 Loaded shared library C:\Program Files\Microsoft\jdk-17.0.19.10-hotspot\bin\nio.dll
Event: 0.217 Loaded shared library C:\Program Files\Microsoft\jdk-17.0.19.10-hotspot\bin\zip.dll
Event: 2.371 Loaded shared library C:\Program Files\Microsoft\jdk-17.0.19.10-hotspot\bin\jimage.dll
Event: 3.152 Loaded shared library C:\Program Files\Microsoft\jdk-17.0.19.10-hotspot\bin\verify.dll
Event: 3.194 Loaded shared library C:\Users\hp\.gradle\native\660c5614fbf4a5f2a75b1949f50a0caf5cd603558e7d8a26e50b933a0cfb79d1\windows-amd64\native-platform.dll
Event: 3.210 Loaded shared library C:\Users\hp\.gradle\native\0.2.8\x86_64-windows-gnu\gradle-fileevents.dll
Event: 4.508 Loaded shared library C:\Program Files\Microsoft\jdk-17.0.19.10-hotspot\bin\management.dll
Event: 4.529 Loaded shared library C:\Program Files\Microsoft\jdk-17.0.19.10-hotspot\bin\management_ext.dll
Event: 5.156 Loaded shared library C:\Program Files\Microsoft\jdk-17.0.19.10-hotspot\bin\extnet.dll
Event: 5.925 Loaded shared library C:\Program Files\Microsoft\jdk-17.0.19.10-hotspot\bin\sunmscapi.dll

Deoptimization events (20 events):
Event: 86.635 Thread 0x0000024f5ff7df30 DEOPT PACKING pc=0x0000024f30450d38 sp=0x0000008dedafe6b0
Event: 86.635 Thread 0x0000024f5ff7df30 DEOPT UNPACKING pc=0x0000024f2fbe69a3 sp=0x0000008dedafe578 mode 2
Event: 86.635 Thread 0x0000024f5ff7df30 Uncommon trap: trap_request=0xffffffd6 fr.pc=0x0000024f30450d38 relative=0x0000000000002ef8
Event: 86.635 Thread 0x0000024f5ff7df30 Uncommon trap: reason=array_check action=maybe_recompile pc=0x0000024f30450d38 method=java.util.ComparableTimSort.reverseRange([Ljava/lang/Object;II)V @ 20 c2
Event: 86.635 Thread 0x0000024f5ff7df30 DEOPT PACKING pc=0x0000024f30450d38 sp=0x0000008dedafe6b0
Event: 86.635 Thread 0x0000024f5ff7df30 DEOPT UNPACKING pc=0x0000024f2fbe69a3 sp=0x0000008dedafe578 mode 2
Event: 86.657 Thread 0x0000024f605a5aa0 DEOPT PACKING pc=0x0000024f2971453d sp=0x0000008dee3f78a0
Event: 86.658 Thread 0x0000024f605a5aa0 DEOPT UNPACKING pc=0x0000024f2fbe7143 sp=0x0000008dee3f6d48 mode 0
Event: 87.626 Thread 0x0000024f5ff7df30 Uncommon trap: trap_request=0xffffffd6 fr.pc=0x0000024f3072045c relative=0x000000000000321c
Event: 87.626 Thread 0x0000024f5ff7df30 Uncommon trap: reason=array_check action=maybe_recompile pc=0x0000024f3072045c method=java.util.ComparableTimSort.reverseRange([Ljava/lang/Object;II)V @ 27 c2
Event: 87.626 Thread 0x0000024f5ff7df30 DEOPT PACKING pc=0x0000024f3072045c sp=0x0000008dedafe6b0
Event: 87.626 Thread 0x0000024f5ff7df30 DEOPT UNPACKING pc=0x0000024f2fbe69a3 sp=0x0000008dedafe578 mode 2
Event: 87.626 Thread 0x0000024f5ff7df30 Uncommon trap: trap_request=0xffffffd6 fr.pc=0x0000024f3072045c relative=0x000000000000321c
Event: 87.626 Thread 0x0000024f5ff7df30 Uncommon trap: reason=array_check action=maybe_recompile pc=0x0000024f3072045c method=java.util.ComparableTimSort.reverseRange([Ljava/lang/Object;II)V @ 27 c2
Event: 87.626 Thread 0x0000024f5ff7df30 DEOPT PACKING pc=0x0000024f3072045c sp=0x0000008dedafe6b0
Event: 87.626 Thread 0x0000024f5ff7df30 DEOPT UNPACKING pc=0x0000024f2fbe69a3 sp=0x0000008dedafe578 mode 2
Event: 87.704 Thread 0x0000024f605a5aa0 Uncommon trap: trap_request=0xffffff45 fr.pc=0x0000024f308da340 relative=0x0000000000000100
Event: 87.704 Thread 0x0000024f605a5aa0 Uncommon trap: reason=unstable_if action=reinterpret pc=0x0000024f308da340 method=com.google.protobuf.DescriptorProtos$FieldDescriptorProto$Type.forNumber(I)Lcom/google/protobuf/DescriptorProtos$FieldDescriptorProto$Type; @ 1 c2
Event: 87.712 Thread 0x0000024f605a5aa0 DEOPT PACKING pc=0x0000024f308da340 sp=0x0000008dee3f6b20
Event: 87.712 Thread 0x0000024f605a5aa0 DEOPT UNPACKING pc=0x0000024f2fbe69a3 sp=0x0000008dee3f6aa8 mode 2

Classes loaded (20 events):
Event: 72.736 Loading class java/io/Console$2
Event: 72.737 Loading class jdk/internal/access/JavaIOAccess
Event: 72.743 Loading class jdk/internal/access/JavaIOAccess done
Event: 72.743 Loading class java/io/Console$2 done
Event: 86.658 Loading class java/util/TreeSetBeanInfo
Event: 86.663 Loading class java/util/TreeSetBeanInfo done
Event: 86.664 Loading class java/util/TreeSetBeanInfo
Event: 86.665 Loading class java/util/TreeSetBeanInfo done
Event: 86.666 Loading class java/util/AbstractSetBeanInfo
Event: 86.666 Loading class java/util/AbstractSetBeanInfo done
Event: 86.667 Loading class java/util/AbstractSetBeanInfo
Event: 86.667 Loading class java/util/AbstractSetBeanInfo done
Event: 86.667 Loading class java/util/AbstractSetCustomizer
Event: 86.668 Loading class java/util/AbstractSetCustomizer done
Event: 86.669 Loading class java/util/AbstractSetCustomizer
Event: 86.669 Loading class java/util/AbstractSetCustomizer done
Event: 86.679 Loading class java/util/TreeSetCustomizer
Event: 86.680 Loading class java/util/TreeSetCustomizer done
Event: 86.681 Loading class java/util/TreeSetCustomizer
Event: 86.681 Loading class java/util/TreeSetCustomizer done

Classes unloaded (0 events):
No events

Classes redefined (0 events):
No events

Internal exceptions (20 events):
Event: 85.678 Thread 0x0000024f605a5aa0 Exception <a 'java/lang/ClassNotFoundException'{0x000000008f164da0}: build_524rddp8c8y0tt7oglz1elnilBeanInfo> (0x000000008f164da0) 
thrown [s\src\hotspot\share\classfile\systemDictionary.cpp, line 256]
Event: 85.679 Thread 0x0000024f605a5aa0 Exception <a 'java/lang/ClassNotFoundException'{0x000000008f16d240}: build_524rddp8c8y0tt7oglz1elnilCustomizer> (0x000000008f16d240) 
thrown [s\src\hotspot\share\classfile\systemDictionary.cpp, line 256]
Event: 85.943 Thread 0x0000024f605a5aa0 Exception <a 'java/lang/ClassNotFoundException'{0x000000008e201518}: build_524rddp8c8y0tt7oglz1elnilBeanInfo> (0x000000008e201518) 
thrown [s\src\hotspot\share\classfile\systemDictionary.cpp, line 256]
Event: 85.944 Thread 0x0000024f605a5aa0 Exception <a 'java/lang/ClassNotFoundException'{0x000000008e209930}: build_524rddp8c8y0tt7oglz1elnilCustomizer> (0x000000008e209930) 
thrown [s\src\hotspot\share\classfile\systemDictionary.cpp, line 256]
Event: 86.047 Thread 0x0000024f605a5aa0 Exception <a 'java/lang/ClassNotFoundException'{0x000000008e09bf10}: build_524rddp8c8y0tt7oglz1elnil$_run_closure2$_closure6BeanInfo> (0x000000008e09bf10) 
thrown [s\src\hotspot\share\classfile\systemDictionary.cpp, line 256]
Event: 86.052 Thread 0x0000024f605a5aa0 Exception <a 'java/lang/ClassNotFoundException'{0x000000008e0ace50}: build_524rddp8c8y0tt7oglz1elnil$_run_closure2$_closure6Customizer> (0x000000008e0ace50) 
thrown [s\src\hotspot\share\classfile\systemDictionary.cpp, line 256]
Event: 86.056 Thread 0x0000024f605a5aa0 Exception <a 'java/lang/ClassNotFoundException'{0x000000008e0d2e70}: build_524rddp8c8y0tt7oglz1elnil$_run_closure2BeanInfo> (0x000000008e0d2e70) 
thrown [s\src\hotspot\share\classfile\systemDictionary.cpp, line 256]
Event: 86.059 Thread 0x0000024f605a5aa0 Exception <a 'java/lang/ClassNotFoundException'{0x000000008e0e3bd8}: build_524rddp8c8y0tt7oglz1elnil$_run_closure2Customizer> (0x000000008e0e3bd8) 
thrown [s\src\hotspot\share\classfile\systemDictionary.cpp, line 256]
Event: 86.200 Thread 0x0000024f605a5aa0 Exception <a 'java/lang/ClassNotFoundException'{0x000000008d95d680}: build_53wjvtkkxpgw6czfeldog7onnBeanInfo> (0x000000008d95d680) 
thrown [s\src\hotspot\share\classfile\systemDictionary.cpp, line 256]
Event: 86.202 Thread 0x0000024f605a5aa0 Exception <a 'java/lang/ClassNotFoundException'{0x000000008d965b20}: build_53wjvtkkxpgw6czfeldog7onnCustomizer> (0x000000008d965b20) 
thrown [s\src\hotspot\share\classfile\systemDictionary.cpp, line 256]
Event: 86.336 Thread 0x0000024f605a5aa0 Exception <a 'java/lang/ClassNotFoundException'{0x000000008cdb1c50}: build_53wjvtkkxpgw6czfeldog7onnBeanInfo> (0x000000008cdb1c50) 
thrown [s\src\hotspot\share\classfile\systemDictionary.cpp, line 256]
Event: 86.337 Thread 0x0000024f605a5aa0 Exception <a 'java/lang/ClassNotFoundException'{0x000000008cdba068}: build_53wjvtkkxpgw6czfeldog7onnCustomizer> (0x000000008cdba068) 
thrown [s\src\hotspot\share\classfile\systemDictionary.cpp, line 256]
Event: 86.447 Thread 0x0000024f605a5aa0 Exception <a 'java/lang/ClassNotFoundException'{0x000000008ca53750}: build_53wjvtkkxpgw6czfeldog7onn$_run_closure2$_closure6BeanInfo> (0x000000008ca53750) 
thrown [s\src\hotspot\share\classfile\systemDictionary.cpp, line 256]
Event: 86.451 Thread 0x0000024f605a5aa0 Exception <a 'java/lang/ClassNotFoundException'{0x000000008ca64688}: build_53wjvtkkxpgw6czfeldog7onn$_run_closure2$_closure6Customizer> (0x000000008ca64688) 
thrown [s\src\hotspot\share\classfile\systemDictionary.cpp, line 256]
Event: 86.455 Thread 0x0000024f605a5aa0 Exception <a 'java/lang/ClassNotFoundException'{0x000000008ca8a910}: build_53wjvtkkxpgw6czfeldog7onn$_run_closure2BeanInfo> (0x000000008ca8a910) 
thrown [s\src\hotspot\share\classfile\systemDictionary.cpp, line 256]
Event: 86.458 Thread 0x0000024f605a5aa0 Exception <a 'java/lang/ClassNotFoundException'{0x000000008ca9b678}: build_53wjvtkkxpgw6czfeldog7onn$_run_closure2Customizer> (0x000000008ca9b678) 
thrown [s\src\hotspot\share\classfile\systemDictionary.cpp, line 256]
Event: 86.665 Thread 0x0000024f605a5aa0 Exception <a 'java/lang/ClassNotFoundException'{0x000000008c4865b8}: java/util/TreeSetBeanInfo> (0x000000008c4865b8) 
thrown [s\src\hotspot\share\classfile\systemDictionary.cpp, line 256]
Event: 86.667 Thread 0x0000024f605a5aa0 Exception <a 'java/lang/ClassNotFoundException'{0x000000008c48d100}: java/util/AbstractSetBeanInfo> (0x000000008c48d100) 
thrown [s\src\hotspot\share\classfile\systemDictionary.cpp, line 256]
Event: 86.669 Thread 0x0000024f605a5aa0 Exception <a 'java/lang/ClassNotFoundException'{0x000000008c493cf0}: java/util/AbstractSetCustomizer> (0x000000008c493cf0) 
thrown [s\src\hotspot\share\classfile\systemDictionary.cpp, line 256]
Event: 86.681 Thread 0x0000024f605a5aa0 Exception <a 'java/lang/ClassNotFoundException'{0x000000008c4c0530}: java/util/TreeSetCustomizer> (0x000000008c4c0530) 
thrown [s\src\hotspot\share\classfile\systemDictionary.cpp, line 256]

VM Operations (20 events):
Event: 82.300 Executing VM operation: Cleanup done
Event: 83.305 Executing VM operation: Cleanup
Event: 83.321 Executing VM operation: Cleanup done
Event: 84.330 Executing VM operation: Cleanup
Event: 84.330 Executing VM operation: Cleanup done
Event: 84.980 Executing VM operation: HandshakeAllThreads
Event: 84.983 Executing VM operation: HandshakeAllThreads done
Event: 85.139 Executing VM operation: HandshakeAllThreads
Event: 85.152 Executing VM operation: HandshakeAllThreads done
Event: 85.285 Executing VM operation: HandshakeAllThreads
Event: 85.290 Executing VM operation: HandshakeAllThreads done
Event: 85.408 Executing VM operation: G1CollectForAllocation
Event: 85.462 Executing VM operation: G1CollectForAllocation done
Event: 85.503 Executing VM operation: G1CollectForAllocation
Event: 85.554 Executing VM operation: G1CollectForAllocation done
Event: 86.557 Executing VM operation: Cleanup
Event: 86.558 Executing VM operation: Cleanup done
Event: 87.564 Executing VM operation: Cleanup
Event: 87.564 Executing VM operation: Cleanup done
Event: 87.876 Executing VM operation: G1CollectForAllocation

Memory protections (0 events):
No events

Nmethod flushes (20 events):
Event: 85.343 Thread 0x0000024f3ef99a80 flushing  nmethod 0x0000024f298f8290
Event: 85.343 Thread 0x0000024f3ef99a80 flushing  nmethod 0x0000024f298fd790
Event: 85.343 Thread 0x0000024f3ef99a80 flushing  nmethod 0x0000024f298ffc90
Event: 85.343 Thread 0x0000024f3ef99a80 flushing  nmethod 0x0000024f29904e10
Event: 85.343 Thread 0x0000024f3ef99a80 flushing  nmethod 0x0000024f29927310
Event: 85.343 Thread 0x0000024f3ef99a80 flushing  nmethod 0x0000024f29927d10
Event: 85.345 Thread 0x0000024f3ef99a80 flushing  nmethod 0x0000024f29af7410
Event: 85.345 Thread 0x0000024f3ef99a80 flushing  nmethod 0x0000024f29afd010
Event: 85.345 Thread 0x0000024f3ef99a80 flushing  nmethod 0x0000024f29b05a90
Event: 85.345 Thread 0x0000024f3ef99a80 flushing  nmethod 0x0000024f29b07d90
Event: 85.345 Thread 0x0000024f3ef99a80 flushing  nmethod 0x0000024f29b0a290
Event: 85.345 Thread 0x0000024f3ef99a80 flushing  nmethod 0x0000024f29b13590
Event: 85.345 Thread 0x0000024f3ef99a80 flushing  nmethod 0x0000024f29b1a010
Event: 85.345 Thread 0x0000024f3ef99a80 flushing  nmethod 0x0000024f29b28f90
Event: 85.345 Thread 0x0000024f3ef99a80 flushing  nmethod 0x0000024f29b29810
Event: 85.345 Thread 0x0000024f3ef99a80 flushing  nmethod 0x0000024f29b2a710
Event: 85.346 Thread 0x0000024f3ef99a80 flushing  nmethod 0x0000024f29bbb110
Event: 85.346 Thread 0x0000024f3ef99a80 flushing  nmethod 0x0000024f29bd3290
Event: 85.346 Thread 0x0000024f3ef99a80 flushing  nmethod 0x0000024f29bf4610
Event: 85.346 Thread 0x0000024f3ef99a80 flushing  nmethod 0x0000024f29bf5590

Events (20 events):
Event: 12.072 Thread 0x0000024f605a5aa0 Thread added: 0x0000024f61a39750
Event: 12.261 Thread 0x0000024f605a5aa0 Thread added: 0x0000024f61a35fa0
Event: 12.830 Thread 0x0000024f605a5aa0 Thread added: 0x0000024f61a3ab90
Event: 13.067 Thread 0x0000024f605a5aa0 Thread added: 0x0000024f61a3b0a0
Event: 13.583 Thread 0x0000024f605a5aa0 Thread added: 0x0000024f61a3bfd0
Event: 13.676 Thread 0x0000024f605a5aa0 Thread added: 0x0000024f61a39c60
Event: 14.903 Thread 0x0000024f605a5aa0 Thread added: 0x0000024f61a3c4e0
Event: 14.945 Thread 0x0000024f605a5aa0 Thread added: 0x0000024f61a378f0
Event: 15.105 Thread 0x0000024f605a5aa0 Thread added: 0x0000024f61a3a680
Event: 18.386 Thread 0x0000024f605a5aa0 Thread added: 0x0000024f61a39240
Event: 18.386 Thread 0x0000024f605a5aa0 Thread added: 0x0000024f61a36ed0
Event: 18.714 Thread 0x0000024f605a5aa0 Thread added: 0x0000024f61a35070
Event: 18.720 Thread 0x0000024f605a5aa0 Thread added: 0x0000024f61a35580
Event: 18.873 Thread 0x0000024f605a5aa0 Thread added: 0x0000024f61a35a90
Event: 18.875 Thread 0x0000024f605a5aa0 Thread added: 0x0000024f61a364b0
Event: 22.450 Thread 0x0000024f605a5aa0 Thread added: 0x0000024f61a373e0
Event: 22.451 Thread 0x0000024f605a5aa0 Thread added: 0x0000024f61a37e00
Event: 34.658 Thread 0x0000024f605a5aa0 Thread added: 0x0000024f62ace5b0
Event: 49.162 Thread 0x0000024f605a5aa0 Thread added: 0x0000024f62ad4af0
Event: 69.518 Thread 0x0000024f605a5aa0 Thread added: 0x0000024f62ad2780


Dynamic libraries:
0x00007ff76f6f0000 - 0x00007ff76f6fe000 	C:\Program Files\Microsoft\jdk-17.0.19.10-hotspot\bin\java.exe
0x00007ff85cfb0000 - 0x00007ff85d1a8000 	C:\WINDOWS\SYSTEM32\ntdll.dll
0x00007ff85b100000 - 0x00007ff85b1c2000 	C:\WINDOWS\System32\KERNEL32.DLL
0x00007ff85aad0000 - 0x00007ff85adc6000 	C:\WINDOWS\System32\KERNELBASE.dll
0x00007ff85a7c0000 - 0x00007ff85a8c0000 	C:\WINDOWS\System32\ucrtbase.dll
0x00007ff8568a0000 - 0x00007ff8568b8000 	C:\Program Files\Microsoft\jdk-17.0.19.10-hotspot\bin\jli.dll
0x00007ff8566f0000 - 0x00007ff85670e000 	C:\Program Files\Microsoft\jdk-17.0.19.10-hotspot\bin\VCRUNTIME140.dll
0x00007ff85b670000 - 0x00007ff85b811000 	C:\WINDOWS\System32\USER32.dll
0x00007ff85a6e0000 - 0x00007ff85a702000 	C:\WINDOWS\System32\win32u.dll
0x00007ff8456b0000 - 0x00007ff84594b000 	C:\WINDOWS\WinSxS\amd64_microsoft.windows.common-controls_6595b64144ccf1df_6.0.19041.6456_none_60b8a6cb71f64256\COMCTL32.dll
0x00007ff85bc00000 - 0x00007ff85bc2b000 	C:\WINDOWS\System32\GDI32.dll
0x00007ff85bb60000 - 0x00007ff85bbfe000 	C:\WINDOWS\System32\msvcrt.dll
0x00007ff85ae60000 - 0x00007ff85af79000 	C:\WINDOWS\System32\gdi32full.dll
0x00007ff85a640000 - 0x00007ff85a6dd000 	C:\WINDOWS\System32\msvcp_win.dll
0x00007ff85cdb0000 - 0x00007ff85cddf000 	C:\WINDOWS\System32\IMM32.DLL
0x00007ff856ac0000 - 0x00007ff856acc000 	C:\Program Files\Microsoft\jdk-17.0.19.10-hotspot\bin\vcruntime140_1.dll
0x00007ff833970000 - 0x00007ff8339f9000 	C:\Program Files\Microsoft\jdk-17.0.19.10-hotspot\bin\msvcp140.dll
0x00007ff804780000 - 0x00007ff8053fb000 	C:\Program Files\Microsoft\jdk-17.0.19.10-hotspot\bin\server\jvm.dll
0x00007ff85b9b0000 - 0x00007ff85ba61000 	C:\WINDOWS\System32\ADVAPI32.dll
0x00007ff85b060000 - 0x00007ff85b0ff000 	C:\WINDOWS\System32\sechost.dll
0x00007ff85cdf0000 - 0x00007ff85cf10000 	C:\WINDOWS\System32\RPCRT4.dll
0x00007ff85a790000 - 0x00007ff85a7b7000 	C:\WINDOWS\System32\bcrypt.dll
0x00007ff85c820000 - 0x00007ff85c88b000 	C:\WINDOWS\System32\WS2_32.dll
0x00007ff859b80000 - 0x00007ff859bcb000 	C:\WINDOWS\SYSTEM32\POWRPROF.dll
0x00007ff848f60000 - 0x00007ff848f87000 	C:\WINDOWS\SYSTEM32\WINMM.dll
0x00007ff852680000 - 0x00007ff85268a000 	C:\WINDOWS\SYSTEM32\VERSION.dll
0x00007ff859a40000 - 0x00007ff859a52000 	C:\WINDOWS\SYSTEM32\UMPDC.dll
0x00007ff858e50000 - 0x00007ff858e62000 	C:\WINDOWS\SYSTEM32\kernel.appcore.dll
0x00007ff8566e0000 - 0x00007ff8566ea000 	C:\Program Files\Microsoft\jdk-17.0.19.10-hotspot\bin\jimage.dll
0x00007ff858390000 - 0x00007ff858591000 	C:\WINDOWS\SYSTEM32\DBGHELP.DLL
0x00007ff83d130000 - 0x00007ff83d164000 	C:\WINDOWS\SYSTEM32\dbgcore.DLL
0x00007ff85add0000 - 0x00007ff85ae52000 	C:\WINDOWS\System32\bcryptPrimitives.dll
0x00007ff8566d0000 - 0x00007ff8566df000 	C:\Program Files\Microsoft\jdk-17.0.19.10-hotspot\bin\instrument.dll
0x00007ff8566a0000 - 0x00007ff8566c6000 	C:\Program Files\Microsoft\jdk-17.0.19.10-hotspot\bin\java.dll
0x00007ff82f460000 - 0x00007ff82f536000 	C:\Program Files\Microsoft\jdk-17.0.19.10-hotspot\bin\jsvml.dll
0x00007ff85bc30000 - 0x00007ff85c3a0000 	C:\WINDOWS\System32\SHELL32.dll
0x00007ff8585a0000 - 0x00007ff858d45000 	C:\WINDOWS\SYSTEM32\windows.storage.dll
0x00007ff85ca50000 - 0x00007ff85cda4000 	C:\WINDOWS\System32\combase.dll
0x00007ff85a070000 - 0x00007ff85a09b000 	C:\WINDOWS\SYSTEM32\Wldp.dll
0x00007ff85b4f0000 - 0x00007ff85b5bd000 	C:\WINDOWS\System32\OLEAUT32.dll
0x00007ff85b5c0000 - 0x00007ff85b66d000 	C:\WINDOWS\System32\SHCORE.dll
0x00007ff85cf10000 - 0x00007ff85cf6b000 	C:\WINDOWS\System32\shlwapi.dll
0x00007ff85a570000 - 0x00007ff85a594000 	C:\WINDOWS\SYSTEM32\profapi.dll
0x00007ff8565e0000 - 0x00007ff8565f8000 	C:\Program Files\Microsoft\jdk-17.0.19.10-hotspot\bin\zip.dll
0x00007ff8565c0000 - 0x00007ff8565db000 	C:\Program Files\Microsoft\jdk-17.0.19.10-hotspot\bin\net.dll
0x00007ff8519b0000 - 0x00007ff851aba000 	C:\WINDOWS\SYSTEM32\WINHTTP.dll
0x00007ff859dd0000 - 0x00007ff859e3a000 	C:\WINDOWS\system32\mswsock.dll
0x00007ff853ef0000 - 0x00007ff853f06000 	C:\Program Files\Microsoft\jdk-17.0.19.10-hotspot\bin\nio.dll
0x00007ff856150000 - 0x00007ff856160000 	C:\Program Files\Microsoft\jdk-17.0.19.10-hotspot\bin\verify.dll
0x00007ff8563b0000 - 0x00007ff8563d7000 	C:\Users\hp\.gradle\native\660c5614fbf4a5f2a75b1949f50a0caf5cd603558e7d8a26e50b933a0cfb79d1\windows-amd64\native-platform.dll
0x00007ff8343f0000 - 0x00007ff834467000 	C:\Users\hp\.gradle\native\0.2.8\x86_64-windows-gnu\gradle-fileevents.dll
0x00007ff853ee0000 - 0x00007ff853eea000 	C:\Program Files\Microsoft\jdk-17.0.19.10-hotspot\bin\management.dll
0x00007ff8533d0000 - 0x00007ff8533dc000 	C:\Program Files\Microsoft\jdk-17.0.19.10-hotspot\bin\management_ext.dll
0x00007ff85cde0000 - 0x00007ff85cde8000 	C:\WINDOWS\System32\PSAPI.DLL
0x00007ff859a60000 - 0x00007ff859a9b000 	C:\WINDOWS\SYSTEM32\IPHLPAPI.DLL
0x00007ff85c3a0000 - 0x00007ff85c3a8000 	C:\WINDOWS\System32\NSI.dll
0x00007ff8526b0000 - 0x00007ff8526c7000 	C:\WINDOWS\SYSTEM32\dhcpcsvc6.DLL
0x00007ff8528b0000 - 0x00007ff8528cd000 	C:\WINDOWS\SYSTEM32\dhcpcsvc.DLL
0x00007ff859ab0000 - 0x00007ff859b7a000 	C:\WINDOWS\SYSTEM32\DNSAPI.dll
0x00007ff853200000 - 0x00007ff853209000 	C:\Program Files\Microsoft\jdk-17.0.19.10-hotspot\bin\extnet.dll
0x00007ff859fc0000 - 0x00007ff859fd8000 	C:\WINDOWS\SYSTEM32\CRYPTSP.dll
0x00007ff859680000 - 0x00007ff8596b8000 	C:\WINDOWS\system32\rsaenh.dll
0x00007ff85a4f0000 - 0x00007ff85a51e000 	C:\WINDOWS\SYSTEM32\USERENV.dll
0x00007ff859fe0000 - 0x00007ff859fec000 	C:\WINDOWS\SYSTEM32\CRYPTBASE.dll
0x00007ff8531f0000 - 0x00007ff8531fe000 	C:\Program Files\Microsoft\jdk-17.0.19.10-hotspot\bin\sunmscapi.dll
0x00007ff85a8c0000 - 0x00007ff85aa1d000 	C:\WINDOWS\System32\CRYPT32.dll
0x00007ff85a0e0000 - 0x00007ff85a107000 	C:\WINDOWS\SYSTEM32\ncrypt.dll
0x00007ff85a0a0000 - 0x00007ff85a0db000 	C:\WINDOWS\SYSTEM32\NTASN1.dll
0x00007ff838050000 - 0x00007ff838057000 	C:\WINDOWS\system32\wshunix.dll

dbghelp: loaded successfully - version: 4.0.5 - missing functions: none
symbol engine: initialized successfully - sym options: 0x614 - pdb path: .;C:\Program Files\Microsoft\jdk-17.0.19.10-hotspot\bin;C:\WINDOWS\SYSTEM32;C:\WINDOWS\WinSxS\amd64_microsoft.windows.common-controls_6595b64144ccf1df_6.0.19041.6456_none_60b8a6cb71f64256;C:\Program Files\Microsoft\jdk-17.0.19.10-hotspot\bin\server;C:\Users\hp\.gradle\native\660c5614fbf4a5f2a75b1949f50a0caf5cd603558e7d8a26e50b933a0cfb79d1\windows-amd64;C:\Users\hp\.gradle\native\0.2.8\x86_64-windows-gnu

VM Arguments:
jvm_args: --add-opens=java.base/java.lang=ALL-UNNAMED --add-opens=java.base/java.lang.invoke=ALL-UNNAMED --add-opens=java.base/java.util=ALL-UNNAMED --add-opens=java.prefs/java.util.prefs=ALL-UNNAMED --add-exports=jdk.compiler/com.sun.tools.javac.api=ALL-UNNAMED --add-exports=jdk.compiler/com.sun.tools.javac.util=ALL-UNNAMED --add-opens=java.base/java.util=ALL-UNNAMED --add-opens=java.prefs/java.util.prefs=ALL-UNNAMED --add-opens=java.base/java.nio.charset=ALL-UNNAMED --add-opens=java.base/java.net=ALL-UNNAMED --add-opens=java.base/java.util.concurrent=ALL-UNNAMED --add-opens=java.base/java.util.concurrent.atomic=ALL-UNNAMED --add-opens=java.xml/javax.xml.namespace=ALL-UNNAMED --add-opens=java.base/java.time=ALL-UNNAMED -XX:MaxMetaspaceSize=512m -Xmx2048m -Dfile.encoding=UTF-8 -Duser.country=US -Duser.language=en -Duser.variant -javaagent:C:\Users\hp\.gradle\wrapper\dists\gradle-9.4.1-bin\arn2x92ynaizyzdaamcbpbhtj\gradle-9.4.1\lib\agents\gradle-instrumentation-agent-9.4.1.jar 
java_command: org.gradle.launcher.daemon.bootstrap.GradleDaemon 9.4.1
java_class_path (initial): C:\Users\hp\.gradle\wrapper\dists\gradle-9.4.1-bin\arn2x92ynaizyzdaamcbpbhtj\gradle-9.4.1\lib\gradle-daemon-main-9.4.1.jar
Launcher Type: SUN_STANDARD

[Global flags]
     intx CICompilerCount                          = 4                                         {product} {ergonomic}
   size_t CompressedClassSpaceSize                 = 436207616                                 {product} {ergonomic}
     uint ConcGCThreads                            = 2                                         {product} {ergonomic}
     uint G1ConcRefinementThreads                  = 8                                         {product} {ergonomic}
   size_t G1HeapRegionSize                         = 1048576                                   {product} {ergonomic}
    uintx GCDrainStackTargetSize                   = 64                                        {product} {ergonomic}
   size_t InitialHeapSize                          = 67108864                                  {product} {ergonomic}
   size_t MarkStackSize                            = 4194304                                   {product} {ergonomic}
   size_t MaxHeapSize                              = 2147483648                                {product} {command line}
   size_t MaxMetaspaceSize                         = 536870912                                 {product} {command line}
   size_t MaxNewSize                               = 1287651328                                {product} {ergonomic}
   size_t MinHeapDeltaBytes                        = 1048576                                   {product} {ergonomic}
   size_t MinHeapSize                              = 8388608                                   {product} {ergonomic}
    uintx NonNMethodCodeHeapSize                   = 5839372                                {pd product} {ergonomic}
    uintx NonProfiledCodeHeapSize                  = 122909434                              {pd product} {ergonomic}
    uintx ProfiledCodeHeapSize                     = 122909434                              {pd product} {ergonomic}
    uintx ReservedCodeCacheSize                    = 251658240                              {pd product} {ergonomic}
     bool SegmentedCodeCache                       = true                                      {product} {ergonomic}
   size_t SoftMaxHeapSize                          = 2147483648                             {manageable} {ergonomic}
     bool UseCompressedClassPointers               = true                           {product lp64_product} {ergonomic}
     bool UseCompressedOops                        = true                           {product lp64_product} {ergonomic}
     bool UseG1GC                                  = true                                      {product} {ergonomic}
     bool UseLargePagesIndividualAllocation        = false                                  {pd product} {ergonomic}

Logging:
Log output configuration:
 #0: stdout all=warning uptime,level,tags
 #1: stderr all=off uptime,level,tags

Environment Variables:
PATH=C:\Program Files\Microsoft\jdk-17.0.19.10-hotspot\bin;C:\Python314\Scripts\;C:\Python314\;C:\Windows\system32;C:\Windows;C:\Windows\System32\Wbem;C:\Windows\System32\WindowsPowerShell\v1.0\;C:\Windows\System32\OpenSSH\;C:\Program Files (x86)\NVIDIA Corporation\PhysX\Common;C:\WINDOWS\system32;C:\WINDOWS;C:\WINDOWS\System32\Wbem;C:\WINDOWS\System32\WindowsPowerShell\v1.0\;C:\WINDOWS\System32\OpenSSH\;C:\Program Files\nodejs\;C:\ProgramData\chocolatey\bin;C:\Program Files\Microsoft SQL Server\170\Tools\Binn\;C:\Program Files\Git\cmd;C:\Users\hp\AppData\Local\Microsoft\WindowsApps;C:\Users\hp\AppData\Roaming\npm;C:\Users\hp\.dotnet\tools;C:\Users\hp\AppData\Local\Programs\Microsoft VS Code\bin;C:\Users\hp\AppData\Local\Programs\Antigravity IDE\bin;C:\Users\hp\AppData\Local\GitHubDesktop\bin
USERNAME=hp
OS=Windows_NT
PROCESSOR_IDENTIFIER=Intel64 Family 6 Model 142 Stepping 12, GenuineIntel
TMP=C:\Users\hp\AppData\Local\Temp
TEMP=C:\Users\hp\AppData\Local\Temp



Periodic native trim disabled


---------------  S Y S T E M  ---------------

OS:
 Windows 10 , 64 bit Build 19041 (10.0.19041.5915)
OS uptime: 1 days 5:40 hours

CPU: total 8 (initial active 8) (4 cores per cpu, 2 threads per core) family 6 model 142 stepping 12 microcode 0xfa, cx8, cmov, fxsr, ht, mmx, 3dnowpref, sse, sse2, sse3, ssse3, sse4.1, sse4.2, popcnt, lzcnt, tsc, tscinvbit, avx, avx2, aes, erms, clmul, bmi1, bmi2, adx, fma, vzeroupper, clflush, clflushopt
Processor Information for the first 8 processors :
  Max Mhz: 1800, Current Mhz: 1600, Mhz Limit: 1584

Memory: 4k page, system-wide physical 3974M (126M free)
TotalPageFile size 16262M (AvailPageFile size 154M)
current process WorkingSet (physical memory assigned to process): 302M, peak: 310M
current process commit charge ("private bytes"): 547M, peak: 964M

vm_info: OpenJDK 64-Bit Server VM (17.0.19+10-LTS) for windows-amd64 JRE (17.0.19+10-LTS), built on Apr 18 2026 18:24:40 by "MicrosoftCorporation" with MS VC++ 17.14 (VS2022)

END.
