#
# There is insufficient memory for the Java Runtime Environment to continue.
# Native memory allocation (mmap) failed to map 199229440 bytes. Error detail: G1 virtual space
# Possible reasons:
#   The system is out of physical RAM or swap space
#   This process is running with CompressedOops enabled, and the Java Heap may be blocking the growth of the native heap
# Possible solutions:
#   Reduce memory load on the system
#   Increase physical memory or swap space
#   Check if swap backing store is full
#   Decrease Java heap size (-Xmx/-Xms)
#   Decrease number of Java threads
#   Decrease Java thread stack sizes (-Xss)
#   Set larger code cache with -XX:ReservedCodeCacheSize=
#   JVM is running with Unscaled Compressed Oops mode in which the Java heap is
#     placed in the first 4GB address space. The Java Heap base address is the
#     maximum limit for the native heap growth. Please use -XX:HeapBaseMinAddress
#     to set the Java Heap base and to place the Java Heap above 4GB virtual address.
# This output file may be truncated or incomplete.
#
#  Out of Memory Error (os_windows.cpp:3690), pid=18020, tid=14464
#
# JRE version: OpenJDK Runtime Environment Microsoft-13877129 (17.0.19+10) (build 17.0.19+10-LTS)
# Java VM: OpenJDK 64-Bit Server VM Microsoft-13877129 (17.0.19+10-LTS, mixed mode, sharing, tiered, compressed oops, compressed class ptrs, g1 gc, windows-amd64)
# No core dump will be written. Minidumps are not enabled by default on client versions of Windows
#

---------------  S U M M A R Y ------------

Command Line: --add-opens=java.base/java.lang=ALL-UNNAMED --add-opens=java.base/java.lang.invoke=ALL-UNNAMED --add-opens=java.base/java.util=ALL-UNNAMED --add-opens=java.prefs/java.util.prefs=ALL-UNNAMED --add-exports=jdk.compiler/com.sun.tools.javac.api=ALL-UNNAMED --add-exports=jdk.compiler/com.sun.tools.javac.util=ALL-UNNAMED --add-opens=java.base/java.util=ALL-UNNAMED --add-opens=java.prefs/java.util.prefs=ALL-UNNAMED --add-opens=java.base/java.nio.charset=ALL-UNNAMED --add-opens=java.base/java.net=ALL-UNNAMED --add-opens=java.base/java.util.concurrent=ALL-UNNAMED --add-opens=java.base/java.util.concurrent.atomic=ALL-UNNAMED --add-opens=java.xml/javax.xml.namespace=ALL-UNNAMED --add-opens=java.base/java.time=ALL-UNNAMED -XX:MaxMetaspaceSize=512m -Xmx2048m -Dfile.encoding=UTF-8 -Duser.country=US -Duser.language=en -Duser.variant -javaagent:C:\Users\hp\.gradle\wrapper\dists\gradle-9.4.1-bin\arn2x92ynaizyzdaamcbpbhtj\gradle-9.4.1\lib\agents\gradle-instrumentation-agent-9.4.1.jar org.gradle.launcher.daemon.bootstrap.GradleDaemon 9.4.1

Host: Intel(R) Core(TM) i5-8265U CPU @ 1.60GHz, 8 cores, 3G,  Windows 10 , 64 bit Build 19041 (10.0.19041.5915)
Time: Sat Aug  1 02:14:24 2026 Arabic Standard Time elapsed time: 60.476711 seconds (0d 0h 1m 0s)

---------------  T H R E A D  ---------------

Current thread (0x0000016a3bb70cf0):  VMThread "VM Thread" [stack: 0x00000050d1800000,0x00000050d1900000] [id=14464]

Stack: [0x00000050d1800000,0x00000050d1900000]
Native frames: (J=compiled Java code, j=interpreted, Vv=VM code, C=native code)
V  [jvm.dll+0x68cc89]  (no source info available)
V  [jvm.dll+0x845d89]  (no source info available)
V  [jvm.dll+0x847af8]  (no source info available)
V  [jvm.dll+0x848183]  (no source info available)
V  [jvm.dll+0x24d0bf]  (no source info available)
V  [jvm.dll+0x68c089]  (no source info available)
V  [jvm.dll+0x68064a]  (no source info available)
V  [jvm.dll+0x3102f0]  (no source info available)
V  [jvm.dll+0x310192]  (no source info available)
V  [jvm.dll+0x317709]  (no source info available)
V  [jvm.dll+0x369b09]  (no source info available)
V  [jvm.dll+0x369d3d]  (no source info available)
V  [jvm.dll+0x2e6afa]  (no source info available)
V  [jvm.dll+0x2e4ef1]  (no source info available)
V  [jvm.dll+0x2e468c]  (no source info available)
V  [jvm.dll+0x32903b]  (no source info available)
V  [jvm.dll+0x84ca0d]  (no source info available)
V  [jvm.dll+0x84d723]  (no source info available)
V  [jvm.dll+0x84dc54]  (no source info available)
V  [jvm.dll+0x84e038]  (no source info available)
V  [jvm.dll+0x84e12e]  (no source info available)
V  [jvm.dll+0x7f62cc]  (no source info available)
V  [jvm.dll+0x68e227]  (no source info available)
C  [ucrtbase.dll+0x21bb2]  (no source info available)
C  [KERNEL32.DLL+0x17374]  (no source info available)
C  [ntdll.dll+0x4cc91]  (no source info available)

VM_Operation (0x00000050d32f4be0): G1CollectForAllocation, mode: safepoint, requested by thread 0x0000016a5b567fa0


---------------  P R O C E S S  ---------------

Threads class SMR info:
_java_thread_list=0x0000016a608d7750, length=52, elements={
0x0000016a1d6a0430, 0x0000016a3bb78a20, 0x0000016a3bb794f0, 0x0000016a3bb91120,
0x0000016a3bb93e00, 0x0000016a3bb946d0, 0x0000016a3bb94fa0, 0x0000016a3bb990a0,
0x0000016a3bba59e0, 0x0000016a3bbaeac0, 0x0000016a3bc9f7c0, 0x0000016a3bd402b0,
0x0000016a5c9b5870, 0x0000016a5ba13030, 0x0000016a5b56bb60, 0x0000016a5c2828b0,
0x0000016a5b5689c0, 0x0000016a5b567580, 0x0000016a5b567fa0, 0x0000016a5b567a90,
0x0000016a5b567070, 0x0000016a5b5684b0, 0x0000016a5bc477c0, 0x0000016a5bc486f0,
0x0000016a5bc47cd0, 0x0000016a5bc481e0, 0x0000016a5bc49110, 0x0000016a5bc49620,
0x0000016a5bc49b30, 0x0000016a5bc4a040, 0x0000016a5bc4a550, 0x0000016a5bc4aa60,
0x0000016a5bc4af70, 0x0000016a5ec1f0a0, 0x0000016a5ec1b8f0, 0x0000016a5ec19a90,
0x0000016a5ec1aed0, 0x0000016a5ec1ffd0, 0x0000016a5ec1c310, 0x0000016a5ec19070,
0x0000016a5ec1cd30, 0x0000016a5ec1d240, 0x0000016a5ec1fac0, 0x0000016a5ec1f5b0,
0x0000016a5ec1d750, 0x0000016a5ec19fa0, 0x0000016a5ec1e680, 0x0000016a5ec1eb90,
0x0000016a5ec1b3e0, 0x0000016a5ec1a4b0, 0x0000016a5ec1e170, 0x0000016a5ed5e790
}

Java Threads: ( => current thread )
  0x0000016a1d6a0430 JavaThread "main" [_thread_blocked, id=6080, stack(0x00000050d1200000,0x00000050d1300000)]
  0x0000016a3bb78a20 JavaThread "Reference Handler" daemon [_thread_blocked, id=7140, stack(0x00000050d1900000,0x00000050d1a00000)]
  0x0000016a3bb794f0 JavaThread "Finalizer" daemon [_thread_blocked, id=14820, stack(0x00000050d1a00000,0x00000050d1b00000)]
  0x0000016a3bb91120 JavaThread "Signal Dispatcher" daemon [_thread_blocked, id=11920, stack(0x00000050d1b00000,0x00000050d1c00000)]
  0x0000016a3bb93e00 JavaThread "Attach Listener" daemon [_thread_blocked, id=15020, stack(0x00000050d1c00000,0x00000050d1d00000)]
  0x0000016a3bb946d0 JavaThread "Service Thread" daemon [_thread_blocked, id=10296, stack(0x00000050d1d00000,0x00000050d1e00000)]
  0x0000016a3bb94fa0 JavaThread "Monitor Deflation Thread" daemon [_thread_blocked, id=144, stack(0x00000050d1e00000,0x00000050d1f00000)]
  0x0000016a3bb990a0 JavaThread "C2 CompilerThread0" daemon [_thread_blocked, id=17344, stack(0x00000050d1f00000,0x00000050d2000000)]
  0x0000016a3bba59e0 JavaThread "C1 CompilerThread0" daemon [_thread_blocked, id=17528, stack(0x00000050d2000000,0x00000050d2100000)]
  0x0000016a3bbaeac0 JavaThread "Sweeper thread" daemon [_thread_blocked, id=18152, stack(0x00000050d2100000,0x00000050d2200000)]
  0x0000016a3bc9f7c0 JavaThread "Common-Cleaner" daemon [_thread_blocked, id=10776, stack(0x00000050d2200000,0x00000050d2300000)]
  0x0000016a3bd402b0 JavaThread "Notification Thread" daemon [_thread_blocked, id=17688, stack(0x00000050d2300000,0x00000050d2400000)]
  0x0000016a5c9b5870 JavaThread "Daemon health stats" [_thread_blocked, id=6660, stack(0x00000050d2900000,0x00000050d2a00000)]
  0x0000016a5ba13030 JavaThread "Incoming local TCP Connector on port 52685" [_thread_in_native, id=15984, stack(0x00000050d2a00000,0x00000050d2b00000)]
  0x0000016a5b56bb60 JavaThread "Daemon periodic checks" [_thread_blocked, id=6108, stack(0x00000050d2b00000,0x00000050d2c00000)]
  0x0000016a5c2828b0 JavaThread "Daemon" [_thread_blocked, id=17996, stack(0x00000050d2c00000,0x00000050d2d00000)]
  0x0000016a5b5689c0 JavaThread "Handler for socket connection from /127.0.0.1:52685 to /127.0.0.1:52686" [_thread_in_native, id=18164, stack(0x00000050d2d00000,0x00000050d2e00000)]
  0x0000016a5b567580 JavaThread "Cancel handler" [_thread_blocked, id=11684, stack(0x00000050d2e00000,0x00000050d2f00000)]
  0x0000016a5b567fa0 JavaThread "Daemon worker" [_thread_blocked, id=8952, stack(0x00000050d3200000,0x00000050d3300000)]
  0x0000016a5b567a90 JavaThread "Asynchronous log dispatcher for DefaultDaemonConnection: socket connection from /127.0.0.1:52685 to /127.0.0.1:52686" [_thread_blocked, id=15760, stack(0x00000050d3300000,0x00000050d3400000)]
  0x0000016a5b567070 JavaThread "Stdin handler" [_thread_blocked, id=10000, stack(0x00000050d3400000,0x00000050d3500000)]
  0x0000016a5b5684b0 JavaThread "Daemon client event forwarder" [_thread_blocked, id=13616, stack(0x00000050d3500000,0x00000050d3600000)]
  0x0000016a5bc477c0 JavaThread "Cache worker for journal cache (C:\Users\hp\.gradle\caches\journal-1)" [_thread_blocked, id=12124, stack(0x00000050d3600000,0x00000050d3700000)]
  0x0000016a5bc486f0 JavaThread "File lock request listener" [_thread_in_native, id=3520, stack(0x00000050d3700000,0x00000050d3800000)]
  0x0000016a5bc47cd0 JavaThread "Cache worker for file hash cache (C:\Users\hp\.gradle\caches\9.4.1\fileHashes)" [_thread_blocked, id=15884, stack(0x00000050d3800000,0x00000050d3900000)]
  0x0000016a5bc481e0 JavaThread "File lock release action executor" [_thread_blocked, id=17864, stack(0x00000050d3900000,0x00000050d3a00000)]
  0x0000016a5bc49110 JavaThread "Cache worker for file hash cache (C:\Users\hp\Documents\GitHub\souqbaghdad\artifacts\souq-baghdad\android\.gradle\9.4.1\fileHashes)" [_thread_blocked, id=15368, stack(0x00000050d3b00000,0x00000050d3c00000)]
  0x0000016a5bc49620 JavaThread "Cache worker for Build Output Cleanup Cache (C:\Users\hp\Documents\GitHub\souqbaghdad\artifacts\souq-baghdad\android\.gradle\buildOutputCleanup)" [_thread_blocked, id=15548, stack(0x00000050d3c00000,0x00000050d3d00000)]
  0x0000016a5bc49b30 JavaThread "File watcher server" daemon [_thread_in_native, id=16236, stack(0x00000050d3d00000,0x00000050d3e00000)]
  0x0000016a5bc4a040 JavaThread "File watcher consumer" daemon [_thread_blocked, id=16952, stack(0x00000050d3e00000,0x00000050d3f00000)]
  0x0000016a5bc4a550 JavaThread "jar transforms" [_thread_blocked, id=9424, stack(0x00000050d3f00000,0x00000050d4000000)]
  0x0000016a5bc4aa60 JavaThread "jar transforms Thread 2" [_thread_blocked, id=17364, stack(0x00000050d4000000,0x00000050d4100000)]
  0x0000016a5bc4af70 JavaThread "jar transforms Thread 3" [_thread_blocked, id=1372, stack(0x00000050d4100000,0x00000050d4200000)]
  0x0000016a5ec1f0a0 JavaThread "Cache worker for file content cache (C:\Users\hp\.gradle\caches\9.4.1\fileContent)" [_thread_blocked, id=15076, stack(0x00000050d4200000,0x00000050d4300000)]
  0x0000016a5ec1b8f0 JavaThread "Cache worker for checksums cache (C:\Users\hp\Documents\GitHub\souqbaghdad\artifacts\souq-baghdad\android\.gradle\9.4.1\checksums)" [_thread_blocked, id=15600, stack(0x00000050d4300000,0x00000050d4400000)]
  0x0000016a5ec19a90 JavaThread "Cache worker for cache directory md-supplier (C:\Users\hp\.gradle\caches\9.4.1\md-supplier)" [_thread_blocked, id=15204, stack(0x00000050d4400000,0x00000050d4500000)]
  0x0000016a5ec1aed0 JavaThread "Cache worker for cache directory md-rule (C:\Users\hp\.gradle\caches\9.4.1\md-rule)" [_thread_blocked, id=6496, stack(0x00000050d4500000,0x00000050d4600000)]
  0x0000016a5ec1ffd0 JavaThread "jar transforms Thread 4" [_thread_blocked, id=13592, stack(0x00000050d4600000,0x00000050d4700000)]
  0x0000016a5ec1c310 JavaThread "jar transforms Thread 5" [_thread_blocked, id=17912, stack(0x00000050d4700000,0x00000050d4800000)]
  0x0000016a5ec19070 JavaThread "jar transforms Thread 6" [_thread_blocked, id=572, stack(0x00000050d4800000,0x00000050d4900000)]
  0x0000016a5ec1cd30 JavaThread "jar transforms Thread 7" [_thread_blocked, id=16684, stack(0x00000050d4900000,0x00000050d4a00000)]
  0x0000016a5ec1d240 JavaThread "jar transforms Thread 8" [_thread_blocked, id=4688, stack(0x00000050d4a00000,0x00000050d4b00000)]
  0x0000016a5ec1fac0 JavaThread "Build operations" [_thread_blocked, id=12640, stack(0x00000050d4b00000,0x00000050d4c00000)]
  0x0000016a5ec1f5b0 JavaThread "Build operations Thread 2" [_thread_blocked, id=17876, stack(0x00000050d4c00000,0x00000050d4d00000)]
  0x0000016a5ec1d750 JavaThread "Build operations Thread 3" [_thread_blocked, id=16080, stack(0x00000050d4d00000,0x00000050d4e00000)]
  0x0000016a5ec19fa0 JavaThread "Build operations Thread 4" [_thread_blocked, id=7352, stack(0x00000050d4e00000,0x00000050d4f00000)]
  0x0000016a5ec1e680 JavaThread "Build operations Thread 5" [_thread_blocked, id=7308, stack(0x00000050d4f00000,0x00000050d5000000)]
  0x0000016a5ec1eb90 JavaThread "Build operations Thread 6" [_thread_blocked, id=9356, stack(0x00000050d5000000,0x00000050d5100000)]
  0x0000016a5ec1b3e0 JavaThread "Build operations Thread 7" [_thread_blocked, id=16320, stack(0x00000050d5100000,0x00000050d5200000)]
  0x0000016a5ec1a4b0 JavaThread "Build operations Thread 8" [_thread_blocked, id=1320, stack(0x00000050d5200000,0x00000050d5300000)]
  0x0000016a5ec1e170 JavaThread "Memory manager" [_thread_blocked, id=17800, stack(0x00000050d5500000,0x00000050d5600000)]
  0x0000016a5ed5e790 JavaThread "Problems report writer" [_thread_blocked, id=15776, stack(0x00000050d5600000,0x00000050d5700000)]

Other Threads:
=>0x0000016a3bb70cf0 VMThread "VM Thread" [stack: 0x00000050d1800000,0x00000050d1900000] [id=14464]
  0x0000016a3bd40790 WatcherThread [stack: 0x00000050d2400000,0x00000050d2500000] [id=17852]
  0x0000016a1d6fbc00 GCTaskThread "GC Thread#0" [stack: 0x00000050d1300000,0x00000050d1400000] [id=4192]
  0x0000016a5b617fb0 GCTaskThread "GC Thread#1" [stack: 0x00000050d2500000,0x00000050d2600000] [id=18372]
  0x0000016a5b9655b0 GCTaskThread "GC Thread#2" [stack: 0x00000050d2600000,0x00000050d2700000] [id=15672]
  0x0000016a5b965880 GCTaskThread "GC Thread#3" [stack: 0x00000050d2700000,0x00000050d2800000] [id=17104]
  0x0000016a5b9c9a90 GCTaskThread "GC Thread#4" [stack: 0x00000050d2800000,0x00000050d2900000] [id=9716]
  0x0000016a5b9c8f50 GCTaskThread "GC Thread#5" [stack: 0x00000050d2f00000,0x00000050d3000000] [id=16612]
  0x0000016a5b9c8410 GCTaskThread "GC Thread#6" [stack: 0x00000050d3000000,0x00000050d3100000] [id=10904]
  0x0000016a5b9c89b0 GCTaskThread "GC Thread#7" [stack: 0x00000050d3100000,0x00000050d3200000] [id=8876]
  0x0000016a1d70c910 ConcurrentGCThread "G1 Main Marker" [stack: 0x00000050d1400000,0x00000050d1500000] [id=8864]
  0x0000016a1d70d880 ConcurrentGCThread "G1 Conc#0" [stack: 0x00000050d1500000,0x00000050d1600000] [id=18252]
  0x0000016a5b9c94f0 ConcurrentGCThread "G1 Conc#1" [stack: 0x00000050d3a00000,0x00000050d3b00000] [id=4116]
  0x0000016a1d75ec90 ConcurrentGCThread "G1 Refine#0" [stack: 0x00000050d1600000,0x00000050d1700000] [id=11032]
  0x0000016a3ba296c0 ConcurrentGCThread "G1 Service" [stack: 0x00000050d1700000,0x00000050d1800000] [id=17196]

Threads with active compile tasks:
C2 CompilerThread0  60655 12553       4       java.lang.invoke.LambdaFormEditor$TransformKey::of (49 bytes)
C1 CompilerThread0  60655 12569       3       java.util.stream.Nodes$IntFixedNodeBuilder::accept (61 bytes)

VM state: at safepoint (normal execution)

VM Mutex/Monitor currently owned by a thread:  ([mutex/lock_event])
[0x0000016a1d69b150] Threads_lock - owner thread: 0x0000016a3bb70cf0
[0x0000016a1d69b270] Heap_lock - owner thread: 0x0000016a5b567fa0

Heap address: 0x0000000080000000, size: 2048 MB, Compressed Oops mode: 32-bit

CDS archive(s) mapped at: [0x0000016a3c000000-0x0000016a3cbb0000-0x0000016a3cbb0000), size 12255232, SharedBaseAddress: 0x0000016a3c000000, ArchiveRelocationMode: 1.
Compressed class space mapped at: 0x0000016a3d000000-0x0000016a57000000, reserved size: 436207616
Narrow klass base: 0x0000016a3c000000, Narrow klass shift: 0, Narrow klass range: 0x100000000

GC Precious Log:
 CPUs: 8 total, 8 available
 Memory: 3974M
 Large Page Support: Disabled
 NUMA Support: Disabled
 Compressed Oops: Enabled (32-bit)
 Heap Region Size: 1M
 Heap Min Capacity: 8M
 Heap Initial Capacity: 64M
 Heap Max Capacity: 2G
 Pre-touch: Disabled
 Parallel Workers: 8
 Concurrent Workers: 2
 Concurrent Refinement Workers: 8
 Periodic GC: Disabled

Heap:
 garbage-first heap   total 284672K, used 110460K [0x0000000080000000, 0x0000000100000000)
  region size 1024K, 5 young (5120K), 5 survivors (5120K)
 Metaspace       used 77928K, committed 79104K, reserved 557056K
  class space    used 10838K, committed 11392K, reserved 425984K

Heap Regions: E=young(eden), S=young(survivor), O=old, HS=humongous(starts), HC=humongous(continues), CS=collection set, F=free, OA=open archive, CA=closed archive, TAMS=top-at-mark-start (previous, next)
|   0|0x0000000080000000, 0x0000000080100000, 0x0000000080100000|100%|HS|  |TAMS 0x0000000080100000, 0x0000000080000000| Complete 
|   1|0x0000000080100000, 0x0000000080200000, 0x0000000080200000|100%|HC|  |TAMS 0x0000000080200000, 0x0000000080100000| Complete 
|   2|0x0000000080200000, 0x0000000080300000, 0x0000000080300000|100%|HC|  |TAMS 0x0000000080300000, 0x0000000080200000| Complete 
|   3|0x0000000080300000, 0x0000000080400000, 0x0000000080400000|100%|HC|  |TAMS 0x0000000080400000, 0x0000000080300000| Complete 
|   4|0x0000000080400000, 0x0000000080500000, 0x0000000080500000|100%| O|  |TAMS 0x0000000080500000, 0x0000000080400000| Untracked 
|   5|0x0000000080500000, 0x0000000080600000, 0x0000000080600000|100%| O|  |TAMS 0x0000000080600000, 0x0000000080500000| Untracked 
|   6|0x0000000080600000, 0x0000000080700000, 0x0000000080700000|100%| O|  |TAMS 0x0000000080700000, 0x0000000080600000| Untracked 
|   7|0x0000000080700000, 0x0000000080800000, 0x0000000080800000|100%| O|  |TAMS 0x0000000080800000, 0x0000000080700000| Untracked 
|   8|0x0000000080800000, 0x0000000080900000, 0x0000000080900000|100%| O|  |TAMS 0x0000000080900000, 0x0000000080800000| Untracked 
|   9|0x0000000080900000, 0x0000000080a00000, 0x0000000080a00000|100%| O|  |TAMS 0x0000000080a00000, 0x0000000080900000| Untracked 
|  10|0x0000000080a00000, 0x0000000080b00000, 0x0000000080b00000|100%|HS|  |TAMS 0x0000000080b00000, 0x0000000080a00000| Complete 
|  11|0x0000000080b00000, 0x0000000080c00000, 0x0000000080c00000|100%|HS|  |TAMS 0x0000000080c00000, 0x0000000080b00000| Complete 
|  12|0x0000000080c00000, 0x0000000080d00000, 0x0000000080d00000|100%| O|  |TAMS 0x0000000080d00000, 0x0000000080c00000| Untracked 
|  13|0x0000000080d00000, 0x0000000080e00000, 0x0000000080e00000|100%| O|  |TAMS 0x0000000080e00000, 0x0000000080d00000| Untracked 
|  14|0x0000000080e00000, 0x0000000080f00000, 0x0000000080f00000|100%| O|  |TAMS 0x0000000080f00000, 0x0000000080e00000| Untracked 
|  15|0x0000000080f00000, 0x0000000081000000, 0x0000000081000000|100%| O|  |TAMS 0x0000000081000000, 0x0000000080f00000| Untracked 
|  16|0x0000000081000000, 0x0000000081100000, 0x0000000081100000|100%| O|  |TAMS 0x0000000081100000, 0x0000000081000000| Untracked 
|  17|0x0000000081100000, 0x0000000081200000, 0x0000000081200000|100%| O|  |TAMS 0x0000000081200000, 0x0000000081100000| Untracked 
|  18|0x0000000081200000, 0x0000000081300000, 0x0000000081300000|100%| O|  |TAMS 0x0000000081300000, 0x0000000081200000| Untracked 
|  19|0x0000000081300000, 0x0000000081400000, 0x0000000081400000|100%| O|  |TAMS 0x0000000081400000, 0x0000000081300000| Untracked 
|  20|0x0000000081400000, 0x0000000081500000, 0x0000000081500000|100%| O|  |TAMS 0x0000000081500000, 0x0000000081400000| Untracked 
|  21|0x0000000081500000, 0x0000000081600000, 0x0000000081600000|100%| O|  |TAMS 0x0000000081600000, 0x0000000081500000| Untracked 
|  22|0x0000000081600000, 0x0000000081700000, 0x0000000081700000|100%| O|  |TAMS 0x0000000081700000, 0x0000000081600000| Untracked 
|  23|0x0000000081700000, 0x0000000081800000, 0x0000000081800000|100%| O|  |TAMS 0x0000000081800000, 0x0000000081700000| Untracked 
|  24|0x0000000081800000, 0x0000000081900000, 0x0000000081900000|100%| O|  |TAMS 0x0000000081900000, 0x0000000081800000| Untracked 
|  25|0x0000000081900000, 0x0000000081a00000, 0x0000000081a00000|100%| O|  |TAMS 0x0000000081a00000, 0x0000000081900000| Untracked 
|  26|0x0000000081a00000, 0x0000000081b00000, 0x0000000081b00000|100%| O|  |TAMS 0x0000000081b00000, 0x0000000081a00000| Untracked 
|  27|0x0000000081b00000, 0x0000000081c00000, 0x0000000081c00000|100%| O|  |TAMS 0x0000000081c00000, 0x0000000081b00000| Untracked 
|  28|0x0000000081c00000, 0x0000000081d00000, 0x0000000081d00000|100%| O|  |TAMS 0x0000000081d00000, 0x0000000081c00000| Untracked 
|  29|0x0000000081d00000, 0x0000000081e00000, 0x0000000081e00000|100%| O|  |TAMS 0x0000000081e00000, 0x0000000081d00000| Untracked 
|  30|0x0000000081e00000, 0x0000000081f00000, 0x0000000081f00000|100%| O|  |TAMS 0x0000000081f00000, 0x0000000081e00000| Untracked 
|  31|0x0000000081f00000, 0x0000000082000000, 0x0000000082000000|100%| O|  |TAMS 0x0000000082000000, 0x0000000081f00000| Untracked 
|  32|0x0000000082000000, 0x0000000082100000, 0x0000000082100000|100%| O|  |TAMS 0x0000000082100000, 0x0000000082000000| Untracked 
|  33|0x0000000082100000, 0x0000000082200000, 0x0000000082200000|100%| O|  |TAMS 0x0000000082200000, 0x0000000082100000| Untracked 
|  34|0x0000000082200000, 0x0000000082300000, 0x0000000082300000|100%| O|  |TAMS 0x0000000082300000, 0x0000000082200000| Untracked 
|  35|0x0000000082300000, 0x0000000082400000, 0x0000000082400000|100%| O|  |TAMS 0x0000000082400000, 0x0000000082300000| Untracked 
|  36|0x0000000082400000, 0x0000000082500000, 0x0000000082500000|100%| O|  |TAMS 0x0000000082500000, 0x0000000082400000| Untracked 
|  37|0x0000000082500000, 0x0000000082600000, 0x0000000082600000|100%| O|  |TAMS 0x0000000082600000, 0x0000000082500000| Untracked 
|  38|0x0000000082600000, 0x0000000082700000, 0x0000000082700000|100%| O|  |TAMS 0x0000000082700000, 0x0000000082600000| Untracked 
|  39|0x0000000082700000, 0x0000000082800000, 0x0000000082800000|100%| O|  |TAMS 0x0000000082800000, 0x0000000082700000| Untracked 
|  40|0x0000000082800000, 0x0000000082900000, 0x0000000082900000|100%| O|  |TAMS 0x0000000082900000, 0x0000000082800000| Untracked 
|  41|0x0000000082900000, 0x0000000082a00000, 0x0000000082a00000|100%| O|  |TAMS 0x0000000082a00000, 0x0000000082900000| Untracked 
|  42|0x0000000082a00000, 0x0000000082b00000, 0x0000000082b00000|100%| O|  |TAMS 0x0000000082b00000, 0x0000000082a00000| Untracked 
|  43|0x0000000082b00000, 0x0000000082c00000, 0x0000000082c00000|100%| O|  |TAMS 0x0000000082c00000, 0x0000000082b00000| Untracked 
|  44|0x0000000082c00000, 0x0000000082d00000, 0x0000000082d00000|100%|HS|  |TAMS 0x0000000082c00000, 0x0000000082c00000| Complete 
|  45|0x0000000082d00000, 0x0000000082e00000, 0x0000000082e00000|100%| O|  |TAMS 0x0000000082e00000, 0x0000000082d00000| Untracked 
|  46|0x0000000082e00000, 0x0000000082f00000, 0x0000000082f00000|100%| O|  |TAMS 0x0000000082f00000, 0x0000000082e00000| Untracked 
|  47|0x0000000082f00000, 0x0000000083000000, 0x0000000083000000|100%| O|  |TAMS 0x0000000083000000, 0x0000000082f00000| Untracked 
|  48|0x0000000083000000, 0x0000000083100000, 0x0000000083100000|100%| O|  |TAMS 0x0000000083000000, 0x0000000083000000| Untracked 
|  49|0x0000000083100000, 0x0000000083200000, 0x0000000083200000|100%| O|  |TAMS 0x0000000083200000, 0x0000000083100000| Untracked 
|  50|0x0000000083200000, 0x0000000083300000, 0x0000000083300000|100%|HS|  |TAMS 0x0000000083300000, 0x0000000083200000| Complete 
|  51|0x0000000083300000, 0x0000000083400000, 0x0000000083400000|100%|HS|  |TAMS 0x0000000083400000, 0x0000000083300000| Complete 
|  52|0x0000000083400000, 0x0000000083500000, 0x0000000083500000|100%|HS|  |TAMS 0x0000000083500000, 0x0000000083400000| Complete 
|  53|0x0000000083500000, 0x0000000083600000, 0x0000000083600000|100%|HC|  |TAMS 0x0000000083600000, 0x0000000083500000| Complete 
|  54|0x0000000083600000, 0x0000000083700000, 0x0000000083700000|100%|HS|  |TAMS 0x0000000083700000, 0x0000000083600000| Complete 
|  55|0x0000000083700000, 0x0000000083800000, 0x0000000083800000|100%| O|  |TAMS 0x0000000083800000, 0x0000000083700000| Untracked 
|  56|0x0000000083800000, 0x0000000083900000, 0x0000000083900000|100%| O|  |TAMS 0x0000000083900000, 0x0000000083800000| Untracked 
|  57|0x0000000083900000, 0x0000000083a00000, 0x0000000083a00000|100%| O|  |TAMS 0x0000000083a00000, 0x0000000083900000| Untracked 
|  58|0x0000000083a00000, 0x0000000083b00000, 0x0000000083b00000|100%| O|  |TAMS 0x0000000083b00000, 0x0000000083a00000| Untracked 
|  59|0x0000000083b00000, 0x0000000083c00000, 0x0000000083c00000|100%| O|  |TAMS 0x0000000083c00000, 0x0000000083b00000| Untracked 
|  60|0x0000000083c00000, 0x0000000083d00000, 0x0000000083d00000|100%| O|  |TAMS 0x0000000083d00000, 0x0000000083c00000| Untracked 
|  61|0x0000000083d00000, 0x0000000083e00000, 0x0000000083e00000|100%| O|  |TAMS 0x0000000083e00000, 0x0000000083d00000| Untracked 
|  62|0x0000000083e00000, 0x0000000083f00000, 0x0000000083f00000|100%| O|  |TAMS 0x0000000083f00000, 0x0000000083e00000| Untracked 
|  63|0x0000000083f00000, 0x0000000084000000, 0x0000000084000000|100%| O|  |TAMS 0x0000000084000000, 0x0000000083f00000| Untracked 
|  64|0x0000000084000000, 0x00000000840da600, 0x0000000084100000| 85%| O|  |TAMS 0x00000000840da600, 0x0000000084000000| Untracked 
|  65|0x0000000084100000, 0x0000000084200000, 0x0000000084200000|100%|HS|  |TAMS 0x0000000084100000, 0x0000000084100000| Complete 
|  66|0x0000000084200000, 0x0000000084300000, 0x0000000084300000|100%|HS|  |TAMS 0x0000000084200000, 0x0000000084200000| Complete 
|  67|0x0000000084300000, 0x0000000084400000, 0x0000000084400000|100%| O|  |TAMS 0x0000000084300000, 0x0000000084300000| Untracked 
|  68|0x0000000084400000, 0x0000000084500000, 0x0000000084500000|100%|HS|  |TAMS 0x0000000084400000, 0x0000000084400000| Complete 
|  69|0x0000000084500000, 0x0000000084600000, 0x0000000084600000|100%|HS|  |TAMS 0x0000000084500000, 0x0000000084500000| Complete 
|  70|0x0000000084600000, 0x0000000084700000, 0x0000000084700000|100%| O|  |TAMS 0x0000000084600000, 0x0000000084600000| Untracked 
|  71|0x0000000084700000, 0x0000000084800000, 0x0000000084800000|100%| O|  |TAMS 0x0000000084700000, 0x0000000084700000| Untracked 
|  72|0x0000000084800000, 0x0000000084900000, 0x0000000084900000|100%| O|  |TAMS 0x0000000084800000, 0x0000000084800000| Untracked 
|  73|0x0000000084900000, 0x0000000084a00000, 0x0000000084a00000|100%| O|  |TAMS 0x0000000084900000, 0x0000000084900000| Untracked 
|  74|0x0000000084a00000, 0x0000000084b00000, 0x0000000084b00000|100%| O|  |TAMS 0x0000000084a00000, 0x0000000084a00000| Untracked 
|  75|0x0000000084b00000, 0x0000000084c00000, 0x0000000084c00000|100%| O|  |TAMS 0x0000000084b00000, 0x0000000084b00000| Untracked 
|  76|0x0000000084c00000, 0x0000000084d00000, 0x0000000084d00000|100%| O|  |TAMS 0x0000000084c00000, 0x0000000084c00000| Untracked 
|  77|0x0000000084d00000, 0x0000000084e00000, 0x0000000084e00000|100%| O|  |TAMS 0x0000000084d00000, 0x0000000084d00000| Untracked 
|  78|0x0000000084e00000, 0x0000000084f00000, 0x0000000084f00000|100%|HS|  |TAMS 0x0000000084e00000, 0x0000000084e00000| Complete 
|  79|0x0000000084f00000, 0x0000000085000000, 0x0000000085000000|100%|HC|  |TAMS 0x0000000084f00000, 0x0000000084f00000| Complete 
|  80|0x0000000085000000, 0x0000000085100000, 0x0000000085100000|100%| O|  |TAMS 0x0000000085000000, 0x0000000085000000| Untracked 
|  81|0x0000000085100000, 0x0000000085200000, 0x0000000085200000|100%|HS|  |TAMS 0x0000000085100000, 0x0000000085100000| Complete 
|  82|0x0000000085200000, 0x0000000085300000, 0x0000000085300000|100%| O|  |TAMS 0x0000000085200000, 0x0000000085200000| Untracked 
|  83|0x0000000085300000, 0x0000000085400000, 0x0000000085400000|100%| O|  |TAMS 0x0000000085300000, 0x0000000085300000| Untracked 
|  84|0x0000000085400000, 0x0000000085500000, 0x0000000085500000|100%| O|  |TAMS 0x0000000085400000, 0x0000000085400000| Untracked 
|  85|0x0000000085500000, 0x0000000085600000, 0x0000000085600000|100%| O|  |TAMS 0x0000000085500000, 0x0000000085500000| Untracked 
|  86|0x0000000085600000, 0x0000000085700000, 0x0000000085700000|100%| O|  |TAMS 0x0000000085600000, 0x0000000085600000| Untracked 
|  87|0x0000000085700000, 0x0000000085800000, 0x0000000085800000|100%| O|  |TAMS 0x0000000085700000, 0x0000000085700000| Untracked 
|  88|0x0000000085800000, 0x0000000085900000, 0x0000000085900000|100%| O|  |TAMS 0x0000000085800000, 0x0000000085800000| Untracked 
|  89|0x0000000085900000, 0x0000000085a00000, 0x0000000085a00000|100%| O|  |TAMS 0x0000000085900000, 0x0000000085900000| Untracked 
|  90|0x0000000085a00000, 0x0000000085b00000, 0x0000000085b00000|100%| O|  |TAMS 0x0000000085a00000, 0x0000000085a00000| Untracked 
|  91|0x0000000085b00000, 0x0000000085c00000, 0x0000000085c00000|100%| O|  |TAMS 0x0000000085b00000, 0x0000000085b00000| Untracked 
|  92|0x0000000085c00000, 0x0000000085d00000, 0x0000000085d00000|100%| O|  |TAMS 0x0000000085c00000, 0x0000000085c00000| Untracked 
|  93|0x0000000085d00000, 0x0000000085e00000, 0x0000000085e00000|100%| O|  |TAMS 0x0000000085d00000, 0x0000000085d00000| Untracked 
|  94|0x0000000085e00000, 0x0000000085f00000, 0x0000000085f00000|100%| O|  |TAMS 0x0000000085e00000, 0x0000000085e00000| Untracked 
|  95|0x0000000085f00000, 0x0000000086000000, 0x0000000086000000|100%| O|  |TAMS 0x0000000085f00000, 0x0000000085f00000| Untracked 
|  96|0x0000000086000000, 0x0000000086100000, 0x0000000086100000|100%| O|  |TAMS 0x0000000086000000, 0x0000000086000000| Untracked 
|  97|0x0000000086100000, 0x0000000086200000, 0x0000000086200000|100%| O|  |TAMS 0x0000000086100000, 0x0000000086100000| Untracked 
|  98|0x0000000086200000, 0x0000000086300000, 0x0000000086300000|100%| O|  |TAMS 0x0000000086200000, 0x0000000086200000| Untracked 
|  99|0x0000000086300000, 0x0000000086400000, 0x0000000086400000|100%| O|  |TAMS 0x0000000086300000, 0x0000000086300000| Untracked 
| 100|0x0000000086400000, 0x0000000086500000, 0x0000000086500000|100%| O|  |TAMS 0x0000000086400000, 0x0000000086400000| Untracked 
| 101|0x0000000086500000, 0x0000000086600000, 0x0000000086600000|100%| O|  |TAMS 0x0000000086500000, 0x0000000086500000| Untracked 
| 102|0x0000000086600000, 0x0000000086700000, 0x0000000086700000|100%| O|  |TAMS 0x0000000086600000, 0x0000000086600000| Untracked 
| 103|0x0000000086700000, 0x000000008671a200, 0x0000000086800000| 10%| O|  |TAMS 0x0000000086700000, 0x0000000086700000| Untracked 
| 104|0x0000000086800000, 0x0000000086800000, 0x0000000086900000|  0%| F|  |TAMS 0x0000000086800000, 0x0000000086800000| Untracked 
| 105|0x0000000086900000, 0x0000000086900000, 0x0000000086a00000|  0%| F|  |TAMS 0x0000000086900000, 0x0000000086900000| Untracked 
| 106|0x0000000086a00000, 0x0000000086a00000, 0x0000000086b00000|  0%| F|  |TAMS 0x0000000086a00000, 0x0000000086a00000| Untracked 
| 107|0x0000000086b00000, 0x0000000086b00000, 0x0000000086c00000|  0%| F|  |TAMS 0x0000000086b00000, 0x0000000086b00000| Untracked 
| 108|0x0000000086c00000, 0x0000000086c00000, 0x0000000086d00000|  0%| F|  |TAMS 0x0000000086c00000, 0x0000000086c00000| Untracked 
| 109|0x0000000086d00000, 0x0000000086d00000, 0x0000000086e00000|  0%| F|  |TAMS 0x0000000086d00000, 0x0000000086d00000| Untracked 
| 110|0x0000000086e00000, 0x0000000086e00000, 0x0000000086f00000|  0%| F|  |TAMS 0x0000000086e00000, 0x0000000086e00000| Untracked 
| 111|0x0000000086f00000, 0x0000000086f00000, 0x0000000087000000|  0%| F|  |TAMS 0x0000000086f00000, 0x0000000086f00000| Untracked 
| 112|0x0000000087000000, 0x0000000087000000, 0x0000000087100000|  0%| F|  |TAMS 0x0000000087000000, 0x0000000087000000| Untracked 
| 113|0x0000000087100000, 0x0000000087100000, 0x0000000087200000|  0%| F|  |TAMS 0x0000000087100000, 0x0000000087100000| Untracked 
| 114|0x0000000087200000, 0x0000000087200000, 0x0000000087300000|  0%| F|  |TAMS 0x0000000087200000, 0x0000000087200000| Untracked 
| 115|0x0000000087300000, 0x0000000087300000, 0x0000000087400000|  0%| F|  |TAMS 0x0000000087300000, 0x0000000087300000| Untracked 
| 116|0x0000000087400000, 0x0000000087400000, 0x0000000087500000|  0%| F|  |TAMS 0x0000000087400000, 0x0000000087400000| Untracked 
| 117|0x0000000087500000, 0x0000000087500000, 0x0000000087600000|  0%| F|  |TAMS 0x0000000087500000, 0x0000000087500000| Untracked 
| 118|0x0000000087600000, 0x0000000087600000, 0x0000000087700000|  0%| F|  |TAMS 0x0000000087600000, 0x0000000087600000| Untracked 
| 119|0x0000000087700000, 0x0000000087700000, 0x0000000087800000|  0%| F|  |TAMS 0x0000000087700000, 0x0000000087700000| Untracked 
| 120|0x0000000087800000, 0x0000000087800000, 0x0000000087900000|  0%| F|  |TAMS 0x0000000087800000, 0x0000000087800000| Untracked 
| 121|0x0000000087900000, 0x0000000087900000, 0x0000000087a00000|  0%| F|  |TAMS 0x0000000087900000, 0x0000000087900000| Untracked 
| 122|0x0000000087a00000, 0x0000000087a00000, 0x0000000087b00000|  0%| F|  |TAMS 0x0000000087a00000, 0x0000000087a00000| Untracked 
| 123|0x0000000087b00000, 0x0000000087b00000, 0x0000000087c00000|  0%| F|  |TAMS 0x0000000087b00000, 0x0000000087b00000| Untracked 
| 124|0x0000000087c00000, 0x0000000087c00000, 0x0000000087d00000|  0%| F|  |TAMS 0x0000000087c00000, 0x0000000087c00000| Untracked 
| 125|0x0000000087d00000, 0x0000000087d00000, 0x0000000087e00000|  0%| F|  |TAMS 0x0000000087d00000, 0x0000000087d00000| Untracked 
| 126|0x0000000087e00000, 0x0000000087e00000, 0x0000000087f00000|  0%| F|  |TAMS 0x0000000087e00000, 0x0000000087e00000| Untracked 
| 127|0x0000000087f00000, 0x0000000087f00000, 0x0000000088000000|  0%| F|  |TAMS 0x0000000087f00000, 0x0000000087f00000| Untracked 
| 128|0x0000000088000000, 0x0000000088000000, 0x0000000088100000|  0%| F|  |TAMS 0x0000000088000000, 0x0000000088000000| Untracked 
| 129|0x0000000088100000, 0x0000000088100000, 0x0000000088200000|  0%| F|  |TAMS 0x0000000088100000, 0x0000000088100000| Untracked 
| 130|0x0000000088200000, 0x0000000088200000, 0x0000000088300000|  0%| F|  |TAMS 0x0000000088200000, 0x0000000088200000| Untracked 
| 131|0x0000000088300000, 0x0000000088300000, 0x0000000088400000|  0%| F|  |TAMS 0x0000000088300000, 0x0000000088300000| Untracked 
| 132|0x0000000088400000, 0x0000000088400000, 0x0000000088500000|  0%| F|  |TAMS 0x0000000088400000, 0x0000000088400000| Untracked 
| 133|0x0000000088500000, 0x0000000088500000, 0x0000000088600000|  0%| F|  |TAMS 0x0000000088500000, 0x0000000088500000| Untracked 
| 134|0x0000000088600000, 0x0000000088600000, 0x0000000088700000|  0%| F|  |TAMS 0x0000000088600000, 0x0000000088600000| Untracked 
| 135|0x0000000088700000, 0x0000000088700000, 0x0000000088800000|  0%| F|  |TAMS 0x0000000088700000, 0x0000000088700000| Untracked 
| 136|0x0000000088800000, 0x0000000088800000, 0x0000000088900000|  0%| F|  |TAMS 0x0000000088800000, 0x0000000088800000| Untracked 
| 137|0x0000000088900000, 0x0000000088900000, 0x0000000088a00000|  0%| F|  |TAMS 0x0000000088900000, 0x0000000088900000| Untracked 
| 138|0x0000000088a00000, 0x0000000088a00000, 0x0000000088b00000|  0%| F|  |TAMS 0x0000000088a00000, 0x0000000088a00000| Untracked 
| 139|0x0000000088b00000, 0x0000000088b00000, 0x0000000088c00000|  0%| F|  |TAMS 0x0000000088b00000, 0x0000000088b00000| Untracked 
| 140|0x0000000088c00000, 0x0000000088c00000, 0x0000000088d00000|  0%| F|  |TAMS 0x0000000088c00000, 0x0000000088c00000| Untracked 
| 141|0x0000000088d00000, 0x0000000088d00000, 0x0000000088e00000|  0%| F|  |TAMS 0x0000000088d00000, 0x0000000088d00000| Untracked 
| 142|0x0000000088e00000, 0x0000000088e00000, 0x0000000088f00000|  0%| F|  |TAMS 0x0000000088e00000, 0x0000000088e00000| Untracked 
| 143|0x0000000088f00000, 0x0000000088f00000, 0x0000000089000000|  0%| F|  |TAMS 0x0000000088f00000, 0x0000000088f00000| Untracked 
| 144|0x0000000089000000, 0x0000000089000000, 0x0000000089100000|  0%| F|  |TAMS 0x0000000089000000, 0x0000000089000000| Untracked 
| 145|0x0000000089100000, 0x0000000089100000, 0x0000000089200000|  0%| F|  |TAMS 0x0000000089100000, 0x0000000089100000| Untracked 
| 146|0x0000000089200000, 0x00000000892ea880, 0x0000000089300000| 91%| S|CS|TAMS 0x0000000089200000, 0x0000000089200000| Complete 
| 147|0x0000000089300000, 0x0000000089400000, 0x0000000089400000|100%| S|CS|TAMS 0x0000000089300000, 0x0000000089300000| Complete 
| 148|0x0000000089400000, 0x0000000089500000, 0x0000000089500000|100%| S|CS|TAMS 0x0000000089400000, 0x0000000089400000| Complete 
| 149|0x0000000089500000, 0x0000000089600000, 0x0000000089600000|100%| S|CS|TAMS 0x0000000089500000, 0x0000000089500000| Complete 
| 150|0x0000000089600000, 0x0000000089700000, 0x0000000089700000|100%| S|CS|TAMS 0x0000000089600000, 0x0000000089600000| Complete 
| 151|0x0000000089700000, 0x0000000089700000, 0x0000000089800000|  0%| F|  |TAMS 0x0000000089700000, 0x0000000089700000| Untracked 
| 152|0x0000000089800000, 0x0000000089800000, 0x0000000089900000|  0%| F|  |TAMS 0x0000000089800000, 0x0000000089800000| Untracked 
| 153|0x0000000089900000, 0x0000000089900000, 0x0000000089a00000|  0%| F|  |TAMS 0x0000000089900000, 0x0000000089900000| Untracked 
| 154|0x0000000089a00000, 0x0000000089a00000, 0x0000000089b00000|  0%| F|  |TAMS 0x0000000089a00000, 0x0000000089a00000| Untracked 
| 155|0x0000000089b00000, 0x0000000089b00000, 0x0000000089c00000|  0%| F|  |TAMS 0x0000000089b00000, 0x0000000089b00000| Untracked 
| 156|0x0000000089c00000, 0x0000000089c00000, 0x0000000089d00000|  0%| F|  |TAMS 0x0000000089c00000, 0x0000000089c00000| Untracked 
| 157|0x0000000089d00000, 0x0000000089d00000, 0x0000000089e00000|  0%| F|  |TAMS 0x0000000089d00000, 0x0000000089d00000| Untracked 
| 158|0x0000000089e00000, 0x0000000089e00000, 0x0000000089f00000|  0%| F|  |TAMS 0x0000000089e00000, 0x0000000089e00000| Untracked 
| 159|0x0000000089f00000, 0x0000000089f00000, 0x000000008a000000|  0%| F|  |TAMS 0x0000000089f00000, 0x0000000089f00000| Untracked 
| 160|0x000000008a000000, 0x000000008a000000, 0x000000008a100000|  0%| F|  |TAMS 0x000000008a000000, 0x000000008a000000| Untracked 
| 161|0x000000008a100000, 0x000000008a100000, 0x000000008a200000|  0%| F|  |TAMS 0x000000008a100000, 0x000000008a100000| Untracked 
| 162|0x000000008a200000, 0x000000008a200000, 0x000000008a300000|  0%| F|  |TAMS 0x000000008a200000, 0x000000008a200000| Untracked 
| 163|0x000000008a300000, 0x000000008a300000, 0x000000008a400000|  0%| F|  |TAMS 0x000000008a300000, 0x000000008a300000| Untracked 
| 164|0x000000008a400000, 0x000000008a400000, 0x000000008a500000|  0%| F|  |TAMS 0x000000008a400000, 0x000000008a400000| Untracked 
| 165|0x000000008a500000, 0x000000008a500000, 0x000000008a600000|  0%| F|  |TAMS 0x000000008a500000, 0x000000008a500000| Untracked 
| 166|0x000000008a600000, 0x000000008a600000, 0x000000008a700000|  0%| F|  |TAMS 0x000000008a600000, 0x000000008a600000| Untracked 
| 167|0x000000008a700000, 0x000000008a700000, 0x000000008a800000|  0%| F|  |TAMS 0x000000008a700000, 0x000000008a700000| Untracked 
| 168|0x000000008a800000, 0x000000008a800000, 0x000000008a900000|  0%| F|  |TAMS 0x000000008a800000, 0x000000008a800000| Untracked 
| 169|0x000000008a900000, 0x000000008a900000, 0x000000008aa00000|  0%| F|  |TAMS 0x000000008a900000, 0x000000008a900000| Untracked 
| 170|0x000000008aa00000, 0x000000008aa00000, 0x000000008ab00000|  0%| F|  |TAMS 0x000000008aa00000, 0x000000008aa00000| Untracked 
| 171|0x000000008ab00000, 0x000000008ab00000, 0x000000008ac00000|  0%| F|  |TAMS 0x000000008ab00000, 0x000000008ab00000| Untracked 
| 172|0x000000008ac00000, 0x000000008ac00000, 0x000000008ad00000|  0%| F|  |TAMS 0x000000008ac00000, 0x000000008ac00000| Untracked 
| 173|0x000000008ad00000, 0x000000008ad00000, 0x000000008ae00000|  0%| F|  |TAMS 0x000000008ad00000, 0x000000008ad00000| Untracked 
| 174|0x000000008ae00000, 0x000000008ae00000, 0x000000008af00000|  0%| F|  |TAMS 0x000000008ae00000, 0x000000008ae00000| Untracked 
| 175|0x000000008af00000, 0x000000008af00000, 0x000000008b000000|  0%| F|  |TAMS 0x000000008af00000, 0x000000008af00000| Untracked 
| 176|0x000000008b000000, 0x000000008b000000, 0x000000008b100000|  0%| F|  |TAMS 0x000000008b000000, 0x000000008b000000| Untracked 
| 177|0x000000008b100000, 0x000000008b100000, 0x000000008b200000|  0%| F|  |TAMS 0x000000008b100000, 0x000000008b100000| Untracked 
| 178|0x000000008b200000, 0x000000008b200000, 0x000000008b300000|  0%| F|  |TAMS 0x000000008b200000, 0x000000008b200000| Untracked 
| 179|0x000000008b300000, 0x000000008b300000, 0x000000008b400000|  0%| F|  |TAMS 0x000000008b300000, 0x000000008b300000| Untracked 
| 180|0x000000008b400000, 0x000000008b400000, 0x000000008b500000|  0%| F|  |TAMS 0x000000008b400000, 0x000000008b400000| Untracked 
| 181|0x000000008b500000, 0x000000008b500000, 0x000000008b600000|  0%| F|  |TAMS 0x000000008b500000, 0x000000008b500000| Untracked 
| 182|0x000000008b600000, 0x000000008b600000, 0x000000008b700000|  0%| F|  |TAMS 0x000000008b600000, 0x000000008b600000| Untracked 
| 183|0x000000008b700000, 0x000000008b700000, 0x000000008b800000|  0%| F|  |TAMS 0x000000008b700000, 0x000000008b700000| Untracked 
| 184|0x000000008b800000, 0x000000008b800000, 0x000000008b900000|  0%| F|  |TAMS 0x000000008b800000, 0x000000008b800000| Untracked 
| 185|0x000000008b900000, 0x000000008b900000, 0x000000008ba00000|  0%| F|  |TAMS 0x000000008b900000, 0x000000008b900000| Untracked 
| 186|0x000000008ba00000, 0x000000008ba00000, 0x000000008bb00000|  0%| F|  |TAMS 0x000000008ba00000, 0x000000008ba00000| Untracked 
| 187|0x000000008bb00000, 0x000000008bb00000, 0x000000008bc00000|  0%| F|  |TAMS 0x000000008bb00000, 0x000000008bb00000| Untracked 
| 188|0x000000008bc00000, 0x000000008bc00000, 0x000000008bd00000|  0%| F|  |TAMS 0x000000008bc00000, 0x000000008bc00000| Untracked 
| 189|0x000000008bd00000, 0x000000008bd00000, 0x000000008be00000|  0%| F|  |TAMS 0x000000008bd00000, 0x000000008bd00000| Untracked 
| 190|0x000000008be00000, 0x000000008be00000, 0x000000008bf00000|  0%| F|  |TAMS 0x000000008be00000, 0x000000008be00000| Untracked 
| 191|0x000000008bf00000, 0x000000008bf00000, 0x000000008c000000|  0%| F|  |TAMS 0x000000008bf00000, 0x000000008bf00000| Untracked 
| 192|0x000000008c000000, 0x000000008c000000, 0x000000008c100000|  0%| F|  |TAMS 0x000000008c000000, 0x000000008c000000| Untracked 
| 193|0x000000008c100000, 0x000000008c100000, 0x000000008c200000|  0%| F|  |TAMS 0x000000008c100000, 0x000000008c100000| Untracked 
| 194|0x000000008c200000, 0x000000008c200000, 0x000000008c300000|  0%| F|  |TAMS 0x000000008c200000, 0x000000008c200000| Untracked 
| 195|0x000000008c300000, 0x000000008c300000, 0x000000008c400000|  0%| F|  |TAMS 0x000000008c300000, 0x000000008c300000| Untracked 
| 196|0x000000008c400000, 0x000000008c400000, 0x000000008c500000|  0%| F|  |TAMS 0x000000008c400000, 0x000000008c400000| Untracked 
| 197|0x000000008c500000, 0x000000008c500000, 0x000000008c600000|  0%| F|  |TAMS 0x000000008c500000, 0x000000008c500000| Untracked 
| 198|0x000000008c600000, 0x000000008c600000, 0x000000008c700000|  0%| F|  |TAMS 0x000000008c600000, 0x000000008c600000| Untracked 
| 199|0x000000008c700000, 0x000000008c700000, 0x000000008c800000|  0%| F|  |TAMS 0x000000008c700000, 0x000000008c700000| Untracked 
| 200|0x000000008c800000, 0x000000008c800000, 0x000000008c900000|  0%| F|  |TAMS 0x000000008c800000, 0x000000008c800000| Untracked 
| 201|0x000000008c900000, 0x000000008c900000, 0x000000008ca00000|  0%| F|  |TAMS 0x000000008c900000, 0x000000008c900000| Untracked 
| 202|0x000000008ca00000, 0x000000008ca00000, 0x000000008cb00000|  0%| F|  |TAMS 0x000000008ca00000, 0x000000008ca00000| Untracked 
| 203|0x000000008cb00000, 0x000000008cb00000, 0x000000008cc00000|  0%| F|  |TAMS 0x000000008cb00000, 0x000000008cb00000| Untracked 
| 204|0x000000008cc00000, 0x000000008cc00000, 0x000000008cd00000|  0%| F|  |TAMS 0x000000008cc00000, 0x000000008cc00000| Untracked 
| 205|0x000000008cd00000, 0x000000008cd00000, 0x000000008ce00000|  0%| F|  |TAMS 0x000000008cd00000, 0x000000008cd00000| Untracked 
| 206|0x000000008ce00000, 0x000000008ce00000, 0x000000008cf00000|  0%| F|  |TAMS 0x000000008ce00000, 0x000000008ce00000| Untracked 
| 207|0x000000008cf00000, 0x000000008cf00000, 0x000000008d000000|  0%| F|  |TAMS 0x000000008cf00000, 0x000000008cf00000| Untracked 
| 208|0x000000008d000000, 0x000000008d000000, 0x000000008d100000|  0%| F|  |TAMS 0x000000008d000000, 0x000000008d000000| Untracked 
| 209|0x000000008d100000, 0x000000008d100000, 0x000000008d200000|  0%| F|  |TAMS 0x000000008d100000, 0x000000008d100000| Untracked 
| 210|0x000000008d200000, 0x000000008d200000, 0x000000008d300000|  0%| F|  |TAMS 0x000000008d200000, 0x000000008d200000| Untracked 
| 211|0x000000008d300000, 0x000000008d300000, 0x000000008d400000|  0%| F|  |TAMS 0x000000008d300000, 0x000000008d300000| Untracked 
| 212|0x000000008d400000, 0x000000008d400000, 0x000000008d500000|  0%| F|  |TAMS 0x000000008d400000, 0x000000008d400000| Untracked 
| 213|0x000000008d500000, 0x000000008d500000, 0x000000008d600000|  0%| F|  |TAMS 0x000000008d500000, 0x000000008d500000| Untracked 
| 214|0x000000008d600000, 0x000000008d600000, 0x000000008d700000|  0%| F|  |TAMS 0x000000008d600000, 0x000000008d600000| Untracked 
| 215|0x000000008d700000, 0x000000008d700000, 0x000000008d800000|  0%| F|  |TAMS 0x000000008d700000, 0x000000008d700000| Untracked 
| 216|0x000000008d800000, 0x000000008d800000, 0x000000008d900000|  0%| F|  |TAMS 0x000000008d800000, 0x000000008d800000| Untracked 
| 217|0x000000008d900000, 0x000000008d900000, 0x000000008da00000|  0%| F|  |TAMS 0x000000008d900000, 0x000000008d900000| Untracked 
| 218|0x000000008da00000, 0x000000008da00000, 0x000000008db00000|  0%| F|  |TAMS 0x000000008da00000, 0x000000008da00000| Untracked 
| 219|0x000000008db00000, 0x000000008db00000, 0x000000008dc00000|  0%| F|  |TAMS 0x000000008db00000, 0x000000008db00000| Untracked 
| 220|0x000000008dc00000, 0x000000008dc00000, 0x000000008dd00000|  0%| F|  |TAMS 0x000000008dc00000, 0x000000008dc00000| Untracked 
| 221|0x000000008dd00000, 0x000000008dd00000, 0x000000008de00000|  0%| F|  |TAMS 0x000000008dd00000, 0x000000008dd00000| Untracked 
| 222|0x000000008de00000, 0x000000008de00000, 0x000000008df00000|  0%| F|  |TAMS 0x000000008de00000, 0x000000008de00000| Untracked 
| 223|0x000000008df00000, 0x000000008df00000, 0x000000008e000000|  0%| F|  |TAMS 0x000000008df00000, 0x000000008df00000| Untracked 
| 224|0x000000008e000000, 0x000000008e000000, 0x000000008e100000|  0%| F|  |TAMS 0x000000008e000000, 0x000000008e000000| Untracked 
| 225|0x000000008e100000, 0x000000008e100000, 0x000000008e200000|  0%| F|  |TAMS 0x000000008e100000, 0x000000008e100000| Untracked 
| 226|0x000000008e200000, 0x000000008e200000, 0x000000008e300000|  0%| F|  |TAMS 0x000000008e200000, 0x000000008e200000| Untracked 
| 227|0x000000008e300000, 0x000000008e300000, 0x000000008e400000|  0%| F|  |TAMS 0x000000008e300000, 0x000000008e300000| Untracked 
| 228|0x000000008e400000, 0x000000008e400000, 0x000000008e500000|  0%| F|  |TAMS 0x000000008e400000, 0x000000008e400000| Untracked 
| 229|0x000000008e500000, 0x000000008e500000, 0x000000008e600000|  0%| F|  |TAMS 0x000000008e500000, 0x000000008e500000| Untracked 
| 230|0x000000008e600000, 0x000000008e600000, 0x000000008e700000|  0%| F|  |TAMS 0x000000008e600000, 0x000000008e600000| Untracked 
| 231|0x000000008e700000, 0x000000008e700000, 0x000000008e800000|  0%| F|  |TAMS 0x000000008e700000, 0x000000008e700000| Untracked 
| 232|0x000000008e800000, 0x000000008e800000, 0x000000008e900000|  0%| F|  |TAMS 0x000000008e800000, 0x000000008e800000| Untracked 
| 233|0x000000008e900000, 0x000000008e900000, 0x000000008ea00000|  0%| F|  |TAMS 0x000000008e900000, 0x000000008e900000| Untracked 
| 234|0x000000008ea00000, 0x000000008ea00000, 0x000000008eb00000|  0%| F|  |TAMS 0x000000008ea00000, 0x000000008ea00000| Untracked 
| 235|0x000000008eb00000, 0x000000008eb00000, 0x000000008ec00000|  0%| F|  |TAMS 0x000000008eb00000, 0x000000008eb00000| Untracked 
| 236|0x000000008ec00000, 0x000000008ec00000, 0x000000008ed00000|  0%| F|  |TAMS 0x000000008ec00000, 0x000000008ec00000| Untracked 
| 237|0x000000008ed00000, 0x000000008ed00000, 0x000000008ee00000|  0%| F|  |TAMS 0x000000008ed00000, 0x000000008ed00000| Untracked 
| 238|0x000000008ee00000, 0x000000008ee00000, 0x000000008ef00000|  0%| F|  |TAMS 0x000000008ee00000, 0x000000008ee00000| Untracked 
| 239|0x000000008ef00000, 0x000000008ef00000, 0x000000008f000000|  0%| F|  |TAMS 0x000000008ef00000, 0x000000008ef00000| Untracked 
| 240|0x000000008f000000, 0x000000008f000000, 0x000000008f100000|  0%| F|  |TAMS 0x000000008f000000, 0x000000008f000000| Untracked 
| 241|0x000000008f100000, 0x000000008f100000, 0x000000008f200000|  0%| F|  |TAMS 0x000000008f100000, 0x000000008f100000| Untracked 
| 242|0x000000008f200000, 0x000000008f200000, 0x000000008f300000|  0%| F|  |TAMS 0x000000008f200000, 0x000000008f200000| Untracked 
| 243|0x000000008f300000, 0x000000008f300000, 0x000000008f400000|  0%| F|  |TAMS 0x000000008f300000, 0x000000008f300000| Untracked 
| 244|0x000000008f400000, 0x000000008f400000, 0x000000008f500000|  0%| F|  |TAMS 0x000000008f400000, 0x000000008f400000| Untracked 
| 245|0x000000008f500000, 0x000000008f500000, 0x000000008f600000|  0%| F|  |TAMS 0x000000008f500000, 0x000000008f500000| Untracked 
| 246|0x000000008f600000, 0x000000008f600000, 0x000000008f700000|  0%| F|  |TAMS 0x000000008f600000, 0x000000008f600000| Untracked 
| 247|0x000000008f700000, 0x000000008f700000, 0x000000008f800000|  0%| F|  |TAMS 0x000000008f700000, 0x000000008f700000| Untracked 
| 248|0x000000008f800000, 0x000000008f800000, 0x000000008f900000|  0%| F|  |TAMS 0x000000008f800000, 0x000000008f800000| Untracked 
| 249|0x000000008f900000, 0x000000008f900000, 0x000000008fa00000|  0%| F|  |TAMS 0x000000008f900000, 0x000000008f900000| Untracked 
| 250|0x000000008fa00000, 0x000000008fa00000, 0x000000008fb00000|  0%| F|  |TAMS 0x000000008fa00000, 0x000000008fa00000| Untracked 
| 251|0x000000008fb00000, 0x000000008fb00000, 0x000000008fc00000|  0%| F|  |TAMS 0x000000008fb00000, 0x000000008fb00000| Untracked 
| 252|0x000000008fc00000, 0x000000008fc00000, 0x000000008fd00000|  0%| F|  |TAMS 0x000000008fc00000, 0x000000008fc00000| Untracked 
| 253|0x000000008fd00000, 0x000000008fd00000, 0x000000008fe00000|  0%| F|  |TAMS 0x000000008fd00000, 0x000000008fd00000| Untracked 
| 254|0x000000008fe00000, 0x000000008fe00000, 0x000000008ff00000|  0%| F|  |TAMS 0x000000008fe00000, 0x000000008fe00000| Untracked 
| 255|0x000000008ff00000, 0x000000008ff00000, 0x0000000090000000|  0%| F|  |TAMS 0x000000008ff00000, 0x000000008ff00000| Untracked 
| 256|0x0000000090000000, 0x0000000090000000, 0x0000000090100000|  0%| F|  |TAMS 0x0000000090000000, 0x0000000090000000| Untracked 
| 257|0x0000000090100000, 0x0000000090100000, 0x0000000090200000|  0%| F|  |TAMS 0x0000000090100000, 0x0000000090100000| Untracked 
| 258|0x0000000090200000, 0x0000000090200000, 0x0000000090300000|  0%| F|  |TAMS 0x0000000090200000, 0x0000000090200000| Untracked 
| 259|0x0000000090300000, 0x0000000090300000, 0x0000000090400000|  0%| F|  |TAMS 0x0000000090300000, 0x0000000090300000| Untracked 
| 260|0x0000000090400000, 0x0000000090400000, 0x0000000090500000|  0%| F|  |TAMS 0x0000000090400000, 0x0000000090400000| Untracked 
| 261|0x0000000090500000, 0x0000000090500000, 0x0000000090600000|  0%| F|  |TAMS 0x0000000090500000, 0x0000000090500000| Untracked 
| 262|0x0000000090600000, 0x0000000090600000, 0x0000000090700000|  0%| F|  |TAMS 0x0000000090600000, 0x0000000090600000| Untracked 
| 263|0x0000000090700000, 0x0000000090700000, 0x0000000090800000|  0%| F|  |TAMS 0x0000000090700000, 0x0000000090700000| Untracked 
| 264|0x0000000090800000, 0x0000000090800000, 0x0000000090900000|  0%| F|  |TAMS 0x0000000090800000, 0x0000000090800000| Untracked 
| 265|0x0000000090900000, 0x0000000090900000, 0x0000000090a00000|  0%| F|  |TAMS 0x0000000090900000, 0x0000000090900000| Untracked 
| 266|0x0000000090a00000, 0x0000000090a00000, 0x0000000090b00000|  0%| F|  |TAMS 0x0000000090a00000, 0x0000000090a00000| Untracked 
| 267|0x0000000090b00000, 0x0000000090b00000, 0x0000000090c00000|  0%| F|  |TAMS 0x0000000090b00000, 0x0000000090b00000| Untracked 
| 268|0x0000000090c00000, 0x0000000090c00000, 0x0000000090d00000|  0%| F|  |TAMS 0x0000000090c00000, 0x0000000090c00000| Untracked 
| 269|0x0000000090d00000, 0x0000000090d00000, 0x0000000090e00000|  0%| F|  |TAMS 0x0000000090d00000, 0x0000000090d00000| Untracked 
| 270|0x0000000090e00000, 0x0000000090e00000, 0x0000000090f00000|  0%| F|  |TAMS 0x0000000090e00000, 0x0000000090e00000| Untracked 
| 271|0x0000000090f00000, 0x0000000090f00000, 0x0000000091000000|  0%| F|  |TAMS 0x0000000090f00000, 0x0000000090f00000| Untracked 
| 272|0x0000000091000000, 0x0000000091000000, 0x0000000091100000|  0%| F|  |TAMS 0x0000000091000000, 0x0000000091000000| Untracked 
| 273|0x0000000091100000, 0x0000000091100000, 0x0000000091200000|  0%| F|  |TAMS 0x0000000091100000, 0x0000000091100000| Untracked 
| 274|0x0000000091200000, 0x0000000091200000, 0x0000000091300000|  0%| F|  |TAMS 0x0000000091200000, 0x0000000091200000| Untracked 
| 275|0x0000000091300000, 0x0000000091300000, 0x0000000091400000|  0%| F|  |TAMS 0x0000000091300000, 0x0000000091300000| Untracked 
| 276|0x0000000091400000, 0x0000000091400000, 0x0000000091500000|  0%| F|  |TAMS 0x0000000091400000, 0x0000000091400000| Untracked 
| 277|0x0000000091500000, 0x0000000091500000, 0x0000000091600000|  0%| F|  |TAMS 0x0000000091500000, 0x0000000091500000| Untracked 

Card table byte_map: [0x0000016a34970000,0x0000016a34d70000] _byte_map_base: 0x0000016a34570000

Marking Bits (Prev, Next): (CMBitMap*) 0x0000016a1d6fc020, (CMBitMap*) 0x0000016a1d6fbfe0
 Prev Bits: [0x0000016a37170000, 0x0000016a39170000)
 Next Bits: [0x0000016a35170000, 0x0000016a37170000)

Polling page: 0x0000016a1b530000

Metaspace:

Usage:
  Non-class:     65.52 MB used.
      Class:     10.58 MB used.
       Both:     76.10 MB used.

Virtual space:
  Non-class space:      128.00 MB reserved,      66.12 MB ( 52%) committed,  2 nodes.
      Class space:      416.00 MB reserved,      11.12 MB (  3%) committed,  1 nodes.
             Both:      544.00 MB reserved,      77.25 MB ( 14%) committed. 

Chunk freelists:
   Non-Class:  13.42 MB
       Class:  4.80 MB
        Both:  18.21 MB

MaxMetaspaceSize: 512.00 MB
CompressedClassSpaceSize: 416.00 MB
Initial GC threshold: 21.00 MB
Current GC threshold: 84.06 MB
CDS: on
MetaspaceReclaimPolicy: balanced
 - commit_granule_bytes: 65536.
 - commit_granule_words: 8192.
 - virtual_space_node_default_size: 8388608.
 - enlarge_chunks_in_place: 1.
 - new_chunks_are_fully_committed: 0.
 - uncommit_free_chunks: 1.
 - use_allocation_guard: 0.
 - handle_deallocations: 1.


Internal statistics:

num_allocs_failed_limit: 6.
num_arena_births: 1688.
num_arena_deaths: 0.
num_vsnodes_births: 3.
num_vsnodes_deaths: 0.
num_space_committed: 1236.
num_space_uncommitted: 0.
num_chunks_returned_to_freelist: 6.
num_chunks_taken_from_freelist: 5233.
num_chunk_merges: 6.
num_chunk_splits: 3365.
num_chunks_enlarged: 2074.
num_inconsistent_stats: 0.

CodeHeap 'non-profiled nmethods': size=120000Kb used=6059Kb max_used=6059Kb free=113940Kb
 bounds [0x0000016a2cd10000, 0x0000016a2d300000, 0x0000016a34240000]
CodeHeap 'profiled nmethods': size=120000Kb used=18720Kb max_used=18720Kb free=101279Kb
 bounds [0x0000016a25240000, 0x0000016a26490000, 0x0000016a2c770000]
CodeHeap 'non-nmethods': size=5760Kb used=1701Kb max_used=1782Kb free=4058Kb
 bounds [0x0000016a2c770000, 0x0000016a2c9e0000, 0x0000016a2cd10000]
 total_blobs=11147 nmethods=10354 adapters=703
 compilation: enabled
              stopped_count=0, restarted_count=0
 full_count=0

Compilation events (20 events):
Event: 60.217 Thread 0x0000016a3bba59e0 nmethod 12560 0x0000016a26484390 code [0x0000016a26484540, 0x0000016a26484748]
Event: 60.217 Thread 0x0000016a3bba59e0 12561       3       java.lang.invoke.BoundMethodHandle$Species_LLLLILLL::<init> (54 bytes)
Event: 60.218 Thread 0x0000016a3bba59e0 nmethod 12561 0x0000016a26484890 code [0x0000016a26484a60, 0x0000016a26484ee8]
Event: 60.218 Thread 0x0000016a3bba59e0 12562       3       java.lang.invoke.BoundMethodHandle$Species_LLLLILLL::copyWithExtendL (49 bytes)
Event: 60.219 Thread 0x0000016a3bba59e0 nmethod 12562 0x0000016a26485010 code [0x0000016a264851e0, 0x0000016a26485628]
Event: 60.219 Thread 0x0000016a3bba59e0 12563       3       java.lang.invoke.LambdaForm$DMH/0x0000016a3d543000::invokeStatic (34 bytes)
Event: 60.219 Thread 0x0000016a3bba59e0 nmethod 12563 0x0000016a26485710 code [0x0000016a264858e0, 0x0000016a26485dd8]
Event: 60.219 Thread 0x0000016a3bba59e0 12564       3       java.lang.invoke.BoundMethodHandle$Species_LLLLILLLL::make (26 bytes)
Event: 60.220 Thread 0x0000016a3bba59e0 nmethod 12564 0x0000016a26485f90 code [0x0000016a26486140, 0x0000016a26486368]
Event: 60.220 Thread 0x0000016a3bba59e0 12565       3       java.lang.invoke.BoundMethodHandle$Species_LLLLILLLL::<init> (60 bytes)
Event: 60.220 Thread 0x0000016a3bba59e0 nmethod 12565 0x0000016a26486490 code [0x0000016a26486660, 0x0000016a26486b48]
Event: 60.220 Thread 0x0000016a3bba59e0 12566       3       java.lang.invoke.BoundMethodHandle$Species_LLLLILLLL::speciesData (4 bytes)
Event: 60.221 Thread 0x0000016a3bba59e0 nmethod 12566 0x0000016a26486c90 code [0x0000016a26486e20, 0x0000016a26486f38]
Event: 60.221 Thread 0x0000016a3bba59e0 12567       3       java.lang.invoke.BoundMethodHandle$Species_LLLLILLLL::copyWithExtendL (53 bytes)
Event: 60.221 Thread 0x0000016a3bba59e0 nmethod 12567 0x0000016a26487010 code [0x0000016a264871e0, 0x0000016a26487648]
Event: 60.223 Thread 0x0000016a3bba59e0 12568       3       java.lang.invoke.LambdaForm$MH/0x0000016a3d567c00::guard (93 bytes)
Event: 60.223 Thread 0x0000016a3bb990a0 nmethod 12556 0x0000016a2d2fa310 code [0x0000016a2d2fa4c0, 0x0000016a2d2fa9d8]
Event: 60.223 Thread 0x0000016a3bb990a0 12553       4       java.lang.invoke.LambdaFormEditor$TransformKey::of (49 bytes)
Event: 60.224 Thread 0x0000016a3bba59e0 nmethod 12568 0x0000016a26487790 code [0x0000016a264879c0, 0x0000016a26488468]
Event: 60.224 Thread 0x0000016a3bba59e0 12569       3       java.util.stream.Nodes$IntFixedNodeBuilder::accept (61 bytes)

GC Heap History (20 events):
Event: 25.945 GC heap after
{Heap after GC invocations=35 (full 0):
 garbage-first heap   total 114688K, used 54437K [0x0000000080000000, 0x0000000100000000)
  region size 1024K, 3 young (3072K), 3 survivors (3072K)
 Metaspace       used 49813K, committed 50560K, reserved 491520K
  class space    used 7030K, committed 7424K, reserved 425984K
}
Event: 28.269 GC heap before
{Heap before GC invocations=36 (full 0):
 garbage-first heap   total 114688K, used 87205K [0x0000000080000000, 0x0000000100000000)
  region size 1024K, 31 young (31744K), 3 survivors (3072K)
 Metaspace       used 50755K, committed 51648K, reserved 491520K
  class space    used 7147K, committed 7552K, reserved 425984K
}
Event: 28.360 GC heap after
{Heap after GC invocations=37 (full 0):
 garbage-first heap   total 114688K, used 65637K [0x0000000080000000, 0x0000000100000000)
  region size 1024K, 4 young (4096K), 4 survivors (4096K)
 Metaspace       used 50755K, committed 51648K, reserved 491520K
  class space    used 7147K, committed 7552K, reserved 425984K
}
Event: 28.389 GC heap before
{Heap before GC invocations=37 (full 0):
 garbage-first heap   total 114688K, used 66661K [0x0000000080000000, 0x0000000100000000)
  region size 1024K, 5 young (5120K), 4 survivors (4096K)
 Metaspace       used 50755K, committed 51648K, reserved 491520K
  class space    used 7147K, committed 7552K, reserved 425984K
}
Event: 28.421 GC heap after
{Heap after GC invocations=38 (full 0):
 garbage-first heap   total 114688K, used 66038K [0x0000000080000000, 0x0000000100000000)
  region size 1024K, 1 young (1024K), 1 survivors (1024K)
 Metaspace       used 50755K, committed 51648K, reserved 491520K
  class space    used 7147K, committed 7552K, reserved 425984K
}
Event: 29.322 GC heap before
{Heap before GC invocations=38 (full 0):
 garbage-first heap   total 114688K, used 87542K [0x0000000080000000, 0x0000000100000000)
  region size 1024K, 23 young (23552K), 1 survivors (1024K)
 Metaspace       used 50787K, committed 51648K, reserved 491520K
  class space    used 7147K, committed 7552K, reserved 425984K
}
Event: 29.333 GC heap after
{Heap after GC invocations=39 (full 0):
 garbage-first heap   total 284672K, used 67186K [0x0000000080000000, 0x0000000100000000)
  region size 1024K, 2 young (2048K), 2 survivors (2048K)
 Metaspace       used 50787K, committed 51648K, reserved 491520K
  class space    used 7147K, committed 7552K, reserved 425984K
}
Event: 33.748 GC heap before
{Heap before GC invocations=40 (full 0):
 garbage-first heap   total 239616K, used 184946K [0x0000000080000000, 0x0000000100000000)
  region size 1024K, 111 young (113664K), 2 survivors (2048K)
 Metaspace       used 53850K, committed 54784K, reserved 491520K
  class space    used 7485K, committed 7936K, reserved 425984K
}
Event: 33.787 GC heap after
{Heap after GC invocations=41 (full 0):
 garbage-first heap   total 239616K, used 79239K [0x0000000080000000, 0x0000000100000000)
  region size 1024K, 9 young (9216K), 9 survivors (9216K)
 Metaspace       used 53850K, committed 54784K, reserved 491520K
  class space    used 7485K, committed 7936K, reserved 425984K
}
Event: 33.850 GC heap before
{Heap before GC invocations=41 (full 0):
 garbage-first heap   total 239616K, used 81287K [0x0000000080000000, 0x0000000100000000)
  region size 1024K, 11 young (11264K), 9 survivors (9216K)
 Metaspace       used 54085K, committed 54976K, reserved 491520K
  class space    used 7509K, committed 7936K, reserved 425984K
}
Event: 33.897 GC heap after
{Heap after GC invocations=42 (full 0):
 garbage-first heap   total 239616K, used 78891K [0x0000000080000000, 0x0000000100000000)
  region size 1024K, 1 young (1024K), 1 survivors (1024K)
 Metaspace       used 54085K, committed 54976K, reserved 491520K
  class space    used 7509K, committed 7936K, reserved 425984K
}
Event: 38.835 GC heap before
{Heap before GC invocations=42 (full 0):
 garbage-first heap   total 239616K, used 182315K [0x0000000080000000, 0x0000000100000000)
  region size 1024K, 97 young (99328K), 1 survivors (1024K)
 Metaspace       used 61481K, committed 62400K, reserved 491520K
  class space    used 8464K, committed 8896K, reserved 425984K
}
Event: 38.869 GC heap after
{Heap after GC invocations=43 (full 0):
 garbage-first heap   total 239616K, used 85773K [0x0000000080000000, 0x0000000100000000)
  region size 1024K, 7 young (7168K), 7 survivors (7168K)
 Metaspace       used 61481K, committed 62400K, reserved 491520K
  class space    used 8464K, committed 8896K, reserved 425984K
}
Event: 42.909 GC heap before
{Heap before GC invocations=43 (full 0):
 garbage-first heap   total 239616K, used 181005K [0x0000000080000000, 0x0000000100000000)
  region size 1024K, 100 young (102400K), 7 survivors (7168K)
 Metaspace       used 65137K, committed 66048K, reserved 491520K
  class space    used 8918K, committed 9344K, reserved 425984K
}
Event: 43.038 GC heap after
{Heap after GC invocations=44 (full 0):
 garbage-first heap   total 239616K, used 93488K [0x0000000080000000, 0x0000000100000000)
  region size 1024K, 13 young (13312K), 13 survivors (13312K)
 Metaspace       used 65137K, committed 66048K, reserved 491520K
  class space    used 8918K, committed 9344K, reserved 425984K
}
Event: 47.860 GC heap before
{Heap before GC invocations=44 (full 0):
 garbage-first heap   total 239616K, used 187696K [0x0000000080000000, 0x0000000100000000)
  region size 1024K, 103 young (105472K), 13 survivors (13312K)
 Metaspace       used 71663K, committed 72576K, reserved 491520K
  class space    used 9929K, committed 10368K, reserved 425984K
}
Event: 48.036 GC heap after
{Heap after GC invocations=45 (full 0):
 garbage-first heap   total 239616K, used 99229K [0x0000000080000000, 0x0000000100000000)
  region size 1024K, 11 young (11264K), 11 survivors (11264K)
 Metaspace       used 71663K, committed 72576K, reserved 491520K
  class space    used 9929K, committed 10368K, reserved 425984K
}
Event: 52.221 GC heap before
{Heap before GC invocations=45 (full 0):
 garbage-first heap   total 239616K, used 190365K [0x0000000080000000, 0x0000000100000000)
  region size 1024K, 100 young (102400K), 11 survivors (11264K)
 Metaspace       used 77573K, committed 78720K, reserved 557056K
  class space    used 10806K, committed 11328K, reserved 425984K
}
Event: 52.322 GC heap after
{Heap after GC invocations=46 (full 0):
 garbage-first heap   total 239616K, used 106014K [0x0000000080000000, 0x0000000100000000)
  region size 1024K, 11 young (11264K), 11 survivors (11264K)
 Metaspace       used 77573K, committed 78720K, reserved 557056K
  class space    used 10806K, committed 11328K, reserved 425984K
}
Event: 60.231 GC heap before
{Heap before GC invocations=46 (full 0):
 garbage-first heap   total 239616K, used 189982K [0x0000000080000000, 0x0000000100000000)
  region size 1024K, 94 young (96256K), 11 survivors (11264K)
 Metaspace       used 77928K, committed 79104K, reserved 557056K
  class space    used 10838K, committed 11392K, reserved 425984K
}

Dll operation events (15 events):
Event: 0.027 Loaded shared library C:\Program Files\Microsoft\jdk-17.0.19.10-hotspot\bin\java.dll
Event: 0.061 Loaded shared library C:\Program Files\Microsoft\jdk-17.0.19.10-hotspot\bin\jsvml.dll
Event: 0.188 Loaded shared library C:\Program Files\Microsoft\jdk-17.0.19.10-hotspot\bin\zip.dll
Event: 0.197 Loaded shared library C:\Program Files\Microsoft\jdk-17.0.19.10-hotspot\bin\instrument.dll
Event: 0.212 Loaded shared library C:\Program Files\Microsoft\jdk-17.0.19.10-hotspot\bin\net.dll
Event: 0.219 Loaded shared library C:\Program Files\Microsoft\jdk-17.0.19.10-hotspot\bin\nio.dll
Event: 0.225 Loaded shared library C:\Program Files\Microsoft\jdk-17.0.19.10-hotspot\bin\zip.dll
Event: 1.243 Loaded shared library C:\Program Files\Microsoft\jdk-17.0.19.10-hotspot\bin\jimage.dll
Event: 2.121 Loaded shared library C:\Program Files\Microsoft\jdk-17.0.19.10-hotspot\bin\verify.dll
Event: 2.225 Loaded shared library C:\Users\hp\.gradle\native\660c5614fbf4a5f2a75b1949f50a0caf5cd603558e7d8a26e50b933a0cfb79d1\windows-amd64\native-platform.dll
Event: 2.266 Loaded shared library C:\Users\hp\.gradle\native\0.2.8\x86_64-windows-gnu\gradle-fileevents.dll
Event: 4.776 Loaded shared library C:\Program Files\Microsoft\jdk-17.0.19.10-hotspot\bin\management.dll
Event: 4.792 Loaded shared library C:\Program Files\Microsoft\jdk-17.0.19.10-hotspot\bin\management_ext.dll
Event: 5.465 Loaded shared library C:\Program Files\Microsoft\jdk-17.0.19.10-hotspot\bin\extnet.dll
Event: 6.144 Loaded shared library C:\Program Files\Microsoft\jdk-17.0.19.10-hotspot\bin\sunmscapi.dll

Deoptimization events (20 events):
Event: 58.597 Thread 0x0000016a5ec1b3e0 DEOPT PACKING pc=0x0000016a2d2d62b8 sp=0x00000050d51fd880
Event: 58.597 Thread 0x0000016a5ec1b3e0 DEOPT UNPACKING pc=0x0000016a2c7c69a3 sp=0x00000050d51fd758 mode 2
Event: 59.481 Thread 0x0000016a5b567fa0 DEOPT PACKING pc=0x0000016a25be2153 sp=0x00000050d32f7be0
Event: 59.482 Thread 0x0000016a5b567fa0 DEOPT UNPACKING pc=0x0000016a2c7c7143 sp=0x00000050d32f7118 mode 0
Event: 59.544 Thread 0x0000016a5b567fa0 DEOPT PACKING pc=0x0000016a2584ce61 sp=0x00000050d32f7b70
Event: 59.545 Thread 0x0000016a5b567fa0 DEOPT UNPACKING pc=0x0000016a2c7c7143 sp=0x00000050d32f7068 mode 0
Event: 59.670 Thread 0x0000016a5b567fa0 DEOPT PACKING pc=0x0000016a25be2153 sp=0x00000050d32f7bf0
Event: 59.670 Thread 0x0000016a5b567fa0 DEOPT UNPACKING pc=0x0000016a2c7c7143 sp=0x00000050d32f7128 mode 0
Event: 59.679 Thread 0x0000016a5b567fa0 DEOPT PACKING pc=0x0000016a2584ce61 sp=0x00000050d32f7b50
Event: 59.679 Thread 0x0000016a5b567fa0 DEOPT UNPACKING pc=0x0000016a2c7c7143 sp=0x00000050d32f7048 mode 0
Event: 59.750 Thread 0x0000016a5b567fa0 Uncommon trap: trap_request=0xffffff76 fr.pc=0x0000016a2d2de6c0 relative=0x0000000000002540
Event: 59.750 Thread 0x0000016a5b567fa0 Uncommon trap: reason=predicate action=maybe_recompile pc=0x0000016a2d2de6c0 method=java.util.TimSort.binarySort([Ljava/lang/Object;IIILjava/util/Comparator;)V @ 34 c2
Event: 59.750 Thread 0x0000016a5b567fa0 DEOPT PACKING pc=0x0000016a2d2de6c0 sp=0x00000050d32f7f50
Event: 59.750 Thread 0x0000016a5b567fa0 DEOPT UNPACKING pc=0x0000016a2c7c69a3 sp=0x00000050d32f7e88 mode 2
Event: 60.043 Thread 0x0000016a5b567fa0 DEOPT PACKING pc=0x0000016a259b527b sp=0x00000050d32f7040
Event: 60.043 Thread 0x0000016a5b567fa0 DEOPT UNPACKING pc=0x0000016a2c7c7143 sp=0x00000050d32f64d0 mode 0
Event: 60.110 Thread 0x0000016a5b567fa0 Uncommon trap: trap_request=0xfffffff4 fr.pc=0x0000016a2d22fca0 relative=0x00000000000002c0
Event: 60.110 Thread 0x0000016a5b567fa0 Uncommon trap: reason=null_check action=make_not_entrant pc=0x0000016a2d22fca0 method=sun.invoke.util.VerifyType.isNullConversion(Ljava/lang/Class;Ljava/lang/Class;Z)Z @ 12 c2
Event: 60.110 Thread 0x0000016a5b567fa0 DEOPT PACKING pc=0x0000016a2d22fca0 sp=0x00000050d32f5cc0
Event: 60.110 Thread 0x0000016a5b567fa0 DEOPT UNPACKING pc=0x0000016a2c7c69a3 sp=0x00000050d32f5c68 mode 2

Classes loaded (20 events):
Event: 48.231 Loading class java/util/concurrent/atomic/AtomicIntegerArray
Event: 48.240 Loading class java/util/concurrent/atomic/AtomicIntegerArray done
Event: 48.241 Loading class java/util/concurrent/atomic/AtomicLongArray
Event: 48.243 Loading class java/util/concurrent/atomic/AtomicLongArray done
Event: 49.566 Loading class java/lang/StackTraceElement$HashedModules
Event: 49.567 Loading class java/lang/StackTraceElement$HashedModules done
Event: 49.645 Loading class java/io/CharArrayReader
Event: 49.646 Loading class java/io/CharArrayReader done
Event: 50.101 Loading class java/io/FileWriter
Event: 50.101 Loading class java/io/FileWriter done
Event: 50.111 Loading class java/io/LineNumberReader
Event: 50.112 Loading class java/io/LineNumberReader done
Event: 50.716 Loading class java/util/stream/ReferencePipeline$4
Event: 50.718 Loading class java/util/stream/ReferencePipeline$4 done
Event: 50.720 Loading class java/util/stream/ReduceOps$6
Event: 50.720 Loading class java/util/stream/ReduceOps$6 done
Event: 50.720 Loading class java/util/stream/ReduceOps$5ReducingSink
Event: 50.721 Loading class java/util/stream/ReduceOps$5ReducingSink done
Event: 50.721 Loading class java/util/stream/ReferencePipeline$4$1
Event: 50.721 Loading class java/util/stream/ReferencePipeline$4$1 done

Classes unloaded (0 events):
No events

Classes redefined (0 events):
No events

Internal exceptions (20 events):
Event: 50.038 Thread 0x0000016a5b567fa0 Exception <a 'java/lang/ClassNotFoundException'{0x000000008b1da468}: cordova_variables_b0sr4cpjs8wouomcfxpkasgj8BeanInfo> (0x000000008b1da468) 
thrown [s\src\hotspot\share\classfile\systemDictionary.cpp, line 256]
Event: 50.039 Thread 0x0000016a5b567fa0 Exception <a 'java/lang/ClassNotFoundException'{0x000000008b1e4b80}: cordova_variables_b0sr4cpjs8wouomcfxpkasgj8Customizer> (0x000000008b1e4b80) 
thrown [s\src\hotspot\share\classfile\systemDictionary.cpp, line 256]
Event: 51.601 Thread 0x0000016a5b567fa0 Implicit null exception at 0x0000016a2cd80c11 to 0x0000016a2cd80d94
Event: 52.809 Thread 0x0000016a5b567fa0 Exception <a 'java/lang/ClassNotFoundException'{0x00000000912907b0}: build_2j1hcii8v4db70urrpkxwrfrxBeanInfo> (0x00000000912907b0) 
thrown [s\src\hotspot\share\classfile\systemDictionary.cpp, line 256]
Event: 52.820 Thread 0x0000016a5b567fa0 Exception <a 'java/lang/ClassNotFoundException'{0x0000000091298c08}: build_2j1hcii8v4db70urrpkxwrfrxCustomizer> (0x0000000091298c08) 
thrown [s\src\hotspot\share\classfile\systemDictionary.cpp, line 256]
Event: 53.008 Thread 0x0000016a5b567fa0 Exception <a 'java/lang/ClassNotFoundException'{0x000000008e54d788}: org/gradle/api/internal/artifacts/repositories/DefaultMavenArtifactRepository_DecoratedBeanInfo> (0x000000008e54d788) 
thrown [s\src\hotspot\share\classfile\systemDictionary.cpp, line 256]
Event: 53.017 Thread 0x0000016a5b567fa0 Exception <a 'java/lang/ClassNotFoundException'{0x000000008e56d880}: org/gradle/api/internal/artifacts/repositories/DefaultMavenArtifactRepositoryBeanInfo> (0x000000008e56d880) 
thrown [s\src\hotspot\share\classfile\systemDictionary.cpp, line 256]
Event: 53.021 Thread 0x0000016a5b567fa0 Exception <a 'java/lang/ClassNotFoundException'{0x000000008e58e510}: org/gradle/api/internal/artifacts/repositories/AbstractAuthenticationSupportedRepositoryBeanInfo> (0x000000008e58e510) 
thrown [s\src\hotspot\share\classfile\systemDictionary.cpp, line 256]
Event: 53.026 Thread 0x0000016a5b567fa0 Exception <a 'java/lang/ClassNotFoundException'{0x000000008e5aef40}: org/gradle/api/internal/artifacts/repositories/AbstractAuthenticationSupportedRepositoryCustomizer> (0x000000008e5aef40) 
thrown [s\src\hotspot\share\classfile\systemDictionary.cpp, line 256]
Event: 53.038 Thread 0x0000016a5b567fa0 Exception <a 'java/lang/ClassNotFoundException'{0x000000008e5e5918}: org/gradle/api/internal/artifacts/repositories/DefaultMavenArtifactRepositoryCustomizer> (0x000000008e5e5918) 
thrown [s\src\hotspot\share\classfile\systemDictionary.cpp, line 256]
Event: 53.045 Thread 0x0000016a5b567fa0 Exception <a 'java/lang/ClassNotFoundException'{0x000000008e41fea0}: org/gradle/api/internal/artifacts/repositories/DefaultMavenArtifactRepository_DecoratedCustomizer> (0x000000008e41fea0) 
thrown [s\src\hotspot\share\classfile\systemDictionary.cpp, line 256]
Event: 54.340 Thread 0x0000016a5ec1f5b0 Implicit null exception at 0x0000016a2d1d5968 to 0x0000016a2d1d6b50
Event: 54.343 Thread 0x0000016a5ec1a4b0 Implicit null exception at 0x0000016a2d1d5968 to 0x0000016a2d1d6b50
Event: 54.340 Thread 0x0000016a5ec1e680 Implicit null exception at 0x0000016a2d1d5968 to 0x0000016a2d1d6b50
Event: 54.340 Thread 0x0000016a5ec1fac0 Implicit null exception at 0x0000016a2d1d5968 to 0x0000016a2d1d6b50
Event: 54.340 Thread 0x0000016a5ec1b3e0 Implicit null exception at 0x0000016a2d1d5968 to 0x0000016a2d1d6b50
Event: 54.340 Thread 0x0000016a5ec19fa0 Implicit null exception at 0x0000016a2d1d5968 to 0x0000016a2d1d6b50
Event: 54.344 Thread 0x0000016a5ec1eb90 Implicit null exception at 0x0000016a2d1d5968 to 0x0000016a2d1d6b50
Event: 60.033 Thread 0x0000016a5b567fa0 Exception <a 'java/lang/ClassNotFoundException'{0x000000008975a058}: build_2j1hcii8v4db70urrpkxwrfrxBeanInfo> (0x000000008975a058) 
thrown [s\src\hotspot\share\classfile\systemDictionary.cpp, line 256]
Event: 60.041 Thread 0x0000016a5b567fa0 Exception <a 'java/lang/ClassNotFoundException'{0x0000000089762428}: build_2j1hcii8v4db70urrpkxwrfrxCustomizer> (0x0000000089762428) 
thrown [s\src\hotspot\share\classfile\systemDictionary.cpp, line 256]

VM Operations (20 events):
Event: 51.774 Executing VM operation: Cleanup done
Event: 52.211 Executing VM operation: G1CollectForAllocation
Event: 52.323 Executing VM operation: G1CollectForAllocation done
Event: 53.333 Executing VM operation: Cleanup
Event: 53.334 Executing VM operation: Cleanup done
Event: 54.192 Executing VM operation: ICBufferFull
Event: 54.192 Executing VM operation: ICBufferFull done
Event: 55.123 Executing VM operation: HandshakeAllThreads
Event: 55.134 Executing VM operation: HandshakeAllThreads done
Event: 56.137 Executing VM operation: Cleanup
Event: 56.146 Executing VM operation: Cleanup done
Event: 57.147 Executing VM operation: Cleanup
Event: 57.163 Executing VM operation: Cleanup done
Event: 58.166 Executing VM operation: Cleanup
Event: 58.182 Executing VM operation: Cleanup done
Event: 59.190 Executing VM operation: Cleanup
Event: 59.193 Executing VM operation: Cleanup done
Event: 60.145 Executing VM operation: HandshakeAllThreads
Event: 60.146 Executing VM operation: HandshakeAllThreads done
Event: 60.226 Executing VM operation: G1CollectForAllocation

Memory protections (0 events):
No events

Nmethod flushes (20 events):
Event: 55.424 Thread 0x0000016a3bbaeac0 flushing  nmethod 0x0000016a26318990
Event: 55.424 Thread 0x0000016a3bbaeac0 flushing  nmethod 0x0000016a26318d90
Event: 55.424 Thread 0x0000016a3bbaeac0 flushing  nmethod 0x0000016a26319810
Event: 55.424 Thread 0x0000016a3bbaeac0 flushing  nmethod 0x0000016a2631a290
Event: 55.424 Thread 0x0000016a3bbaeac0 flushing  nmethod 0x0000016a2631d090
Event: 55.424 Thread 0x0000016a3bbaeac0 flushing  nmethod 0x0000016a2631d810
Event: 55.424 Thread 0x0000016a3bbaeac0 flushing  nmethod 0x0000016a2631ee10
Event: 55.424 Thread 0x0000016a3bbaeac0 flushing  nmethod 0x0000016a2631f790
Event: 55.424 Thread 0x0000016a3bbaeac0 flushing  nmethod 0x0000016a26320210
Event: 55.424 Thread 0x0000016a3bbaeac0 flushing  nmethod 0x0000016a26321290
Event: 55.424 Thread 0x0000016a3bbaeac0 flushing  nmethod 0x0000016a26321b10
Event: 55.424 Thread 0x0000016a3bbaeac0 flushing  nmethod 0x0000016a26322b90
Event: 55.424 Thread 0x0000016a3bbaeac0 flushing  nmethod 0x0000016a26322f90
Event: 55.424 Thread 0x0000016a3bbaeac0 flushing  nmethod 0x0000016a26323610
Event: 55.424 Thread 0x0000016a3bbaeac0 flushing  nmethod 0x0000016a26324090
Event: 55.424 Thread 0x0000016a3bbaeac0 flushing  nmethod 0x0000016a26324f90
Event: 55.424 Thread 0x0000016a3bbaeac0 flushing  nmethod 0x0000016a26325910
Event: 55.425 Thread 0x0000016a3bbaeac0 flushing  nmethod 0x0000016a26326210
Event: 55.425 Thread 0x0000016a3bbaeac0 flushing  nmethod 0x0000016a26326d90
Event: 55.425 Thread 0x0000016a3bbaeac0 flushing  nmethod 0x0000016a26327110

Events (20 events):
Event: 10.239 Thread 0x0000016a5b567fa0 Thread added: 0x0000016a5bc4af70
Event: 11.156 Thread 0x0000016a5b567fa0 Thread added: 0x0000016a5ec1f0a0
Event: 11.260 Thread 0x0000016a5b567fa0 Thread added: 0x0000016a5ec1b8f0
Event: 11.791 Thread 0x0000016a5b567fa0 Thread added: 0x0000016a5ec19a90
Event: 11.896 Thread 0x0000016a5b567fa0 Thread added: 0x0000016a5ec1aed0
Event: 12.231 Thread 0x0000016a5b567fa0 Thread added: 0x0000016a5ec1ffd0
Event: 12.297 Thread 0x0000016a5b567fa0 Thread added: 0x0000016a5ec1c310
Event: 13.777 Thread 0x0000016a5b567fa0 Thread added: 0x0000016a5ec19070
Event: 13.820 Thread 0x0000016a5b567fa0 Thread added: 0x0000016a5ec1cd30
Event: 13.931 Thread 0x0000016a5b567fa0 Thread added: 0x0000016a5ec1d240
Event: 17.555 Thread 0x0000016a5b567fa0 Thread added: 0x0000016a5ec1fac0
Event: 17.556 Thread 0x0000016a5b567fa0 Thread added: 0x0000016a5ec1f5b0
Event: 17.963 Thread 0x0000016a5b567fa0 Thread added: 0x0000016a5ec1d750
Event: 17.989 Thread 0x0000016a5b567fa0 Thread added: 0x0000016a5ec19fa0
Event: 18.206 Thread 0x0000016a5b567fa0 Thread added: 0x0000016a5ec1e680
Event: 18.210 Thread 0x0000016a5b567fa0 Thread added: 0x0000016a5ec1eb90
Event: 23.035 Thread 0x0000016a5b567fa0 Thread added: 0x0000016a5ec1b3e0
Event: 23.035 Thread 0x0000016a5b567fa0 Thread added: 0x0000016a5ec1a4b0
Event: 36.808 Thread 0x0000016a5b567fa0 Thread added: 0x0000016a5ec1e170
Event: 49.718 Thread 0x0000016a5b567fa0 Thread added: 0x0000016a5ed5e790


Dynamic libraries:
0x00007ff76f6f0000 - 0x00007ff76f6fe000 	C:\Program Files\Microsoft\jdk-17.0.19.10-hotspot\bin\java.exe
0x00007ff85cfb0000 - 0x00007ff85d1a8000 	C:\WINDOWS\SYSTEM32\ntdll.dll
0x00007ff85b100000 - 0x00007ff85b1c2000 	C:\WINDOWS\System32\KERNEL32.DLL
0x00007ff85aad0000 - 0x00007ff85adc6000 	C:\WINDOWS\System32\KERNELBASE.dll
0x00007ff85a7c0000 - 0x00007ff85a8c0000 	C:\WINDOWS\System32\ucrtbase.dll
0x00007ff8568a0000 - 0x00007ff8568b8000 	C:\Program Files\Microsoft\jdk-17.0.19.10-hotspot\bin\jli.dll
0x00007ff85b670000 - 0x00007ff85b811000 	C:\WINDOWS\System32\USER32.dll
0x00007ff8566f0000 - 0x00007ff85670e000 	C:\Program Files\Microsoft\jdk-17.0.19.10-hotspot\bin\VCRUNTIME140.dll
0x00007ff85a6e0000 - 0x00007ff85a702000 	C:\WINDOWS\System32\win32u.dll
0x00007ff85bc00000 - 0x00007ff85bc2b000 	C:\WINDOWS\System32\GDI32.dll
0x00007ff8456b0000 - 0x00007ff84594b000 	C:\WINDOWS\WinSxS\amd64_microsoft.windows.common-controls_6595b64144ccf1df_6.0.19041.6456_none_60b8a6cb71f64256\COMCTL32.dll
0x00007ff85ae60000 - 0x00007ff85af79000 	C:\WINDOWS\System32\gdi32full.dll
0x00007ff85bb60000 - 0x00007ff85bbfe000 	C:\WINDOWS\System32\msvcrt.dll
0x00007ff85a640000 - 0x00007ff85a6dd000 	C:\WINDOWS\System32\msvcp_win.dll
0x00007ff85cdb0000 - 0x00007ff85cddf000 	C:\WINDOWS\System32\IMM32.DLL
0x00007ff856ac0000 - 0x00007ff856acc000 	C:\Program Files\Microsoft\jdk-17.0.19.10-hotspot\bin\vcruntime140_1.dll
0x00007ff833970000 - 0x00007ff8339f9000 	C:\Program Files\Microsoft\jdk-17.0.19.10-hotspot\bin\msvcp140.dll
0x00007ff804780000 - 0x00007ff8053fb000 	C:\Program Files\Microsoft\jdk-17.0.19.10-hotspot\bin\server\jvm.dll
0x00007ff85b9b0000 - 0x00007ff85ba61000 	C:\WINDOWS\System32\ADVAPI32.dll
0x00007ff85b060000 - 0x00007ff85b0ff000 	C:\WINDOWS\System32\sechost.dll
0x00007ff85cdf0000 - 0x00007ff85cf10000 	C:\WINDOWS\System32\RPCRT4.dll
0x00007ff85a790000 - 0x00007ff85a7b7000 	C:\WINDOWS\System32\bcrypt.dll
0x00007ff85c820000 - 0x00007ff85c88b000 	C:\WINDOWS\System32\WS2_32.dll
0x00007ff859b80000 - 0x00007ff859bcb000 	C:\WINDOWS\SYSTEM32\POWRPROF.dll
0x00007ff852680000 - 0x00007ff85268a000 	C:\WINDOWS\SYSTEM32\VERSION.dll
0x00007ff848f60000 - 0x00007ff848f87000 	C:\WINDOWS\SYSTEM32\WINMM.dll
0x00007ff859a40000 - 0x00007ff859a52000 	C:\WINDOWS\SYSTEM32\UMPDC.dll
0x00007ff858e50000 - 0x00007ff858e62000 	C:\WINDOWS\SYSTEM32\kernel.appcore.dll
0x00007ff8566e0000 - 0x00007ff8566ea000 	C:\Program Files\Microsoft\jdk-17.0.19.10-hotspot\bin\jimage.dll
0x00007ff858390000 - 0x00007ff858591000 	C:\WINDOWS\SYSTEM32\DBGHELP.DLL
0x00007ff83d130000 - 0x00007ff83d164000 	C:\WINDOWS\SYSTEM32\dbgcore.DLL
0x00007ff85add0000 - 0x00007ff85ae52000 	C:\WINDOWS\System32\bcryptPrimitives.dll
0x00007ff8566d0000 - 0x00007ff8566df000 	C:\Program Files\Microsoft\jdk-17.0.19.10-hotspot\bin\instrument.dll
0x00007ff8566a0000 - 0x00007ff8566c6000 	C:\Program Files\Microsoft\jdk-17.0.19.10-hotspot\bin\java.dll
0x00007ff82f460000 - 0x00007ff82f536000 	C:\Program Files\Microsoft\jdk-17.0.19.10-hotspot\bin\jsvml.dll
0x00007ff85bc30000 - 0x00007ff85c3a0000 	C:\WINDOWS\System32\SHELL32.dll
0x00007ff8585a0000 - 0x00007ff858d45000 	C:\WINDOWS\SYSTEM32\windows.storage.dll
0x00007ff85ca50000 - 0x00007ff85cda4000 	C:\WINDOWS\System32\combase.dll
0x00007ff85a070000 - 0x00007ff85a09b000 	C:\WINDOWS\SYSTEM32\Wldp.dll
0x00007ff85b4f0000 - 0x00007ff85b5bd000 	C:\WINDOWS\System32\OLEAUT32.dll
0x00007ff85b5c0000 - 0x00007ff85b66d000 	C:\WINDOWS\System32\SHCORE.dll
0x00007ff85cf10000 - 0x00007ff85cf6b000 	C:\WINDOWS\System32\shlwapi.dll
0x00007ff85a570000 - 0x00007ff85a594000 	C:\WINDOWS\SYSTEM32\profapi.dll
0x00007ff8565e0000 - 0x00007ff8565f8000 	C:\Program Files\Microsoft\jdk-17.0.19.10-hotspot\bin\zip.dll
0x00007ff8565c0000 - 0x00007ff8565db000 	C:\Program Files\Microsoft\jdk-17.0.19.10-hotspot\bin\net.dll
0x00007ff8519b0000 - 0x00007ff851aba000 	C:\WINDOWS\SYSTEM32\WINHTTP.dll
0x00007ff859dd0000 - 0x00007ff859e3a000 	C:\WINDOWS\system32\mswsock.dll
0x00007ff853ef0000 - 0x00007ff853f06000 	C:\Program Files\Microsoft\jdk-17.0.19.10-hotspot\bin\nio.dll
0x00007ff856150000 - 0x00007ff856160000 	C:\Program Files\Microsoft\jdk-17.0.19.10-hotspot\bin\verify.dll
0x00007ff8563b0000 - 0x00007ff8563d7000 	C:\Users\hp\.gradle\native\660c5614fbf4a5f2a75b1949f50a0caf5cd603558e7d8a26e50b933a0cfb79d1\windows-amd64\native-platform.dll
0x00007ff8343f0000 - 0x00007ff834467000 	C:\Users\hp\.gradle\native\0.2.8\x86_64-windows-gnu\gradle-fileevents.dll
0x00007ff853ee0000 - 0x00007ff853eea000 	C:\Program Files\Microsoft\jdk-17.0.19.10-hotspot\bin\management.dll
0x00007ff8533d0000 - 0x00007ff8533dc000 	C:\Program Files\Microsoft\jdk-17.0.19.10-hotspot\bin\management_ext.dll
0x00007ff85cde0000 - 0x00007ff85cde8000 	C:\WINDOWS\System32\PSAPI.DLL
0x00007ff859a60000 - 0x00007ff859a9b000 	C:\WINDOWS\SYSTEM32\IPHLPAPI.DLL
0x00007ff85c3a0000 - 0x00007ff85c3a8000 	C:\WINDOWS\System32\NSI.dll
0x00007ff8526b0000 - 0x00007ff8526c7000 	C:\WINDOWS\SYSTEM32\dhcpcsvc6.DLL
0x00007ff8528b0000 - 0x00007ff8528cd000 	C:\WINDOWS\SYSTEM32\dhcpcsvc.DLL
0x00007ff859ab0000 - 0x00007ff859b7a000 	C:\WINDOWS\SYSTEM32\DNSAPI.dll
0x00007ff853200000 - 0x00007ff853209000 	C:\Program Files\Microsoft\jdk-17.0.19.10-hotspot\bin\extnet.dll
0x00007ff859fc0000 - 0x00007ff859fd8000 	C:\WINDOWS\SYSTEM32\CRYPTSP.dll
0x00007ff859680000 - 0x00007ff8596b8000 	C:\WINDOWS\system32\rsaenh.dll
0x00007ff85a4f0000 - 0x00007ff85a51e000 	C:\WINDOWS\SYSTEM32\USERENV.dll
0x00007ff859fe0000 - 0x00007ff859fec000 	C:\WINDOWS\SYSTEM32\CRYPTBASE.dll
0x00007ff8531f0000 - 0x00007ff8531fe000 	C:\Program Files\Microsoft\jdk-17.0.19.10-hotspot\bin\sunmscapi.dll
0x00007ff85a8c0000 - 0x00007ff85aa1d000 	C:\WINDOWS\System32\CRYPT32.dll
0x00007ff85a0e0000 - 0x00007ff85a107000 	C:\WINDOWS\SYSTEM32\ncrypt.dll
0x00007ff85a0a0000 - 0x00007ff85a0db000 	C:\WINDOWS\SYSTEM32\NTASN1.dll
0x00007ff838050000 - 0x00007ff838057000 	C:\WINDOWS\system32\wshunix.dll

dbghelp: loaded successfully - version: 4.0.5 - missing functions: none
symbol engine: initialized successfully - sym options: 0x614 - pdb path: .;C:\Program Files\Microsoft\jdk-17.0.19.10-hotspot\bin;C:\WINDOWS\SYSTEM32;C:\WINDOWS\WinSxS\amd64_microsoft.windows.common-controls_6595b64144ccf1df_6.0.19041.6456_none_60b8a6cb71f64256;C:\Program Files\Microsoft\jdk-17.0.19.10-hotspot\bin\server;C:\Users\hp\.gradle\native\660c5614fbf4a5f2a75b1949f50a0caf5cd603558e7d8a26e50b933a0cfb79d1\windows-amd64;C:\Users\hp\.gradle\native\0.2.8\x86_64-windows-gnu

VM Arguments:
jvm_args: --add-opens=java.base/java.lang=ALL-UNNAMED --add-opens=java.base/java.lang.invoke=ALL-UNNAMED --add-opens=java.base/java.util=ALL-UNNAMED --add-opens=java.prefs/java.util.prefs=ALL-UNNAMED --add-exports=jdk.compiler/com.sun.tools.javac.api=ALL-UNNAMED --add-exports=jdk.compiler/com.sun.tools.javac.util=ALL-UNNAMED --add-opens=java.base/java.util=ALL-UNNAMED --add-opens=java.prefs/java.util.prefs=ALL-UNNAMED --add-opens=java.base/java.nio.charset=ALL-UNNAMED --add-opens=java.base/java.net=ALL-UNNAMED --add-opens=java.base/java.util.concurrent=ALL-UNNAMED --add-opens=java.base/java.util.concurrent.atomic=ALL-UNNAMED --add-opens=java.xml/javax.xml.namespace=ALL-UNNAMED --add-opens=java.base/java.time=ALL-UNNAMED -XX:MaxMetaspaceSize=512m -Xmx2048m -Dfile.encoding=UTF-8 -Duser.country=US -Duser.language=en -Duser.variant -javaagent:C:\Users\hp\.gradle\wrapper\dists\gradle-9.4.1-bin\arn2x92ynaizyzdaamcbpbhtj\gradle-9.4.1\lib\agents\gradle-instrumentation-agent-9.4.1.jar 
java_command: org.gradle.launcher.daemon.bootstrap.GradleDaemon 9.4.1
java_class_path (initial): C:\Users\hp\.gradle\wrapper\dists\gradle-9.4.1-bin\arn2x92ynaizyzdaamcbpbhtj\gradle-9.4.1\lib\gradle-daemon-main-9.4.1.jar
Launcher Type: SUN_STANDARD

[Global flags]
     intx CICompilerCount                          = 4                                         {product} {ergonomic}
   size_t CompressedClassSpaceSize                 = 436207616                                 {product} {ergonomic}
     uint ConcGCThreads                            = 2                                         {product} {ergonomic}
     uint G1ConcRefinementThreads                  = 8                                         {product} {ergonomic}
   size_t G1HeapRegionSize                         = 1048576                                   {product} {ergonomic}
    uintx GCDrainStackTargetSize                   = 64                                        {product} {ergonomic}
   size_t InitialHeapSize                          = 67108864                                  {product} {ergonomic}
   size_t MarkStackSize                            = 4194304                                   {product} {ergonomic}
   size_t MaxHeapSize                              = 2147483648                                {product} {command line}
   size_t MaxMetaspaceSize                         = 536870912                                 {product} {command line}
   size_t MaxNewSize                               = 1287651328                                {product} {ergonomic}
   size_t MinHeapDeltaBytes                        = 1048576                                   {product} {ergonomic}
   size_t MinHeapSize                              = 8388608                                   {product} {ergonomic}
    uintx NonNMethodCodeHeapSize                   = 5839372                                {pd product} {ergonomic}
    uintx NonProfiledCodeHeapSize                  = 122909434                              {pd product} {ergonomic}
    uintx ProfiledCodeHeapSize                     = 122909434                              {pd product} {ergonomic}
    uintx ReservedCodeCacheSize                    = 251658240                              {pd product} {ergonomic}
     bool SegmentedCodeCache                       = true                                      {product} {ergonomic}
   size_t SoftMaxHeapSize                          = 2147483648                             {manageable} {ergonomic}
     bool UseCompressedClassPointers               = true                           {product lp64_product} {ergonomic}
     bool UseCompressedOops                        = true                           {product lp64_product} {ergonomic}
     bool UseG1GC                                  = true                                      {product} {ergonomic}
     bool UseLargePagesIndividualAllocation        = false                                  {pd product} {ergonomic}

Logging:
Log output configuration:
 #0: stdout all=warning uptime,level,tags
 #1: stderr all=off uptime,level,tags

Environment Variables:
PATH=C:\Program Files\Microsoft\jdk-17.0.19.10-hotspot\bin;C:\Python314\Scripts\;C:\Python314\;C:\Windows\system32;C:\Windows;C:\Windows\System32\Wbem;C:\Windows\System32\WindowsPowerShell\v1.0\;C:\Windows\System32\OpenSSH\;C:\Program Files (x86)\NVIDIA Corporation\PhysX\Common;C:\WINDOWS\system32;C:\WINDOWS;C:\WINDOWS\System32\Wbem;C:\WINDOWS\System32\WindowsPowerShell\v1.0\;C:\WINDOWS\System32\OpenSSH\;C:\Program Files\nodejs\;C:\ProgramData\chocolatey\bin;C:\Program Files\Microsoft SQL Server\170\Tools\Binn\;C:\Program Files\Git\cmd;C:\Users\hp\AppData\Local\Microsoft\WindowsApps;C:\Users\hp\AppData\Roaming\npm;C:\Users\hp\.dotnet\tools;C:\Users\hp\AppData\Local\Programs\Microsoft VS Code\bin;C:\Users\hp\AppData\Local\Programs\Antigravity IDE\bin;C:\Users\hp\AppData\Local\GitHubDesktop\bin
USERNAME=hp
OS=Windows_NT
PROCESSOR_IDENTIFIER=Intel64 Family 6 Model 142 Stepping 12, GenuineIntel
TMP=C:\Users\hp\AppData\Local\Temp
TEMP=C:\Users\hp\AppData\Local\Temp



Periodic native trim disabled


---------------  S Y S T E M  ---------------

OS:
 Windows 10 , 64 bit Build 19041 (10.0.19041.5915)
OS uptime: 1 days 5:24 hours

CPU: total 8 (initial active 8) (4 cores per cpu, 2 threads per core) family 6 model 142 stepping 12 microcode 0xfa, cx8, cmov, fxsr, ht, mmx, 3dnowpref, sse, sse2, sse3, ssse3, sse4.1, sse4.2, popcnt, lzcnt, tsc, tscinvbit, avx, avx2, aes, erms, clmul, bmi1, bmi2, adx, fma, vzeroupper, clflush, clflushopt
Processor Information for the first 8 processors :
  Max Mhz: 1800, Current Mhz: 1600, Mhz Limit: 1584

Memory: 4k page, system-wide physical 3974M (97M free)
TotalPageFile size 16262M (AvailPageFile size 199M)
current process WorkingSet (physical memory assigned to process): 195M, peak: 307M
current process commit charge ("private bytes"): 559M, peak: 749M

vm_info: OpenJDK 64-Bit Server VM (17.0.19+10-LTS) for windows-amd64 JRE (17.0.19+10-LTS), built on Apr 18 2026 18:24:40 by "MicrosoftCorporation" with MS VC++ 17.14 (VS2022)

END.
